-- The C compiler identification is GNU 11.4.0
-- The CXX compiler identification is GNU 11.4.0
-- Detecting C compiler ABI info
-- Detecting C compiler ABI info - done
-- Check for working C compiler: /usr/bin/cc - skipped
-- Detecting C compile features
-- Detecting C compile features - done
-- Detecting CXX compiler ABI info
-- Detecting CXX compiler ABI info - done
-- Check for working CXX compiler: /usr/bin/c++ - skipped
-- Detecting CXX compile features
-- Detecting CXX compile features - done
-- Found ament_cmake: 1.3.11 (/opt/ros/humble/share/ament_cmake/cmake)
-- Found Python3: /usr/bin/python3 (found version "3.10.12") found components: Interpreter 
-- Override CMake install command with custom implementation using symlinks instead of copying resources
-- Found std_msgs: 4.2.4 (/opt/ros/humble/share/std_msgs/cmake)
-- Found rosidl_generator_c: 3.1.6 (/opt/ros/humble/share/rosidl_generator_c/cmake)
-- Found rosidl_adapter: 3.1.6 (/opt/ros/humble/share/rosidl_adapter/cmake)
-- Found rosidl_generator_cpp: 3.1.6 (/opt/ros/humble/share/rosidl_generator_cpp/cmake)
-- Using all available rosidl_typesupport_c: rosidl_typesupport_fastrtps_c;rosidl_typesupport_introspection_c
-- Using all available rosidl_typesupport_cpp: rosidl_typesupport_fastrtps_cpp;rosidl_typesupport_introspection_cpp
-- Found geometry_msgs: 4.2.4 (/opt/ros/humble/share/geometry_msgs/cmake)
-- Found sensor_msgs: 4.2.4 (/opt/ros/humble/share/sensor_msgs/cmake)
-- Found rosidl_default_generators: 1.2.0 (/opt/ros/humble/share/rosidl_default_generators/cmake)
-- Found ament_cmake_ros: 0.10.0 (/opt/ros/humble/share/ament_cmake_ros/cmake)
-- Using all available rosidl_typesupport_c: rosidl_typesupport_fastrtps_c;rosidl_typesupport_introspection_c
-- Using all available rosidl_typesupport_cpp: rosidl_typesupport_fastrtps_cpp;rosidl_typesupport_introspection_cpp
-- Found PythonInterp: /usr/bin/python3 (found suitable version "3.10.12", minimum required is "3.6") 
-- Found python_cmake_module: 0.10.0 (/opt/ros/humble/share/python_cmake_module/cmake)
-- Found PythonLibs: /usr/lib/x86_64-linux-gnu/libpython3.10.so (found suitable version "3.10.12", minimum required is "3.5") 
-- Using PYTHON_EXECUTABLE: /usr/bin/python3
-- Using PYTHON_INCLUDE_DIRS: /usr/include/python3.10
-- Using PYTHON_LIBRARIES: /usr/lib/x86_64-linux-gnu/libpython3.10.so
-- Found PythonExtra: .so  
-- Configuring done
-- Generating done
-- Build files have been written to: /root/ros2_ws/build/communication
[  1%] [34m[1mGenerating C code for ROS interfaces[0m
[  1%] Built target ament_cmake_python_symlink_communication
[  3%] [34m[1mGenerating C++ code for ROS interfaces[0m
running egg_info
creating communication.egg-info
writing communication.egg-info/PKG-INFO
writing dependency_links to communication.egg-info/dependency_links.txt
writing top-level names to communication.egg-info/top_level.txt
writing manifest file 'communication.egg-info/SOURCES.txt'
reading manifest file 'communication.egg-info/SOURCES.txt'
writing manifest file 'communication.egg-info/SOURCES.txt'
[  3%] Built target ament_cmake_python_build_communication_egg
[  3%] Built target communication__cpp
[  4%] [34m[1mGenerating C++ type support dispatch for ROS interfaces[0m
[  6%] [34m[1mGenerating C++ introspection for ROS interfaces[0m
[  7%] [34m[1mGenerating C++ type support for eProsima Fast-RTPS[0m
[  9%] [32mBuilding C object CMakeFiles/communication__rosidl_generator_c.dir/rosidl_generator_c/communication/msg/detail/motion_commands__functions.c.o[0m
[ 11%] [32mBuilding C object CMakeFiles/communication__rosidl_generator_c.dir/rosidl_generator_c/communication/srv/detail/gait_switch__functions.c.o[0m
[ 12%] [32mBuilding C object CMakeFiles/communication__rosidl_generator_c.dir/rosidl_generator_c/communication/msg/detail/actuator_cmds__functions.c.o[0m
[ 14%] [32mBuilding C object CMakeFiles/communication__rosidl_generator_c.dir/rosidl_generator_c/communication/msg/detail/touch_sensor__functions.c.o[0m
[ 15%] [32mBuilding C object CMakeFiles/communication__rosidl_generator_c.dir/rosidl_generator_c/communication/srv/detail/simulation_reset__functions.c.o[0m
[ 17%] [32m[1mLinking C shared library libcommunication__rosidl_generator_c.so[0m
[ 17%] Built target communication__rosidl_generator_c
[ 19%] [34m[1mGenerating C type support for eProsima Fast-RTPS[0m
[ 20%] [34m[1mGenerating C type support dispatch for ROS interfaces[0m
[ 22%] [34m[1mGenerating C introspection for ROS interfaces[0m
[ 23%] [32mBuilding CXX object CMakeFiles/communication__rosidl_typesupport_cpp.dir/rosidl_typesupport_cpp/communication/srv/simulation_reset__type_support.cpp.o[0m
[ 25%] [32mBuilding CXX object CMakeFiles/communication__rosidl_typesupport_cpp.dir/rosidl_typesupport_cpp/communication/msg/actuator_cmds__type_support.cpp.o[0m
[ 26%] [32mBuilding CXX object CMakeFiles/communication__rosidl_typesupport_cpp.dir/rosidl_typesupport_cpp/communication/msg/motion_commands__type_support.cpp.o[0m
[ 28%] [32mBuilding CXX object CMakeFiles/communication__rosidl_typesupport_cpp.dir/rosidl_typesupport_cpp/communication/msg/touch_sensor__type_support.cpp.o[0m
[ 30%] [32mBuilding CXX object CMakeFiles/communication__rosidl_typesupport_cpp.dir/rosidl_typesupport_cpp/communication/srv/gait_switch__type_support.cpp.o[0m
[ 31%] [32mBuilding CXX object CMakeFiles/communication__rosidl_typesupport_introspection_cpp.dir/rosidl_typesupport_introspection_cpp/communication/msg/detail/actuator_cmds__type_support.cpp.o[0m
[ 33%] [32mBuilding CXX object CMakeFiles/communication__rosidl_typesupport_introspection_cpp.dir/rosidl_typesupport_introspection_cpp/communication/msg/detail/touch_sensor__type_support.cpp.o[0m
[ 34%] [32mBuilding CXX object CMakeFiles/communication__rosidl_typesupport_introspection_cpp.dir/rosidl_typesupport_introspection_cpp/communication/msg/detail/motion_commands__type_support.cpp.o[0m
[ 36%] [32mBuilding CXX object CMakeFiles/communication__rosidl_typesupport_introspection_cpp.dir/rosidl_typesupport_introspection_cpp/communication/srv/detail/simulation_reset__type_support.cpp.o[0m
[ 38%] [32mBuilding CXX object CMakeFiles/communication__rosidl_typesupport_introspection_cpp.dir/rosidl_typesupport_introspection_cpp/communication/srv/detail/gait_switch__type_support.cpp.o[0m
[ 39%] [32mBuilding CXX object CMakeFiles/communication__rosidl_typesupport_fastrtps_cpp.dir/rosidl_typesupport_fastrtps_cpp/communication/msg/detail/dds_fastrtps/motion_commands__type_support.cpp.o[0m
[ 41%] [32mBuilding CXX object CMakeFiles/communication__rosidl_typesupport_fastrtps_cpp.dir/rosidl_typesupport_fastrtps_cpp/communication/msg/detail/dds_fastrtps/actuator_cmds__type_support.cpp.o[0m
[ 42%] [32mBuilding CXX object CMakeFiles/communication__rosidl_typesupport_fastrtps_cpp.dir/rosidl_typesupport_fastrtps_cpp/communication/msg/detail/dds_fastrtps/touch_sensor__type_support.cpp.o[0m
[ 44%] [32mBuilding CXX object CMakeFiles/communication__rosidl_typesupport_fastrtps_cpp.dir/rosidl_typesupport_fastrtps_cpp/communication/srv/detail/dds_fastrtps/simulation_reset__type_support.cpp.o[0m
[ 46%] [32mBuilding CXX object CMakeFiles/communication__rosidl_typesupport_fastrtps_cpp.dir/rosidl_typesupport_fastrtps_cpp/communication/srv/detail/dds_fastrtps/gait_switch__type_support.cpp.o[0m
[ 47%] [32mBuilding CXX object CMakeFiles/communication__rosidl_typesupport_c.dir/rosidl_typesupport_c/communication/msg/actuator_cmds__type_support.cpp.o[0m
[ 49%] [32m[1mLinking CXX shared library libcommunication__rosidl_typesupport_cpp.so[0m
[ 50%] [32mBuilding CXX object CMakeFiles/communication__rosidl_typesupport_c.dir/rosidl_typesupport_c/communication/msg/motion_commands__type_support.cpp.o[0m
[ 52%] [32mBuilding CXX object CMakeFiles/communication__rosidl_typesupport_c.dir/rosidl_typesupport_c/communication/msg/touch_sensor__type_support.cpp.o[0m
[ 53%] [32mBuilding CXX object CMakeFiles/communication__rosidl_typesupport_c.dir/rosidl_typesupport_c/communication/srv/simulation_reset__type_support.cpp.o[0m
[ 55%] [32mBuilding CXX object CMakeFiles/communication__rosidl_typesupport_fastrtps_c.dir/rosidl_typesupport_fastrtps_c/communication/msg/detail/actuator_cmds__type_support_c.cpp.o[0m
[ 57%] [32mBuilding CXX object CMakeFiles/communication__rosidl_typesupport_fastrtps_c.dir/rosidl_typesupport_fastrtps_c/communication/msg/detail/motion_commands__type_support_c.cpp.o[0m
[ 58%] [32mBuilding CXX object CMakeFiles/communication__rosidl_typesupport_c.dir/rosidl_typesupport_c/communication/srv/gait_switch__type_support.cpp.o[0m
[ 58%] Built target communication__rosidl_typesupport_cpp
[ 60%] [32mBuilding CXX object CMakeFiles/communication__rosidl_typesupport_fastrtps_c.dir/rosidl_typesupport_fastrtps_c/communication/msg/detail/touch_sensor__type_support_c.cpp.o[0m
[ 61%] [32mBuilding CXX object CMakeFiles/communication__rosidl_typesupport_fastrtps_c.dir/rosidl_typesupport_fastrtps_c/communication/srv/detail/simulation_reset__type_support_c.cpp.o[0m
[ 63%] [32mBuilding CXX object CMakeFiles/communication__rosidl_typesupport_fastrtps_c.dir/rosidl_typesupport_fastrtps_c/communication/srv/detail/gait_switch__type_support_c.cpp.o[0m
[ 65%] [32m[1mLinking CXX shared library libcommunication__rosidl_typesupport_c.so[0m
[ 66%] [32mBuilding C object CMakeFiles/communication__rosidl_typesupport_introspection_c.dir/rosidl_typesupport_introspection_c/communication/msg/detail/actuator_cmds__type_support.c.o[0m
[ 68%] [32mBuilding C object CMakeFiles/communication__rosidl_typesupport_introspection_c.dir/rosidl_typesupport_introspection_c/communication/msg/detail/motion_commands__type_support.c.o[0m
[ 69%] [32mBuilding C object CMakeFiles/communication__rosidl_typesupport_introspection_c.dir/rosidl_typesupport_introspection_c/communication/msg/detail/touch_sensor__type_support.c.o[0m
[ 71%] [32mBuilding C object CMakeFiles/communication__rosidl_typesupport_introspection_c.dir/rosidl_typesupport_introspection_c/communication/srv/detail/simulation_reset__type_support.c.o[0m
[ 71%] Built target communication__rosidl_typesupport_c
[ 73%] [32mBuilding C object CMakeFiles/communication__rosidl_typesupport_introspection_c.dir/rosidl_typesupport_introspection_c/communication/srv/detail/gait_switch__type_support.c.o[0m
[ 74%] [32m[1mLinking CXX shared library libcommunication__rosidl_typesupport_introspection_cpp.so[0m
[ 76%] [32m[1mLinking C shared library libcommunication__rosidl_typesupport_introspection_c.so[0m
[ 76%] Built target communication__rosidl_typesupport_introspection_c
[ 76%] Built target communication__rosidl_typesupport_introspection_cpp
[ 77%] [32m[1mLinking CXX shared library libcommunication__rosidl_typesupport_fastrtps_cpp.so[0m
[ 77%] Built target communication__rosidl_typesupport_fastrtps_cpp
[ 79%] [32m[1mLinking CXX shared library libcommunication__rosidl_typesupport_fastrtps_c.so[0m
[ 79%] Built target communication__rosidl_typesupport_fastrtps_c
[ 79%] Built target communication
[ 80%] [34m[1mGenerating Python code for ROS interfaces[0m
[ 80%] Built target communication__py
[ 82%] [32mBuilding C object CMakeFiles/communication__rosidl_generator_py.dir/rosidl_generator_py/communication/msg/_motion_commands_s.c.o[0m
[ 84%] [32mBuilding C object CMakeFiles/communication__rosidl_generator_py.dir/rosidl_generator_py/communication/msg/_actuator_cmds_s.c.o[0m
[ 85%] [32mBuilding C object CMakeFiles/communication__rosidl_generator_py.dir/rosidl_generator_py/communication/srv/_simulation_reset_s.c.o[0m
[ 87%] [32mBuilding C object CMakeFiles/communication__rosidl_generator_py.dir/rosidl_generator_py/communication/msg/_touch_sensor_s.c.o[0m
[ 88%] [32mBuilding C object CMakeFiles/communication__rosidl_generator_py.dir/rosidl_generator_py/communication/srv/_gait_switch_s.c.o[0m
[ 90%] [32m[1mLinking C shared library rosidl_generator_py/communication/libcommunication__rosidl_generator_py.so[0m
[ 90%] Built target communication__rosidl_generator_py
[ 93%] [32mBuilding C object CMakeFiles/communication__rosidl_typesupport_fastrtps_c__pyext.dir/rosidl_generator_py/communication/_communication_s.ep.rosidl_typesupport_fastrtps_c.c.o[0m
[ 93%] [32mBuilding C object CMakeFiles/communication__rosidl_typesupport_c__pyext.dir/rosidl_generator_py/communication/_communication_s.ep.rosidl_typesupport_c.c.o[0m
[ 95%] [32mBuilding C object CMakeFiles/communication__rosidl_typesupport_introspection_c__pyext.dir/rosidl_generator_py/communication/_communication_s.ep.rosidl_typesupport_introspection_c.c.o[0m
[ 96%] [32m[1mLinking C shared library rosidl_generator_py/communication/communication_s__rosidl_typesupport_fastrtps_c.cpython-310-x86_64-linux-gnu.so[0m
[ 98%] [32m[1mLinking C shared library rosidl_generator_py/communication/communication_s__rosidl_typesupport_introspection_c.cpython-310-x86_64-linux-gnu.so[0m
[100%] [32m[1mLinking C shared library rosidl_generator_py/communication/communication_s__rosidl_typesupport_c.cpython-310-x86_64-linux-gnu.so[0m
[100%] Built target communication__rosidl_typesupport_fastrtps_c__pyext
[100%] Built target communication__rosidl_typesupport_introspection_c__pyext
[100%] Built target communication__rosidl_typesupport_c__pyext
-- Install configuration: ""
-- Execute custom install script
-- Symlinking: /root/ros2_ws/install/communication/share/ament_index/resource_index/rosidl_interfaces/communication
-- Symlinking: /root/ros2_ws/install/communication/include/communication/communication/msg/actuator_cmds.h
-- Symlinking: /root/ros2_ws/install/communication/include/communication/communication/msg/detail/actuator_cmds__functions.h
-- Symlinking: /root/ros2_ws/install/communication/include/communication/communication/msg/detail/actuator_cmds__struct.h
-- Symlinking: /root/ros2_ws/install/communication/include/communication/communication/msg/detail/actuator_cmds__type_support.h
-- Symlinking: /root/ros2_ws/install/communication/include/communication/communication/msg/detail/motion_commands__functions.h
-- Symlinking: /root/ros2_ws/install/communication/include/communication/communication/msg/detail/motion_commands__struct.h
-- Symlinking: /root/ros2_ws/install/communication/include/communication/communication/msg/detail/motion_commands__type_support.h
-- Symlinking: /root/ros2_ws/install/communication/include/communication/communication/msg/detail/touch_sensor__functions.h
-- Symlinking: /root/ros2_ws/install/communication/include/communication/communication/msg/detail/touch_sensor__struct.h
-- Symlinking: /root/ros2_ws/install/communication/include/communication/communication/msg/detail/touch_sensor__type_support.h
-- Symlinking: /root/ros2_ws/install/communication/include/communication/communication/msg/motion_commands.h
-- Symlinking: /root/ros2_ws/install/communication/include/communication/communication/msg/rosidl_generator_c__visibility_control.h
-- Symlinking: /root/ros2_ws/install/communication/include/communication/communication/msg/touch_sensor.h
-- Symlinking: /root/ros2_ws/install/communication/include/communication/communication/srv/detail/gait_switch__functions.h
-- Symlinking: /root/ros2_ws/install/communication/include/communication/communication/srv/detail/gait_switch__struct.h
-- Symlinking: /root/ros2_ws/install/communication/include/communication/communication/srv/detail/gait_switch__type_support.h
-- Symlinking: /root/ros2_ws/install/communication/include/communication/communication/srv/detail/simulation_reset__functions.h
-- Symlinking: /root/ros2_ws/install/communication/include/communication/communication/srv/detail/simulation_reset__struct.h
-- Symlinking: /root/ros2_ws/install/communication/include/communication/communication/srv/detail/simulation_reset__type_support.h
-- Symlinking: /root/ros2_ws/install/communication/include/communication/communication/srv/gait_switch.h
-- Symlinking: /root/ros2_ws/install/communication/include/communication/communication/srv/simulation_reset.h
-- Symlinking: /root/ros2_ws/install/communication/share/communication/environment/library_path.sh
-- Symlinking: /root/ros2_ws/install/communication/share/communication/environment/library_path.dsv
-- Symlinking: /root/ros2_ws/install/communication/include/communication/communication/msg/detail/actuator_cmds__rosidl_typesupport_fastrtps_c.h
-- Symlinking: /root/ros2_ws/install/communication/include/communication/communication/msg/detail/motion_commands__rosidl_typesupport_fastrtps_c.h
-- Symlinking: /root/ros2_ws/install/communication/include/communication/communication/msg/detail/touch_sensor__rosidl_typesupport_fastrtps_c.h
-- Symlinking: /root/ros2_ws/install/communication/include/communication/communication/msg/rosidl_typesupport_fastrtps_c__visibility_control.h
-- Symlinking: /root/ros2_ws/install/communication/include/communication/communication/srv/detail/gait_switch__rosidl_typesupport_fastrtps_c.h
-- Symlinking: /root/ros2_ws/install/communication/include/communication/communication/srv/detail/simulation_reset__rosidl_typesupport_fastrtps_c.h
-- Symlinking: /root/ros2_ws/install/communication/include/communication/communication/msg/actuator_cmds.hpp
-- Symlinking: /root/ros2_ws/install/communication/include/communication/communication/msg/detail/actuator_cmds__builder.hpp
-- Symlinking: /root/ros2_ws/install/communication/include/communication/communication/msg/detail/actuator_cmds__struct.hpp
-- Symlinking: /root/ros2_ws/install/communication/include/communication/communication/msg/detail/actuator_cmds__traits.hpp
-- Symlinking: /root/ros2_ws/install/communication/include/communication/communication/msg/detail/actuator_cmds__type_support.hpp
-- Symlinking: /root/ros2_ws/install/communication/include/communication/communication/msg/detail/motion_commands__builder.hpp
-- Symlinking: /root/ros2_ws/install/communication/include/communication/communication/msg/detail/motion_commands__struct.hpp
-- Symlinking: /root/ros2_ws/install/communication/include/communication/communication/msg/detail/motion_commands__traits.hpp
-- Symlinking: /root/ros2_ws/install/communication/include/communication/communication/msg/detail/motion_commands__type_support.hpp
-- Symlinking: /root/ros2_ws/install/communication/include/communication/communication/msg/detail/touch_sensor__builder.hpp
-- Symlinking: /root/ros2_ws/install/communication/include/communication/communication/msg/detail/touch_sensor__struct.hpp
-- Symlinking: /root/ros2_ws/install/communication/include/communication/communication/msg/detail/touch_sensor__traits.hpp
-- Symlinking: /root/ros2_ws/install/communication/include/communication/communication/msg/detail/touch_sensor__type_support.hpp
-- Symlinking: /root/ros2_ws/install/communication/include/communication/communication/msg/motion_commands.hpp
-- Symlinking: /root/ros2_ws/install/communication/include/communication/communication/msg/rosidl_generator_cpp__visibility_control.hpp
-- Symlinking: /root/ros2_ws/install/communication/include/communication/communication/msg/touch_sensor.hpp
-- Symlinking: /root/ros2_ws/install/communication/include/communication/communication/srv/detail/gait_switch__builder.hpp
-- Symlinking: /root/ros2_ws/install/communication/include/communication/communication/srv/detail/gait_switch__struct.hpp
-- Symlinking: /root/ros2_ws/install/communication/include/communication/communication/srv/detail/gait_switch__traits.hpp
-- Symlinking: /root/ros2_ws/install/communication/include/communication/communication/srv/detail/gait_switch__type_support.hpp
-- Symlinking: /root/ros2_ws/install/communication/include/communication/communication/srv/detail/simulation_reset__builder.hpp
-- Symlinking: /root/ros2_ws/install/communication/include/communication/communication/srv/detail/simulation_reset__struct.hpp
-- Symlinking: /root/ros2_ws/install/communication/include/communication/communication/srv/detail/simulation_reset__traits.hpp
-- Symlinking: /root/ros2_ws/install/communication/include/communication/communication/srv/detail/simulation_reset__type_support.hpp
-- Symlinking: /root/ros2_ws/install/communication/include/communication/communication/srv/gait_switch.hpp
-- Symlinking: /root/ros2_ws/install/communication/include/communication/communication/srv/simulation_reset.hpp
-- Symlinking: /root/ros2_ws/install/communication/include/communication/communication/msg/detail/actuator_cmds__rosidl_typesupport_fastrtps_cpp.hpp
-- Symlinking: /root/ros2_ws/install/communication/include/communication/communication/msg/detail/motion_commands__rosidl_typesupport_fastrtps_cpp.hpp
-- Symlinking: /root/ros2_ws/install/communication/include/communication/communication/msg/detail/touch_sensor__rosidl_typesupport_fastrtps_cpp.hpp
-- Symlinking: /root/ros2_ws/install/communication/include/communication/communication/msg/rosidl_typesupport_fastrtps_cpp__visibility_control.h
-- Symlinking: /root/ros2_ws/install/communication/include/communication/communication/srv/detail/gait_switch__rosidl_typesupport_fastrtps_cpp.hpp
-- Symlinking: /root/ros2_ws/install/communication/include/communication/communication/srv/detail/simulation_reset__rosidl_typesupport_fastrtps_cpp.hpp
-- Symlinking: /root/ros2_ws/install/communication/include/communication/communication/msg/detail/actuator_cmds__rosidl_typesupport_introspection_c.h
-- Symlinking: /root/ros2_ws/install/communication/include/communication/communication/msg/detail/motion_commands__rosidl_typesupport_introspection_c.h
-- Symlinking: /root/ros2_ws/install/communication/include/communication/communication/msg/detail/touch_sensor__rosidl_typesupport_introspection_c.h
-- Symlinking: /root/ros2_ws/install/communication/include/communication/communication/msg/rosidl_typesupport_introspection_c__visibility_control.h
-- Symlinking: /root/ros2_ws/install/communication/include/communication/communication/srv/detail/gait_switch__rosidl_typesupport_introspection_c.h
-- Symlinking: /root/ros2_ws/install/communication/include/communication/communication/srv/detail/simulation_reset__rosidl_typesupport_introspection_c.h
-- Symlinking: /root/ros2_ws/install/communication/include/communication/communication/msg/detail/actuator_cmds__rosidl_typesupport_introspection_cpp.hpp
-- Symlinking: /root/ros2_ws/install/communication/include/communication/communication/msg/detail/motion_commands__rosidl_typesupport_introspection_cpp.hpp
-- Symlinking: /root/ros2_ws/install/communication/include/communication/communication/msg/detail/touch_sensor__rosidl_typesupport_introspection_cpp.hpp
-- Symlinking: /root/ros2_ws/install/communication/include/communication/communication/srv/detail/gait_switch__rosidl_typesupport_introspection_cpp.hpp
-- Symlinking: /root/ros2_ws/install/communication/include/communication/communication/srv/detail/simulation_reset__rosidl_typesupport_introspection_cpp.hpp
-- Symlinking: /root/ros2_ws/install/communication/share/communication/environment/pythonpath.sh
-- Symlinking: /root/ros2_ws/install/communication/share/communication/environment/pythonpath.dsv
-- Symlinking: /root/ros2_ws/install/communication/local/lib/python3.10/dist-packages/communication-0.0.0-py3.10.egg-info/PKG-INFO
-- Symlinking: /root/ros2_ws/install/communication/local/lib/python3.10/dist-packages/communication-0.0.0-py3.10.egg-info/SOURCES.txt
-- Symlinking: /root/ros2_ws/install/communication/local/lib/python3.10/dist-packages/communication-0.0.0-py3.10.egg-info/dependency_links.txt
-- Symlinking: /root/ros2_ws/install/communication/local/lib/python3.10/dist-packages/communication-0.0.0-py3.10.egg-info/top_level.txt
-- Symlinking: /root/ros2_ws/install/communication/local/lib/python3.10/dist-packages/communication/__init__.py
-- Symlinking: /root/ros2_ws/install/communication/local/lib/python3.10/dist-packages/communication/_communication_s.ep.rosidl_typesupport_c.c
-- Symlinking: /root/ros2_ws/install/communication/local/lib/python3.10/dist-packages/communication/_communication_s.ep.rosidl_typesupport_fastrtps_c.c
-- Symlinking: /root/ros2_ws/install/communication/local/lib/python3.10/dist-packages/communication/_communication_s.ep.rosidl_typesupport_introspection_c.c
-- Symlinking: /root/ros2_ws/install/communication/local/lib/python3.10/dist-packages/communication/communication_s__rosidl_typesupport_c.cpython-310-x86_64-linux-gnu.so
-- Symlinking: /root/ros2_ws/install/communication/local/lib/python3.10/dist-packages/communication/communication_s__rosidl_typesupport_fastrtps_c.cpython-310-x86_64-linux-gnu.so
-- Symlinking: /root/ros2_ws/install/communication/local/lib/python3.10/dist-packages/communication/communication_s__rosidl_typesupport_introspection_c.cpython-310-x86_64-linux-gnu.so
-- Symlinking: /root/ros2_ws/install/communication/local/lib/python3.10/dist-packages/communication/libcommunication__rosidl_generator_py.so
-- Symlinking: /root/ros2_ws/install/communication/local/lib/python3.10/dist-packages/communication/msg/__init__.py
-- Symlinking: /root/ros2_ws/install/communication/local/lib/python3.10/dist-packages/communication/msg/_actuator_cmds.py
-- Symlinking: /root/ros2_ws/install/communication/local/lib/python3.10/dist-packages/communication/msg/_actuator_cmds_s.c
-- Symlinking: /root/ros2_ws/install/communication/local/lib/python3.10/dist-packages/communication/msg/_motion_commands.py
-- Symlinking: /root/ros2_ws/install/communication/local/lib/python3.10/dist-packages/communication/msg/_motion_commands_s.c
-- Symlinking: /root/ros2_ws/install/communication/local/lib/python3.10/dist-packages/communication/msg/_touch_sensor.py
-- Symlinking: /root/ros2_ws/install/communication/local/lib/python3.10/dist-packages/communication/msg/_touch_sensor_s.c
-- Symlinking: /root/ros2_ws/install/communication/local/lib/python3.10/dist-packages/communication/srv/__init__.py
-- Symlinking: /root/ros2_ws/install/communication/local/lib/python3.10/dist-packages/communication/srv/_gait_switch.py
-- Symlinking: /root/ros2_ws/install/communication/local/lib/python3.10/dist-packages/communication/srv/_gait_switch_s.c
-- Symlinking: /root/ros2_ws/install/communication/local/lib/python3.10/dist-packages/communication/srv/_simulation_reset.py
-- Symlinking: /root/ros2_ws/install/communication/local/lib/python3.10/dist-packages/communication/srv/_simulation_reset_s.c
-- Up-to-date symlink: /root/ros2_ws/install/communication/local/lib/python3.10/dist-packages/communication/communication_s__rosidl_typesupport_fastrtps_c.cpython-310-x86_64-linux-gnu.so
-- Up-to-date symlink: /root/ros2_ws/install/communication/local/lib/python3.10/dist-packages/communication/communication_s__rosidl_typesupport_introspection_c.cpython-310-x86_64-linux-gnu.so
-- Up-to-date symlink: /root/ros2_ws/install/communication/local/lib/python3.10/dist-packages/communication/communication_s__rosidl_typesupport_c.cpython-310-x86_64-linux-gnu.so
-- Symlinking: /root/ros2_ws/install/communication/share/communication/msg/ActuatorCmds.idl
-- Symlinking: /root/ros2_ws/install/communication/share/communication/msg/MotionCommands.idl
-- Symlinking: /root/ros2_ws/install/communication/share/communication/msg/TouchSensor.idl
-- Symlinking: /root/ros2_ws/install/communication/share/communication/srv/SimulationReset.idl
-- Symlinking: /root/ros2_ws/install/communication/share/communication/srv/GaitSwitch.idl
-- Symlinking: /root/ros2_ws/install/communication/share/communication/msg/ActuatorCmds.msg
-- Symlinking: /root/ros2_ws/install/communication/share/communication/msg/MotionCommands.msg
-- Symlinking: /root/ros2_ws/install/communication/share/communication/msg/TouchSensor.msg
-- Symlinking: /root/ros2_ws/install/communication/share/communication/srv/SimulationReset.srv
-- Symlinking: /root/ros2_ws/install/communication/share/communication/srv/SimulationReset_Request.msg
-- Symlinking: /root/ros2_ws/install/communication/share/communication/srv/SimulationReset_Response.msg
-- Symlinking: /root/ros2_ws/install/communication/share/communication/srv/GaitSwitch.srv
-- Symlinking: /root/ros2_ws/install/communication/share/communication/srv/GaitSwitch_Request.msg
-- Symlinking: /root/ros2_ws/install/communication/share/communication/srv/GaitSwitch_Response.msg
-- Symlinking: /root/ros2_ws/install/communication/share/ament_index/resource_index/package_run_dependencies/communication
-- Symlinking: /root/ros2_ws/install/communication/share/ament_index/resource_index/parent_prefix_path/communication
-- Symlinking: /root/ros2_ws/install/communication/share/communication/environment/ament_prefix_path.sh
-- Symlinking: /root/ros2_ws/install/communication/share/communication/environment/ament_prefix_path.dsv
-- Symlinking: /root/ros2_ws/install/communication/share/communication/environment/path.sh
-- Symlinking: /root/ros2_ws/install/communication/share/communication/environment/path.dsv
-- Symlinking: /root/ros2_ws/install/communication/share/communication/local_setup.bash
-- Symlinking: /root/ros2_ws/install/communication/share/communication/local_setup.sh
-- Symlinking: /root/ros2_ws/install/communication/share/communication/local_setup.zsh
-- Symlinking: /root/ros2_ws/install/communication/share/communication/local_setup.dsv
-- Symlinking: /root/ros2_ws/install/communication/share/communication/package.dsv
-- Symlinking: /root/ros2_ws/install/communication/share/ament_index/resource_index/packages/communication
-- Symlinking: /root/ros2_ws/install/communication/share/communication/cmake/rosidl_cmake-extras.cmake
-- Symlinking: /root/ros2_ws/install/communication/share/communication/cmake/ament_cmake_export_dependencies-extras.cmake
-- Symlinking: /root/ros2_ws/install/communication/share/communication/cmake/ament_cmake_export_include_directories-extras.cmake
-- Symlinking: /root/ros2_ws/install/communication/share/communication/cmake/ament_cmake_export_libraries-extras.cmake
-- Symlinking: /root/ros2_ws/install/communication/share/communication/cmake/ament_cmake_export_targets-extras.cmake
-- Symlinking: /root/ros2_ws/install/communication/share/communication/cmake/rosidl_cmake_export_typesupport_targets-extras.cmake
-- Symlinking: /root/ros2_ws/install/communication/share/communication/cmake/rosidl_cmake_export_typesupport_libraries-extras.cmake
-- Symlinking: /root/ros2_ws/install/communication/share/communication/cmake/communicationConfig.cmake
-- Symlinking: /root/ros2_ws/install/communication/share/communication/cmake/communicationConfig-version.cmake
-- Symlinking: /root/ros2_ws/install/communication/share/communication/package.xml
-- Installing: /root/ros2_ws/install/communication/lib/libcommunication__rosidl_generator_c.so
-- Set runtime path of "/root/ros2_ws/install/communication/lib/libcommunication__rosidl_generator_c.so" to ""
-- Installing: /root/ros2_ws/install/communication/lib/libcommunication__rosidl_typesupport_fastrtps_c.so
-- Set runtime path of "/root/ros2_ws/install/communication/lib/libcommunication__rosidl_typesupport_fastrtps_c.so" to ""
-- Installing: /root/ros2_ws/install/communication/lib/libcommunication__rosidl_typesupport_fastrtps_cpp.so
-- Set runtime path of "/root/ros2_ws/install/communication/lib/libcommunication__rosidl_typesupport_fastrtps_cpp.so" to ""
-- Installing: /root/ros2_ws/install/communication/lib/libcommunication__rosidl_typesupport_introspection_c.so
-- Set runtime path of "/root/ros2_ws/install/communication/lib/libcommunication__rosidl_typesupport_introspection_c.so" to ""
-- Installing: /root/ros2_ws/install/communication/lib/libcommunication__rosidl_typesupport_c.so
-- Set runtime path of "/root/ros2_ws/install/communication/lib/libcommunication__rosidl_typesupport_c.so" to ""
-- Installing: /root/ros2_ws/install/communication/lib/libcommunication__rosidl_typesupport_introspection_cpp.so
-- Set runtime path of "/root/ros2_ws/install/communication/lib/libcommunication__rosidl_typesupport_introspection_cpp.so" to ""
-- Installing: /root/ros2_ws/install/communication/lib/libcommunication__rosidl_typesupport_cpp.so
-- Set runtime path of "/root/ros2_ws/install/communication/lib/libcommunication__rosidl_typesupport_cpp.so" to ""
Listing '/root/ros2_ws/install/communication/local/lib/python3.10/dist-packages/communication'...
Compiling '/root/ros2_ws/install/communication/local/lib/python3.10/dist-packages/communication/__init__.py'...
Listing '/root/ros2_ws/install/communication/local/lib/python3.10/dist-packages/communication/msg'...
Compiling '/root/ros2_ws/install/communication/local/lib/python3.10/dist-packages/communication/msg/__init__.py'...
Compiling '/root/ros2_ws/install/communication/local/lib/python3.10/dist-packages/communication/msg/_actuator_cmds.py'...
Compiling '/root/ros2_ws/install/communication/local/lib/python3.10/dist-packages/communication/msg/_motion_commands.py'...
Compiling '/root/ros2_ws/install/communication/local/lib/python3.10/dist-packages/communication/msg/_touch_sensor.py'...
Listing '/root/ros2_ws/install/communication/local/lib/python3.10/dist-packages/communication/srv'...
Compiling '/root/ros2_ws/install/communication/local/lib/python3.10/dist-packages/communication/srv/__init__.py'...
Compiling '/root/ros2_ws/install/communication/local/lib/python3.10/dist-packages/communication/srv/_gait_switch.py'...
Compiling '/root/ros2_ws/install/communication/local/lib/python3.10/dist-packages/communication/srv/_simulation_reset.py'...
-- Installing: /root/ros2_ws/install/communication/lib/libcommunication__rosidl_generator_py.so
-- Set runtime path of "/root/ros2_ws/install/communication/lib/libcommunication__rosidl_generator_py.so" to ""
-- Installing: /root/ros2_ws/install/communication/share/communication/cmake/export_communication__rosidl_generator_cExport.cmake
-- Installing: /root/ros2_ws/install/communication/share/communication/cmake/export_communication__rosidl_generator_cExport-noconfig.cmake
-- Installing: /root/ros2_ws/install/communication/share/communication/cmake/export_communication__rosidl_typesupport_fastrtps_cExport.cmake
-- Installing: /root/ros2_ws/install/communication/share/communication/cmake/export_communication__rosidl_typesupport_fastrtps_cExport-noconfig.cmake
-- Installing: /root/ros2_ws/install/communication/share/communication/cmake/export_communication__rosidl_generator_cppExport.cmake
-- Installing: /root/ros2_ws/install/communication/share/communication/cmake/export_communication__rosidl_typesupport_fastrtps_cppExport.cmake
-- Installing: /root/ros2_ws/install/communication/share/communication/cmake/export_communication__rosidl_typesupport_fastrtps_cppExport-noconfig.cmake
-- Installing: /root/ros2_ws/install/communication/share/communication/cmake/communication__rosidl_typesupport_introspection_cExport.cmake
-- Installing: /root/ros2_ws/install/communication/share/communication/cmake/communication__rosidl_typesupport_introspection_cExport-noconfig.cmake
-- Installing: /root/ros2_ws/install/communication/share/communication/cmake/communication__rosidl_typesupport_cExport.cmake
-- Installing: /root/ros2_ws/install/communication/share/communication/cmake/communication__rosidl_typesupport_cExport-noconfig.cmake
-- Installing: /root/ros2_ws/install/communication/share/communication/cmake/communication__rosidl_typesupport_introspection_cppExport.cmake
-- Installing: /root/ros2_ws/install/communication/share/communication/cmake/communication__rosidl_typesupport_introspection_cppExport-noconfig.cmake
-- Installing: /root/ros2_ws/install/communication/share/communication/cmake/communication__rosidl_typesupport_cppExport.cmake
-- Installing: /root/ros2_ws/install/communication/share/communication/cmake/communication__rosidl_typesupport_cppExport-noconfig.cmake
-- Installing: /root/ros2_ws/install/communication/share/communication/cmake/export_communication__rosidl_generator_pyExport.cmake
-- Installing: /root/ros2_ws/install/communication/share/communication/cmake/export_communication__rosidl_generator_pyExport-noconfig.cmake
