[0.081s] DEBUG:colcon:Command line arguments: ['/usr/bin/colcon', 'build', '--symlink-install']
[0.082s] DEBUG:colcon:Parsed command line arguments: Namespace(log_base=None, log_level=None, verb_name='build', build_base='build', install_base='install', merge_install=False, symlink_install=True, test_result_base=None, continue_on_error=False, executor='parallel', parallel_workers=16, event_handlers=None, ignore_user_meta=False, metas=['./colcon.meta'], base_paths=['.'], packages_ignore=None, packages_ignore_regex=None, paths=None, packages_up_to=None, packages_up_to_regex=None, packages_above=None, packages_above_and_dependencies=None, packages_above_depth=None, packages_select_by_dep=None, packages_skip_by_dep=None, packages_skip_up_to=None, packages_select_build_failed=False, packages_skip_build_finished=False, packages_select_test_failures=False, packages_skip_test_passed=False, packages_select=None, packages_skip=None, packages_select_regex=None, packages_skip_regex=None, packages_start=None, packages_end=None, cmake_args=None, cmake_target=None, cmake_target_skip_unavailable=False, cmake_clean_cache=False, cmake_clean_first=False, cmake_force_configure=False, ament_cmake_args=None, catkin_cmake_args=None, catkin_skip_building_tests=False, mixin_files=None, mixin=None, verb_parser=<colcon_mixin.mixin.mixin_argument.MixinArgumentDecorator object at 0x71f68a4bb8b0>, verb_extension=<colcon_core.verb.build.BuildVerb object at 0x71f68a4bb2e0>, main=<bound method BuildVerb.main of <colcon_core.verb.build.BuildVerb object at 0x71f68a4bb2e0>>, mixin_verb=('build',))
[0.289s] Level 1:colcon.colcon_core.package_discovery:discover_packages(colcon_meta) check parameters
[0.289s] Level 1:colcon.colcon_core.package_discovery:discover_packages(recursive) check parameters
[0.290s] Level 1:colcon.colcon_core.package_discovery:discover_packages(ignore) check parameters
[0.290s] Level 1:colcon.colcon_core.package_discovery:discover_packages(path) check parameters
[0.290s] Level 1:colcon.colcon_core.package_discovery:discover_packages(colcon_meta) discover
[0.290s] Level 1:colcon.colcon_core.package_discovery:discover_packages(recursive) discover
[0.290s] INFO:colcon.colcon_core.package_discovery:Crawling recursively for packages in '/workspaces/ros_humble_mujoco_leo/leo'
[0.290s] Level 1:colcon.colcon_core.package_identification:_identify(.) by extensions ['ignore', 'ignore_ament_install']
[0.290s] Level 1:colcon.colcon_core.package_identification:_identify(.) by extension 'ignore'
[0.290s] Level 1:colcon.colcon_core.package_identification:_identify(.) by extension 'ignore_ament_install'
[0.290s] Level 1:colcon.colcon_core.package_identification:_identify(.) by extensions ['colcon_pkg']
[0.290s] Level 1:colcon.colcon_core.package_identification:_identify(.) by extension 'colcon_pkg'
[0.290s] Level 1:colcon.colcon_core.package_identification:_identify(.) by extensions ['colcon_meta']
[0.290s] Level 1:colcon.colcon_core.package_identification:_identify(.) by extension 'colcon_meta'
[0.290s] Level 1:colcon.colcon_core.package_identification:_identify(.) by extensions ['ros']
[0.290s] Level 1:colcon.colcon_core.package_identification:_identify(.) by extension 'ros'
[0.300s] Level 1:colcon.colcon_core.package_identification:_identify(.) by extensions ['cmake', 'python']
[0.300s] Level 1:colcon.colcon_core.package_identification:_identify(.) by extension 'cmake'
[0.300s] Level 1:colcon.colcon_core.package_identification:_identify(.) by extension 'python'
[0.300s] Level 1:colcon.colcon_core.package_identification:_identify(.) by extensions ['python_setup_py']
[0.300s] Level 1:colcon.colcon_core.package_identification:_identify(.) by extension 'python_setup_py'
[0.300s] Level 1:colcon.colcon_core.package_identification:_identify(build) by extensions ['ignore', 'ignore_ament_install']
[0.301s] Level 1:colcon.colcon_core.package_identification:_identify(build) by extension 'ignore'
[0.301s] Level 1:colcon.colcon_core.package_identification:_identify(build) ignored
[0.301s] Level 1:colcon.colcon_core.package_identification:_identify(dockershare) by extensions ['ignore', 'ignore_ament_install']
[0.301s] Level 1:colcon.colcon_core.package_identification:_identify(dockershare) by extension 'ignore'
[0.301s] Level 1:colcon.colcon_core.package_identification:_identify(dockershare) by extension 'ignore_ament_install'
[0.301s] Level 1:colcon.colcon_core.package_identification:_identify(dockershare) by extensions ['colcon_pkg']
[0.301s] Level 1:colcon.colcon_core.package_identification:_identify(dockershare) by extension 'colcon_pkg'
[0.301s] Level 1:colcon.colcon_core.package_identification:_identify(dockershare) by extensions ['colcon_meta']
[0.301s] Level 1:colcon.colcon_core.package_identification:_identify(dockershare) by extension 'colcon_meta'
[0.301s] Level 1:colcon.colcon_core.package_identification:_identify(dockershare) by extensions ['ros']
[0.301s] Level 1:colcon.colcon_core.package_identification:_identify(dockershare) by extension 'ros'
[0.301s] Level 1:colcon.colcon_core.package_identification:_identify(dockershare) by extensions ['cmake', 'python']
[0.301s] Level 1:colcon.colcon_core.package_identification:_identify(dockershare) by extension 'cmake'
[0.301s] Level 1:colcon.colcon_core.package_identification:_identify(dockershare) by extension 'python'
[0.301s] Level 1:colcon.colcon_core.package_identification:_identify(dockershare) by extensions ['python_setup_py']
[0.301s] Level 1:colcon.colcon_core.package_identification:_identify(dockershare) by extension 'python_setup_py'
[0.301s] Level 1:colcon.colcon_core.package_identification:_identify(install) by extensions ['ignore', 'ignore_ament_install']
[0.301s] Level 1:colcon.colcon_core.package_identification:_identify(install) by extension 'ignore'
[0.301s] Level 1:colcon.colcon_core.package_identification:_identify(install) ignored
[0.301s] Level 1:colcon.colcon_core.package_identification:_identify(log) by extensions ['ignore', 'ignore_ament_install']
[0.301s] Level 1:colcon.colcon_core.package_identification:_identify(log) by extension 'ignore'
[0.301s] Level 1:colcon.colcon_core.package_identification:_identify(log) ignored
[0.301s] Level 1:colcon.colcon_core.package_identification:_identify(ros2_ws) by extensions ['ignore', 'ignore_ament_install']
[0.302s] Level 1:colcon.colcon_core.package_identification:_identify(ros2_ws) by extension 'ignore'
[0.302s] Level 1:colcon.colcon_core.package_identification:_identify(ros2_ws) by extension 'ignore_ament_install'
[0.302s] Level 1:colcon.colcon_core.package_identification:_identify(ros2_ws) by extensions ['colcon_pkg']
[0.302s] Level 1:colcon.colcon_core.package_identification:_identify(ros2_ws) by extension 'colcon_pkg'
[0.302s] Level 1:colcon.colcon_core.package_identification:_identify(ros2_ws) by extensions ['colcon_meta']
[0.302s] Level 1:colcon.colcon_core.package_identification:_identify(ros2_ws) by extension 'colcon_meta'
[0.302s] Level 1:colcon.colcon_core.package_identification:_identify(ros2_ws) by extensions ['ros']
[0.302s] Level 1:colcon.colcon_core.package_identification:_identify(ros2_ws) by extension 'ros'
[0.302s] Level 1:colcon.colcon_core.package_identification:_identify(ros2_ws) by extensions ['cmake', 'python']
[0.302s] Level 1:colcon.colcon_core.package_identification:_identify(ros2_ws) by extension 'cmake'
[0.302s] Level 1:colcon.colcon_core.package_identification:_identify(ros2_ws) by extension 'python'
[0.302s] Level 1:colcon.colcon_core.package_identification:_identify(ros2_ws) by extensions ['python_setup_py']
[0.302s] Level 1:colcon.colcon_core.package_identification:_identify(ros2_ws) by extension 'python_setup_py'
[0.302s] Level 1:colcon.colcon_core.package_identification:_identify(ros2_ws/build) by extensions ['ignore', 'ignore_ament_install']
[0.302s] Level 1:colcon.colcon_core.package_identification:_identify(ros2_ws/build) by extension 'ignore'
[0.302s] Level 1:colcon.colcon_core.package_identification:_identify(ros2_ws/build) ignored
[0.302s] Level 1:colcon.colcon_core.package_identification:_identify(ros2_ws/install) by extensions ['ignore', 'ignore_ament_install']
[0.302s] Level 1:colcon.colcon_core.package_identification:_identify(ros2_ws/install) by extension 'ignore'
[0.302s] Level 1:colcon.colcon_core.package_identification:_identify(ros2_ws/install) ignored
[0.302s] Level 1:colcon.colcon_core.package_identification:_identify(ros2_ws/log) by extensions ['ignore', 'ignore_ament_install']
[0.302s] Level 1:colcon.colcon_core.package_identification:_identify(ros2_ws/log) by extension 'ignore'
[0.302s] Level 1:colcon.colcon_core.package_identification:_identify(ros2_ws/log) ignored
[0.302s] Level 1:colcon.colcon_core.package_identification:_identify(ros2_ws/src) by extensions ['ignore', 'ignore_ament_install']
[0.302s] Level 1:colcon.colcon_core.package_identification:_identify(ros2_ws/src) by extension 'ignore'
[0.302s] Level 1:colcon.colcon_core.package_identification:_identify(ros2_ws/src) by extension 'ignore_ament_install'
[0.303s] Level 1:colcon.colcon_core.package_identification:_identify(ros2_ws/src) by extensions ['colcon_pkg']
[0.303s] Level 1:colcon.colcon_core.package_identification:_identify(ros2_ws/src) by extension 'colcon_pkg'
[0.303s] Level 1:colcon.colcon_core.package_identification:_identify(ros2_ws/src) by extensions ['colcon_meta']
[0.303s] Level 1:colcon.colcon_core.package_identification:_identify(ros2_ws/src) by extension 'colcon_meta'
[0.303s] Level 1:colcon.colcon_core.package_identification:_identify(ros2_ws/src) by extensions ['ros']
[0.303s] Level 1:colcon.colcon_core.package_identification:_identify(ros2_ws/src) by extension 'ros'
[0.303s] Level 1:colcon.colcon_core.package_identification:_identify(ros2_ws/src) by extensions ['cmake', 'python']
[0.303s] Level 1:colcon.colcon_core.package_identification:_identify(ros2_ws/src) by extension 'cmake'
[0.303s] Level 1:colcon.colcon_core.package_identification:_identify(ros2_ws/src) by extension 'python'
[0.303s] Level 1:colcon.colcon_core.package_identification:_identify(ros2_ws/src) by extensions ['python_setup_py']
[0.303s] Level 1:colcon.colcon_core.package_identification:_identify(ros2_ws/src) by extension 'python_setup_py'
[0.303s] Level 1:colcon.colcon_core.package_identification:_identify(ros2_ws/src/aerial_transportation_mujoco_python) by extensions ['ignore', 'ignore_ament_install']
[0.303s] Level 1:colcon.colcon_core.package_identification:_identify(ros2_ws/src/aerial_transportation_mujoco_python) by extension 'ignore'
[0.303s] Level 1:colcon.colcon_core.package_identification:_identify(ros2_ws/src/aerial_transportation_mujoco_python) by extension 'ignore_ament_install'
[0.303s] Level 1:colcon.colcon_core.package_identification:_identify(ros2_ws/src/aerial_transportation_mujoco_python) by extensions ['colcon_pkg']
[0.303s] Level 1:colcon.colcon_core.package_identification:_identify(ros2_ws/src/aerial_transportation_mujoco_python) by extension 'colcon_pkg'
[0.303s] Level 1:colcon.colcon_core.package_identification:_identify(ros2_ws/src/aerial_transportation_mujoco_python) by extensions ['colcon_meta']
[0.303s] Level 1:colcon.colcon_core.package_identification:_identify(ros2_ws/src/aerial_transportation_mujoco_python) by extension 'colcon_meta'
[0.303s] Level 1:colcon.colcon_core.package_identification:_identify(ros2_ws/src/aerial_transportation_mujoco_python) by extensions ['ros']
[0.303s] Level 1:colcon.colcon_core.package_identification:_identify(ros2_ws/src/aerial_transportation_mujoco_python) by extension 'ros'
[0.306s] DEBUG:colcon.colcon_core.package_identification:Package 'ros2_ws/src/aerial_transportation_mujoco_python' with type 'ros.ament_python' and name 'aerial_system_mujoco'
[0.306s] Level 1:colcon.colcon_core.package_identification:_identify(ros2_ws/src/communication) by extensions ['ignore', 'ignore_ament_install']
[0.306s] Level 1:colcon.colcon_core.package_identification:_identify(ros2_ws/src/communication) by extension 'ignore'
[0.306s] Level 1:colcon.colcon_core.package_identification:_identify(ros2_ws/src/communication) by extension 'ignore_ament_install'
[0.306s] Level 1:colcon.colcon_core.package_identification:_identify(ros2_ws/src/communication) by extensions ['colcon_pkg']
[0.306s] Level 1:colcon.colcon_core.package_identification:_identify(ros2_ws/src/communication) by extension 'colcon_pkg'
[0.306s] Level 1:colcon.colcon_core.package_identification:_identify(ros2_ws/src/communication) by extensions ['colcon_meta']
[0.306s] Level 1:colcon.colcon_core.package_identification:_identify(ros2_ws/src/communication) by extension 'colcon_meta'
[0.306s] Level 1:colcon.colcon_core.package_identification:_identify(ros2_ws/src/communication) by extensions ['ros']
[0.306s] Level 1:colcon.colcon_core.package_identification:_identify(ros2_ws/src/communication) by extension 'ros'
[0.307s] DEBUG:colcon.colcon_core.package_identification:Package 'ros2_ws/src/communication' with type 'ros.ament_cmake' and name 'communication'
[0.307s] Level 1:colcon.colcon_core.package_identification:_identify(ros2_ws/src/mujoco_msgs) by extensions ['ignore', 'ignore_ament_install']
[0.307s] Level 1:colcon.colcon_core.package_identification:_identify(ros2_ws/src/mujoco_msgs) by extension 'ignore'
[0.307s] Level 1:colcon.colcon_core.package_identification:_identify(ros2_ws/src/mujoco_msgs) by extension 'ignore_ament_install'
[0.307s] Level 1:colcon.colcon_core.package_identification:_identify(ros2_ws/src/mujoco_msgs) by extensions ['colcon_pkg']
[0.307s] Level 1:colcon.colcon_core.package_identification:_identify(ros2_ws/src/mujoco_msgs) by extension 'colcon_pkg'
[0.307s] Level 1:colcon.colcon_core.package_identification:_identify(ros2_ws/src/mujoco_msgs) by extensions ['colcon_meta']
[0.307s] Level 1:colcon.colcon_core.package_identification:_identify(ros2_ws/src/mujoco_msgs) by extension 'colcon_meta'
[0.307s] Level 1:colcon.colcon_core.package_identification:_identify(ros2_ws/src/mujoco_msgs) by extensions ['ros']
[0.307s] Level 1:colcon.colcon_core.package_identification:_identify(ros2_ws/src/mujoco_msgs) by extension 'ros'
[0.307s] DEBUG:colcon.colcon_core.package_identification:Package 'ros2_ws/src/mujoco_msgs' with type 'ros.ament_cmake' and name 'mujoco_msgs'
[0.308s] Level 1:colcon.colcon_core.package_discovery:discover_packages(recursive) using defaults
[0.308s] Level 1:colcon.colcon_core.package_discovery:discover_packages(ignore) discover
[0.308s] Level 1:colcon.colcon_core.package_discovery:discover_packages(ignore) using defaults
[0.308s] Level 1:colcon.colcon_core.package_discovery:discover_packages(path) discover
[0.308s] Level 1:colcon.colcon_core.package_discovery:discover_packages(path) using defaults
[0.337s] Level 5:colcon.colcon_core.verb:set package 'communication' build argument 'cmake_args' from command line to 'None'
[0.337s] Level 5:colcon.colcon_core.verb:set package 'communication' build argument 'cmake_target' from command line to 'None'
[0.337s] Level 5:colcon.colcon_core.verb:set package 'communication' build argument 'cmake_target_skip_unavailable' from command line to 'False'
[0.337s] Level 5:colcon.colcon_core.verb:set package 'communication' build argument 'cmake_clean_cache' from command line to 'False'
[0.337s] Level 5:colcon.colcon_core.verb:set package 'communication' build argument 'cmake_clean_first' from command line to 'False'
[0.337s] Level 5:colcon.colcon_core.verb:set package 'communication' build argument 'cmake_force_configure' from command line to 'False'
[0.337s] Level 5:colcon.colcon_core.verb:set package 'communication' build argument 'ament_cmake_args' from command line to 'None'
[0.337s] Level 5:colcon.colcon_core.verb:set package 'communication' build argument 'catkin_cmake_args' from command line to 'None'
[0.337s] Level 5:colcon.colcon_core.verb:set package 'communication' build argument 'catkin_skip_building_tests' from command line to 'False'
[0.337s] DEBUG:colcon.colcon_core.verb:Building package 'communication' with the following arguments: {'ament_cmake_args': None, 'build_base': '/workspaces/ros_humble_mujoco_leo/leo/build/communication', 'catkin_cmake_args': None, 'catkin_skip_building_tests': False, 'cmake_args': None, 'cmake_clean_cache': False, 'cmake_clean_first': False, 'cmake_force_configure': False, 'cmake_target': None, 'cmake_target_skip_unavailable': False, 'install_base': '/workspaces/ros_humble_mujoco_leo/leo/install/communication', 'merge_install': False, 'path': '/workspaces/ros_humble_mujoco_leo/leo/ros2_ws/src/communication', 'symlink_install': True, 'test_result_base': None}
[0.337s] Level 5:colcon.colcon_core.verb:set package 'mujoco_msgs' build argument 'cmake_args' from command line to 'None'
[0.337s] Level 5:colcon.colcon_core.verb:set package 'mujoco_msgs' build argument 'cmake_target' from command line to 'None'
[0.337s] Level 5:colcon.colcon_core.verb:set package 'mujoco_msgs' build argument 'cmake_target_skip_unavailable' from command line to 'False'
[0.337s] Level 5:colcon.colcon_core.verb:set package 'mujoco_msgs' build argument 'cmake_clean_cache' from command line to 'False'
[0.337s] Level 5:colcon.colcon_core.verb:set package 'mujoco_msgs' build argument 'cmake_clean_first' from command line to 'False'
[0.337s] Level 5:colcon.colcon_core.verb:set package 'mujoco_msgs' build argument 'cmake_force_configure' from command line to 'False'
[0.337s] Level 5:colcon.colcon_core.verb:set package 'mujoco_msgs' build argument 'ament_cmake_args' from command line to 'None'
[0.337s] Level 5:colcon.colcon_core.verb:set package 'mujoco_msgs' build argument 'catkin_cmake_args' from command line to 'None'
[0.337s] Level 5:colcon.colcon_core.verb:set package 'mujoco_msgs' build argument 'catkin_skip_building_tests' from command line to 'False'
[0.337s] DEBUG:colcon.colcon_core.verb:Building package 'mujoco_msgs' with the following arguments: {'ament_cmake_args': None, 'build_base': '/workspaces/ros_humble_mujoco_leo/leo/build/mujoco_msgs', 'catkin_cmake_args': None, 'catkin_skip_building_tests': False, 'cmake_args': None, 'cmake_clean_cache': False, 'cmake_clean_first': False, 'cmake_force_configure': False, 'cmake_target': None, 'cmake_target_skip_unavailable': False, 'install_base': '/workspaces/ros_humble_mujoco_leo/leo/install/mujoco_msgs', 'merge_install': False, 'path': '/workspaces/ros_humble_mujoco_leo/leo/ros2_ws/src/mujoco_msgs', 'symlink_install': True, 'test_result_base': None}
[0.337s] Level 5:colcon.colcon_core.verb:set package 'aerial_system_mujoco' build argument 'cmake_args' from command line to 'None'
[0.337s] Level 5:colcon.colcon_core.verb:set package 'aerial_system_mujoco' build argument 'cmake_target' from command line to 'None'
[0.338s] Level 5:colcon.colcon_core.verb:set package 'aerial_system_mujoco' build argument 'cmake_target_skip_unavailable' from command line to 'False'
[0.338s] Level 5:colcon.colcon_core.verb:set package 'aerial_system_mujoco' build argument 'cmake_clean_cache' from command line to 'False'
[0.338s] Level 5:colcon.colcon_core.verb:set package 'aerial_system_mujoco' build argument 'cmake_clean_first' from command line to 'False'
[0.338s] Level 5:colcon.colcon_core.verb:set package 'aerial_system_mujoco' build argument 'cmake_force_configure' from command line to 'False'
[0.338s] Level 5:colcon.colcon_core.verb:set package 'aerial_system_mujoco' build argument 'ament_cmake_args' from command line to 'None'
[0.338s] Level 5:colcon.colcon_core.verb:set package 'aerial_system_mujoco' build argument 'catkin_cmake_args' from command line to 'None'
[0.338s] Level 5:colcon.colcon_core.verb:set package 'aerial_system_mujoco' build argument 'catkin_skip_building_tests' from command line to 'False'
[0.338s] DEBUG:colcon.colcon_core.verb:Building package 'aerial_system_mujoco' with the following arguments: {'ament_cmake_args': None, 'build_base': '/workspaces/ros_humble_mujoco_leo/leo/build/aerial_system_mujoco', 'catkin_cmake_args': None, 'catkin_skip_building_tests': False, 'cmake_args': None, 'cmake_clean_cache': False, 'cmake_clean_first': False, 'cmake_force_configure': False, 'cmake_target': None, 'cmake_target_skip_unavailable': False, 'install_base': '/workspaces/ros_humble_mujoco_leo/leo/install/aerial_system_mujoco', 'merge_install': False, 'path': '/workspaces/ros_humble_mujoco_leo/leo/ros2_ws/src/aerial_transportation_mujoco_python', 'symlink_install': True, 'test_result_base': None}
[0.338s] INFO:colcon.colcon_core.executor:Executing jobs using 'parallel' executor
[0.339s] DEBUG:colcon.colcon_parallel_executor.executor.parallel:run_until_complete
[0.339s] INFO:colcon.colcon_ros.task.ament_cmake.build:Building ROS package in '/workspaces/ros_humble_mujoco_leo/leo/ros2_ws/src/mujoco_msgs' with build type 'ament_cmake'
[0.339s] INFO:colcon.colcon_cmake.task.cmake.build:Building CMake package in '/workspaces/ros_humble_mujoco_leo/leo/ros2_ws/src/mujoco_msgs'
[0.341s] INFO:colcon.colcon_core.plugin_system:Skipping extension 'colcon_core.shell.bat': Not used on non-Windows systems
[0.341s] INFO:colcon.colcon_core.shell:Skip shell extension 'powershell' for command environment: Not usable outside of PowerShell
[0.342s] DEBUG:colcon.colcon_core.shell:Skip shell extension 'dsv' for command environment
[0.348s] INFO:colcon.colcon_ros.task.ament_cmake.build:Building ROS package in '/workspaces/ros_humble_mujoco_leo/leo/ros2_ws/src/communication' with build type 'ament_cmake'
[0.349s] INFO:colcon.colcon_cmake.task.cmake.build:Building CMake package in '/workspaces/ros_humble_mujoco_leo/leo/ros2_ws/src/communication'
[0.349s] INFO:colcon.colcon_core.shell:Skip shell extension 'powershell' for command environment: Not usable outside of PowerShell
[0.349s] DEBUG:colcon.colcon_core.shell:Skip shell extension 'dsv' for command environment
[0.356s] DEBUG:colcon.colcon_core.event_handler.log_command:Invoking command in '/workspaces/ros_humble_mujoco_leo/leo/build/mujoco_msgs': CMAKE_PREFIX_PATH=/opt/ros/humble /usr/bin/cmake /workspaces/ros_humble_mujoco_leo/leo/ros2_ws/src/mujoco_msgs -DAMENT_CMAKE_SYMLINK_INSTALL=1 -DCMAKE_INSTALL_PREFIX=/workspaces/ros_humble_mujoco_leo/leo/install/mujoco_msgs
[0.361s] DEBUG:colcon.colcon_core.event_handler.log_command:Invoking command in '/workspaces/ros_humble_mujoco_leo/leo/build/communication': CMAKE_PREFIX_PATH=/opt/ros/humble /usr/bin/cmake /workspaces/ros_humble_mujoco_leo/leo/ros2_ws/src/communication -DAMENT_CMAKE_SYMLINK_INSTALL=1 -DCMAKE_INSTALL_PREFIX=/workspaces/ros_humble_mujoco_leo/leo/install/communication
[1.955s] DEBUG:colcon.colcon_core.event_handler.log_command:Invoked command in '/workspaces/ros_humble_mujoco_leo/leo/build/mujoco_msgs' returned '0': CMAKE_PREFIX_PATH=/opt/ros/humble /usr/bin/cmake /workspaces/ros_humble_mujoco_leo/leo/ros2_ws/src/mujoco_msgs -DAMENT_CMAKE_SYMLINK_INSTALL=1 -DCMAKE_INSTALL_PREFIX=/workspaces/ros_humble_mujoco_leo/leo/install/mujoco_msgs
[1.957s] DEBUG:colcon.colcon_core.event_handler.log_command:Invoking command in '/workspaces/ros_humble_mujoco_leo/leo/build/mujoco_msgs': CMAKE_PREFIX_PATH=/opt/ros/humble /usr/bin/cmake --build /workspaces/ros_humble_mujoco_leo/leo/build/mujoco_msgs -- -j16 -l16
[2.140s] DEBUG:colcon.colcon_core.event_handler.log_command:Invoked command in '/workspaces/ros_humble_mujoco_leo/leo/build/communication' returned '0': CMAKE_PREFIX_PATH=/opt/ros/humble /usr/bin/cmake /workspaces/ros_humble_mujoco_leo/leo/ros2_ws/src/communication -DAMENT_CMAKE_SYMLINK_INSTALL=1 -DCMAKE_INSTALL_PREFIX=/workspaces/ros_humble_mujoco_leo/leo/install/communication
[2.142s] DEBUG:colcon.colcon_core.event_handler.log_command:Invoking command in '/workspaces/ros_humble_mujoco_leo/leo/build/communication': CMAKE_PREFIX_PATH=/opt/ros/humble /usr/bin/cmake --build /workspaces/ros_humble_mujoco_leo/leo/build/communication -- -j16 -l16
[3.893s] DEBUG:colcon.colcon_core.event_handler.log_command:Invoked command in '/workspaces/ros_humble_mujoco_leo/leo/build/mujoco_msgs' returned '0': CMAKE_PREFIX_PATH=/opt/ros/humble /usr/bin/cmake --build /workspaces/ros_humble_mujoco_leo/leo/build/mujoco_msgs -- -j16 -l16
[3.901s] DEBUG:colcon.colcon_core.event_handler.log_command:Invoking command in '/workspaces/ros_humble_mujoco_leo/leo/build/mujoco_msgs': CMAKE_PREFIX_PATH=/opt/ros/humble /usr/bin/cmake --install /workspaces/ros_humble_mujoco_leo/leo/build/mujoco_msgs
[4.425s] Level 1:colcon.colcon_core.environment:create_environment_scripts_only(mujoco_msgs)
[4.425s] DEBUG:colcon.colcon_core.event_handler.log_command:Invoked command in '/workspaces/ros_humble_mujoco_leo/leo/build/mujoco_msgs' returned '0': CMAKE_PREFIX_PATH=/opt/ros/humble /usr/bin/cmake --install /workspaces/ros_humble_mujoco_leo/leo/build/mujoco_msgs
[4.429s] Level 1:colcon.colcon_core.environment:checking '/workspaces/ros_humble_mujoco_leo/leo/install/mujoco_msgs' for CMake module files
[4.430s] Level 1:colcon.colcon_core.environment:checking '/workspaces/ros_humble_mujoco_leo/leo/install/mujoco_msgs' for CMake config files
[4.430s] Level 1:colcon.colcon_core.shell:create_environment_hook('mujoco_msgs', 'cmake_prefix_path')
[4.430s] INFO:colcon.colcon_core.shell:Creating environment hook '/workspaces/ros_humble_mujoco_leo/leo/install/mujoco_msgs/share/mujoco_msgs/hook/cmake_prefix_path.ps1'
[4.431s] INFO:colcon.colcon_core.shell:Creating environment descriptor '/workspaces/ros_humble_mujoco_leo/leo/install/mujoco_msgs/share/mujoco_msgs/hook/cmake_prefix_path.dsv'
[4.431s] INFO:colcon.colcon_core.shell:Creating environment hook '/workspaces/ros_humble_mujoco_leo/leo/install/mujoco_msgs/share/mujoco_msgs/hook/cmake_prefix_path.sh'
[4.432s] Level 1:colcon.colcon_core.environment:checking '/workspaces/ros_humble_mujoco_leo/leo/install/mujoco_msgs/lib'
[4.432s] Level 1:colcon.colcon_core.shell:create_environment_hook('mujoco_msgs', 'ld_library_path_lib')
[4.432s] INFO:colcon.colcon_core.shell:Creating environment hook '/workspaces/ros_humble_mujoco_leo/leo/install/mujoco_msgs/share/mujoco_msgs/hook/ld_library_path_lib.ps1'
[4.433s] INFO:colcon.colcon_core.shell:Creating environment descriptor '/workspaces/ros_humble_mujoco_leo/leo/install/mujoco_msgs/share/mujoco_msgs/hook/ld_library_path_lib.dsv'
[4.433s] INFO:colcon.colcon_core.shell:Creating environment hook '/workspaces/ros_humble_mujoco_leo/leo/install/mujoco_msgs/share/mujoco_msgs/hook/ld_library_path_lib.sh'
[4.433s] Level 1:colcon.colcon_core.environment:checking '/workspaces/ros_humble_mujoco_leo/leo/install/mujoco_msgs/bin'
[4.433s] Level 1:colcon.colcon_core.environment:checking '/workspaces/ros_humble_mujoco_leo/leo/install/mujoco_msgs/lib/pkgconfig/mujoco_msgs.pc'
[4.434s] Level 1:colcon.colcon_core.environment:checking '/workspaces/ros_humble_mujoco_leo/leo/install/mujoco_msgs/lib/python3.10/site-packages'
[4.435s] Level 1:colcon.colcon_core.environment:checking '/workspaces/ros_humble_mujoco_leo/leo/install/mujoco_msgs/bin'
[4.435s] INFO:colcon.colcon_core.shell:Creating package script '/workspaces/ros_humble_mujoco_leo/leo/install/mujoco_msgs/share/mujoco_msgs/package.ps1'
[4.435s] INFO:colcon.colcon_core.shell:Creating package descriptor '/workspaces/ros_humble_mujoco_leo/leo/install/mujoco_msgs/share/mujoco_msgs/package.dsv'
[4.436s] INFO:colcon.colcon_core.shell:Creating package script '/workspaces/ros_humble_mujoco_leo/leo/install/mujoco_msgs/share/mujoco_msgs/package.sh'
[4.437s] INFO:colcon.colcon_core.shell:Creating package script '/workspaces/ros_humble_mujoco_leo/leo/install/mujoco_msgs/share/mujoco_msgs/package.bash'
[4.437s] INFO:colcon.colcon_core.shell:Creating package script '/workspaces/ros_humble_mujoco_leo/leo/install/mujoco_msgs/share/mujoco_msgs/package.zsh'
[4.438s] Level 1:colcon.colcon_core.environment:create_file_with_runtime_dependencies(/workspaces/ros_humble_mujoco_leo/leo/install/mujoco_msgs/share/colcon-core/packages/mujoco_msgs)
[4.438s] Level 1:colcon.colcon_core.environment:create_environment_scripts_only(mujoco_msgs)
[4.438s] Level 1:colcon.colcon_core.environment:checking '/workspaces/ros_humble_mujoco_leo/leo/install/mujoco_msgs' for CMake module files
[4.439s] Level 1:colcon.colcon_core.environment:checking '/workspaces/ros_humble_mujoco_leo/leo/install/mujoco_msgs' for CMake config files
[4.439s] Level 1:colcon.colcon_core.shell:create_environment_hook('mujoco_msgs', 'cmake_prefix_path')
[4.439s] INFO:colcon.colcon_core.shell:Creating environment hook '/workspaces/ros_humble_mujoco_leo/leo/install/mujoco_msgs/share/mujoco_msgs/hook/cmake_prefix_path.ps1'
[4.440s] INFO:colcon.colcon_core.shell:Creating environment descriptor '/workspaces/ros_humble_mujoco_leo/leo/install/mujoco_msgs/share/mujoco_msgs/hook/cmake_prefix_path.dsv'
[4.440s] INFO:colcon.colcon_core.shell:Creating environment hook '/workspaces/ros_humble_mujoco_leo/leo/install/mujoco_msgs/share/mujoco_msgs/hook/cmake_prefix_path.sh'
[4.440s] Level 1:colcon.colcon_core.environment:checking '/workspaces/ros_humble_mujoco_leo/leo/install/mujoco_msgs/lib'
[4.440s] Level 1:colcon.colcon_core.shell:create_environment_hook('mujoco_msgs', 'ld_library_path_lib')
[4.441s] INFO:colcon.colcon_core.shell:Creating environment hook '/workspaces/ros_humble_mujoco_leo/leo/install/mujoco_msgs/share/mujoco_msgs/hook/ld_library_path_lib.ps1'
[4.441s] INFO:colcon.colcon_core.shell:Creating environment descriptor '/workspaces/ros_humble_mujoco_leo/leo/install/mujoco_msgs/share/mujoco_msgs/hook/ld_library_path_lib.dsv'
[4.441s] INFO:colcon.colcon_core.shell:Creating environment hook '/workspaces/ros_humble_mujoco_leo/leo/install/mujoco_msgs/share/mujoco_msgs/hook/ld_library_path_lib.sh'
[4.441s] Level 1:colcon.colcon_core.environment:checking '/workspaces/ros_humble_mujoco_leo/leo/install/mujoco_msgs/bin'
[4.441s] Level 1:colcon.colcon_core.environment:checking '/workspaces/ros_humble_mujoco_leo/leo/install/mujoco_msgs/lib/pkgconfig/mujoco_msgs.pc'
[4.442s] Level 1:colcon.colcon_core.environment:checking '/workspaces/ros_humble_mujoco_leo/leo/install/mujoco_msgs/lib/python3.10/site-packages'
[4.442s] Level 1:colcon.colcon_core.environment:checking '/workspaces/ros_humble_mujoco_leo/leo/install/mujoco_msgs/bin'
[4.442s] INFO:colcon.colcon_core.shell:Creating package script '/workspaces/ros_humble_mujoco_leo/leo/install/mujoco_msgs/share/mujoco_msgs/package.ps1'
[4.442s] INFO:colcon.colcon_core.shell:Creating package descriptor '/workspaces/ros_humble_mujoco_leo/leo/install/mujoco_msgs/share/mujoco_msgs/package.dsv'
[4.443s] INFO:colcon.colcon_core.shell:Creating package script '/workspaces/ros_humble_mujoco_leo/leo/install/mujoco_msgs/share/mujoco_msgs/package.sh'
[4.443s] INFO:colcon.colcon_core.shell:Creating package script '/workspaces/ros_humble_mujoco_leo/leo/install/mujoco_msgs/share/mujoco_msgs/package.bash'
[4.443s] INFO:colcon.colcon_core.shell:Creating package script '/workspaces/ros_humble_mujoco_leo/leo/install/mujoco_msgs/share/mujoco_msgs/package.zsh'
[4.444s] Level 1:colcon.colcon_core.environment:create_file_with_runtime_dependencies(/workspaces/ros_humble_mujoco_leo/leo/install/mujoco_msgs/share/colcon-core/packages/mujoco_msgs)
[4.444s] INFO:colcon.colcon_ros.task.ament_python.build:Building ROS package in '/workspaces/ros_humble_mujoco_leo/leo/ros2_ws/src/aerial_transportation_mujoco_python' with build type 'ament_python'
[4.444s] Level 1:colcon.colcon_core.shell:create_environment_hook('aerial_system_mujoco', 'ament_prefix_path')
[4.444s] INFO:colcon.colcon_core.shell:Creating environment hook '/workspaces/ros_humble_mujoco_leo/leo/install/aerial_system_mujoco/share/aerial_system_mujoco/hook/ament_prefix_path.ps1'
[4.445s] INFO:colcon.colcon_core.shell:Creating environment descriptor '/workspaces/ros_humble_mujoco_leo/leo/install/aerial_system_mujoco/share/aerial_system_mujoco/hook/ament_prefix_path.dsv'
[4.445s] INFO:colcon.colcon_core.shell:Creating environment hook '/workspaces/ros_humble_mujoco_leo/leo/install/aerial_system_mujoco/share/aerial_system_mujoco/hook/ament_prefix_path.sh'
[4.446s] INFO:colcon.colcon_core.shell:Skip shell extension 'powershell' for command environment: Not usable outside of PowerShell
[4.446s] DEBUG:colcon.colcon_core.shell:Skip shell extension 'dsv' for command environment
[4.670s] INFO:colcon.colcon_core.task.python.build:Building Python package in '/workspaces/ros_humble_mujoco_leo/leo/ros2_ws/src/aerial_transportation_mujoco_python'
[4.670s] INFO:colcon.colcon_core.shell:Skip shell extension 'powershell' for command environment: Not usable outside of PowerShell
[4.670s] DEBUG:colcon.colcon_core.shell:Skip shell extension 'dsv' for command environment
[4.847s] DEBUG:colcon.colcon_core.event_handler.log_command:Invoked command in '/workspaces/ros_humble_mujoco_leo/leo/build/communication' returned '0': CMAKE_PREFIX_PATH=/opt/ros/humble /usr/bin/cmake --build /workspaces/ros_humble_mujoco_leo/leo/build/communication -- -j16 -l16
[4.848s] DEBUG:colcon.colcon_core.event_handler.log_command:Invoking command in '/workspaces/ros_humble_mujoco_leo/leo/build/communication': CMAKE_PREFIX_PATH=/opt/ros/humble /usr/bin/cmake --install /workspaces/ros_humble_mujoco_leo/leo/build/communication
[4.977s] DEBUG:colcon.colcon_core.event_handler.log_command:Invoking command in '/workspaces/ros_humble_mujoco_leo/leo/build/aerial_system_mujoco': AMENT_PREFIX_PATH=/workspaces/ros_humble_mujoco_leo/leo/install/mujoco_msgs:${AMENT_PREFIX_PATH} CMAKE_PREFIX_PATH=/workspaces/ros_humble_mujoco_leo/leo/install/mujoco_msgs LD_LIBRARY_PATH=/workspaces/ros_humble_mujoco_leo/leo/install/mujoco_msgs/lib:${LD_LIBRARY_PATH} PYTHONPATH=/workspaces/ros_humble_mujoco_leo/leo/build/aerial_system_mujoco/prefix_override:/usr/lib/python3/dist-packages/colcon_core/task/python/colcon_distutils_commands:/workspaces/ros_humble_mujoco_leo/leo/install/aerial_system_mujoco/lib/python3.10/site-packages:/workspaces/ros_humble_mujoco_leo/leo/install/mujoco_msgs/local/lib/python3.10/dist-packages:${PYTHONPATH} /usr/bin/python3 -W ignore:setup.py install is deprecated -W ignore:easy_install command is deprecated setup.py develop --editable --build-directory /workspaces/ros_humble_mujoco_leo/leo/build/aerial_system_mujoco/build --no-deps symlink_data
[5.351s] Level 1:colcon.colcon_core.shell:create_environment_hook('aerial_system_mujoco', 'pythonpath_develop')
[5.352s] INFO:colcon.colcon_core.shell:Creating environment hook '/workspaces/ros_humble_mujoco_leo/leo/build/aerial_system_mujoco/share/aerial_system_mujoco/hook/pythonpath_develop.ps1'
[5.352s] DEBUG:colcon.colcon_core.event_handler.log_command:Invoked command in '/workspaces/ros_humble_mujoco_leo/leo/build/aerial_system_mujoco' returned '0': AMENT_PREFIX_PATH=/workspaces/ros_humble_mujoco_leo/leo/install/mujoco_msgs:${AMENT_PREFIX_PATH} CMAKE_PREFIX_PATH=/workspaces/ros_humble_mujoco_leo/leo/install/mujoco_msgs LD_LIBRARY_PATH=/workspaces/ros_humble_mujoco_leo/leo/install/mujoco_msgs/lib:${LD_LIBRARY_PATH} PYTHONPATH=/workspaces/ros_humble_mujoco_leo/leo/build/aerial_system_mujoco/prefix_override:/usr/lib/python3/dist-packages/colcon_core/task/python/colcon_distutils_commands:/workspaces/ros_humble_mujoco_leo/leo/install/aerial_system_mujoco/lib/python3.10/site-packages:/workspaces/ros_humble_mujoco_leo/leo/install/mujoco_msgs/local/lib/python3.10/dist-packages:${PYTHONPATH} /usr/bin/python3 -W ignore:setup.py install is deprecated -W ignore:easy_install command is deprecated setup.py develop --editable --build-directory /workspaces/ros_humble_mujoco_leo/leo/build/aerial_system_mujoco/build --no-deps symlink_data
[5.352s] INFO:colcon.colcon_core.shell:Creating environment descriptor '/workspaces/ros_humble_mujoco_leo/leo/build/aerial_system_mujoco/share/aerial_system_mujoco/hook/pythonpath_develop.dsv'
[5.352s] INFO:colcon.colcon_core.shell:Creating environment hook '/workspaces/ros_humble_mujoco_leo/leo/build/aerial_system_mujoco/share/aerial_system_mujoco/hook/pythonpath_develop.sh'
[5.353s] Level 1:colcon.colcon_core.environment:checking '/workspaces/ros_humble_mujoco_leo/leo/install/aerial_system_mujoco' for CMake module files
[5.353s] Level 1:colcon.colcon_core.environment:checking '/workspaces/ros_humble_mujoco_leo/leo/install/aerial_system_mujoco' for CMake config files
[5.354s] Level 1:colcon.colcon_core.environment:checking '/workspaces/ros_humble_mujoco_leo/leo/install/aerial_system_mujoco/lib'
[5.354s] Level 1:colcon.colcon_core.environment:checking '/workspaces/ros_humble_mujoco_leo/leo/install/aerial_system_mujoco/bin'
[5.354s] Level 1:colcon.colcon_core.environment:checking '/workspaces/ros_humble_mujoco_leo/leo/install/aerial_system_mujoco/lib/pkgconfig/aerial_system_mujoco.pc'
[5.354s] Level 1:colcon.colcon_core.environment:checking '/workspaces/ros_humble_mujoco_leo/leo/install/aerial_system_mujoco/lib/python3.10/site-packages'
[5.354s] Level 1:colcon.colcon_core.shell:create_environment_hook('aerial_system_mujoco', 'pythonpath')
[5.354s] INFO:colcon.colcon_core.shell:Creating environment hook '/workspaces/ros_humble_mujoco_leo/leo/install/aerial_system_mujoco/share/aerial_system_mujoco/hook/pythonpath.ps1'
[5.354s] INFO:colcon.colcon_core.shell:Creating environment descriptor '/workspaces/ros_humble_mujoco_leo/leo/install/aerial_system_mujoco/share/aerial_system_mujoco/hook/pythonpath.dsv'
[5.355s] INFO:colcon.colcon_core.shell:Creating environment hook '/workspaces/ros_humble_mujoco_leo/leo/install/aerial_system_mujoco/share/aerial_system_mujoco/hook/pythonpath.sh'
[5.355s] Level 1:colcon.colcon_core.environment:checking '/workspaces/ros_humble_mujoco_leo/leo/install/aerial_system_mujoco/bin'
[5.355s] Level 1:colcon.colcon_core.environment:create_environment_scripts_only(aerial_system_mujoco)
[5.355s] INFO:colcon.colcon_core.shell:Creating package script '/workspaces/ros_humble_mujoco_leo/leo/install/aerial_system_mujoco/share/aerial_system_mujoco/package.ps1'
[5.356s] INFO:colcon.colcon_core.shell:Creating package descriptor '/workspaces/ros_humble_mujoco_leo/leo/install/aerial_system_mujoco/share/aerial_system_mujoco/package.dsv'
[5.356s] INFO:colcon.colcon_core.shell:Creating package script '/workspaces/ros_humble_mujoco_leo/leo/install/aerial_system_mujoco/share/aerial_system_mujoco/package.sh'
[5.356s] INFO:colcon.colcon_core.shell:Creating package script '/workspaces/ros_humble_mujoco_leo/leo/install/aerial_system_mujoco/share/aerial_system_mujoco/package.bash'
[5.357s] INFO:colcon.colcon_core.shell:Creating package script '/workspaces/ros_humble_mujoco_leo/leo/install/aerial_system_mujoco/share/aerial_system_mujoco/package.zsh'
[5.357s] Level 1:colcon.colcon_core.environment:create_file_with_runtime_dependencies(/workspaces/ros_humble_mujoco_leo/leo/install/aerial_system_mujoco/share/colcon-core/packages/aerial_system_mujoco)
[5.958s] Level 1:colcon.colcon_core.environment:create_environment_scripts_only(communication)
[5.959s] Level 1:colcon.colcon_core.environment:checking '/workspaces/ros_humble_mujoco_leo/leo/install/communication' for CMake module files
[5.959s] DEBUG:colcon.colcon_core.event_handler.log_command:Invoked command in '/workspaces/ros_humble_mujoco_leo/leo/build/communication' returned '0': CMAKE_PREFIX_PATH=/opt/ros/humble /usr/bin/cmake --install /workspaces/ros_humble_mujoco_leo/leo/build/communication
[5.960s] Level 1:colcon.colcon_core.environment:checking '/workspaces/ros_humble_mujoco_leo/leo/install/communication' for CMake config files
[5.960s] Level 1:colcon.colcon_core.shell:create_environment_hook('communication', 'cmake_prefix_path')
[5.960s] INFO:colcon.colcon_core.shell:Creating environment hook '/workspaces/ros_humble_mujoco_leo/leo/install/communication/share/communication/hook/cmake_prefix_path.ps1'
[5.961s] INFO:colcon.colcon_core.shell:Creating environment descriptor '/workspaces/ros_humble_mujoco_leo/leo/install/communication/share/communication/hook/cmake_prefix_path.dsv'
[5.961s] INFO:colcon.colcon_core.shell:Creating environment hook '/workspaces/ros_humble_mujoco_leo/leo/install/communication/share/communication/hook/cmake_prefix_path.sh'
[5.962s] Level 1:colcon.colcon_core.environment:checking '/workspaces/ros_humble_mujoco_leo/leo/install/communication/lib'
[5.962s] Level 1:colcon.colcon_core.shell:create_environment_hook('communication', 'ld_library_path_lib')
[5.962s] INFO:colcon.colcon_core.shell:Creating environment hook '/workspaces/ros_humble_mujoco_leo/leo/install/communication/share/communication/hook/ld_library_path_lib.ps1'
[5.962s] INFO:colcon.colcon_core.shell:Creating environment descriptor '/workspaces/ros_humble_mujoco_leo/leo/install/communication/share/communication/hook/ld_library_path_lib.dsv'
[5.962s] INFO:colcon.colcon_core.shell:Creating environment hook '/workspaces/ros_humble_mujoco_leo/leo/install/communication/share/communication/hook/ld_library_path_lib.sh'
[5.963s] Level 1:colcon.colcon_core.environment:checking '/workspaces/ros_humble_mujoco_leo/leo/install/communication/bin'
[5.963s] Level 1:colcon.colcon_core.environment:checking '/workspaces/ros_humble_mujoco_leo/leo/install/communication/lib/pkgconfig/communication.pc'
[5.963s] Level 1:colcon.colcon_core.environment:checking '/workspaces/ros_humble_mujoco_leo/leo/install/communication/lib/python3.10/site-packages'
[5.963s] Level 1:colcon.colcon_core.environment:checking '/workspaces/ros_humble_mujoco_leo/leo/install/communication/bin'
[5.963s] INFO:colcon.colcon_core.shell:Creating package script '/workspaces/ros_humble_mujoco_leo/leo/install/communication/share/communication/package.ps1'
[5.964s] INFO:colcon.colcon_core.shell:Creating package descriptor '/workspaces/ros_humble_mujoco_leo/leo/install/communication/share/communication/package.dsv'
[5.964s] INFO:colcon.colcon_core.shell:Creating package script '/workspaces/ros_humble_mujoco_leo/leo/install/communication/share/communication/package.sh'
[5.964s] INFO:colcon.colcon_core.shell:Creating package script '/workspaces/ros_humble_mujoco_leo/leo/install/communication/share/communication/package.bash'
[5.965s] INFO:colcon.colcon_core.shell:Creating package script '/workspaces/ros_humble_mujoco_leo/leo/install/communication/share/communication/package.zsh'
[5.965s] Level 1:colcon.colcon_core.environment:create_file_with_runtime_dependencies(/workspaces/ros_humble_mujoco_leo/leo/install/communication/share/colcon-core/packages/communication)
[5.965s] Level 1:colcon.colcon_core.environment:create_environment_scripts_only(communication)
[5.966s] Level 1:colcon.colcon_core.environment:checking '/workspaces/ros_humble_mujoco_leo/leo/install/communication' for CMake module files
[5.966s] Level 1:colcon.colcon_core.environment:checking '/workspaces/ros_humble_mujoco_leo/leo/install/communication' for CMake config files
[5.967s] Level 1:colcon.colcon_core.shell:create_environment_hook('communication', 'cmake_prefix_path')
[5.967s] INFO:colcon.colcon_core.shell:Creating environment hook '/workspaces/ros_humble_mujoco_leo/leo/install/communication/share/communication/hook/cmake_prefix_path.ps1'
[5.967s] INFO:colcon.colcon_core.shell:Creating environment descriptor '/workspaces/ros_humble_mujoco_leo/leo/install/communication/share/communication/hook/cmake_prefix_path.dsv'
[5.967s] INFO:colcon.colcon_core.shell:Creating environment hook '/workspaces/ros_humble_mujoco_leo/leo/install/communication/share/communication/hook/cmake_prefix_path.sh'
[5.968s] Level 1:colcon.colcon_core.environment:checking '/workspaces/ros_humble_mujoco_leo/leo/install/communication/lib'
[5.968s] Level 1:colcon.colcon_core.shell:create_environment_hook('communication', 'ld_library_path_lib')
[5.968s] INFO:colcon.colcon_core.shell:Creating environment hook '/workspaces/ros_humble_mujoco_leo/leo/install/communication/share/communication/hook/ld_library_path_lib.ps1'
[5.968s] INFO:colcon.colcon_core.shell:Creating environment descriptor '/workspaces/ros_humble_mujoco_leo/leo/install/communication/share/communication/hook/ld_library_path_lib.dsv'
[5.969s] INFO:colcon.colcon_core.shell:Creating environment hook '/workspaces/ros_humble_mujoco_leo/leo/install/communication/share/communication/hook/ld_library_path_lib.sh'
[5.969s] Level 1:colcon.colcon_core.environment:checking '/workspaces/ros_humble_mujoco_leo/leo/install/communication/bin'
[5.969s] Level 1:colcon.colcon_core.environment:checking '/workspaces/ros_humble_mujoco_leo/leo/install/communication/lib/pkgconfig/communication.pc'
[5.969s] Level 1:colcon.colcon_core.environment:checking '/workspaces/ros_humble_mujoco_leo/leo/install/communication/lib/python3.10/site-packages'
[5.969s] Level 1:colcon.colcon_core.environment:checking '/workspaces/ros_humble_mujoco_leo/leo/install/communication/bin'
[5.969s] INFO:colcon.colcon_core.shell:Creating package script '/workspaces/ros_humble_mujoco_leo/leo/install/communication/share/communication/package.ps1'
[5.970s] INFO:colcon.colcon_core.shell:Creating package descriptor '/workspaces/ros_humble_mujoco_leo/leo/install/communication/share/communication/package.dsv'
[5.970s] INFO:colcon.colcon_core.shell:Creating package script '/workspaces/ros_humble_mujoco_leo/leo/install/communication/share/communication/package.sh'
[5.971s] INFO:colcon.colcon_core.shell:Creating package script '/workspaces/ros_humble_mujoco_leo/leo/install/communication/share/communication/package.bash'
[5.971s] INFO:colcon.colcon_core.shell:Creating package script '/workspaces/ros_humble_mujoco_leo/leo/install/communication/share/communication/package.zsh'
[5.971s] Level 1:colcon.colcon_core.environment:create_file_with_runtime_dependencies(/workspaces/ros_humble_mujoco_leo/leo/install/communication/share/colcon-core/packages/communication)
[5.971s] DEBUG:colcon.colcon_parallel_executor.executor.parallel:closing loop
[5.972s] DEBUG:colcon.colcon_parallel_executor.executor.parallel:loop closed
[5.972s] DEBUG:colcon.colcon_parallel_executor.executor.parallel:run_until_complete finished with '0'
[5.972s] DEBUG:colcon.colcon_core.event_reactor:joining thread
[5.980s] INFO:colcon.colcon_core.plugin_system:Skipping extension 'colcon_notification.desktop_notification.notify_send': Could not find 'notify-send'
[5.980s] INFO:colcon.colcon_core.plugin_system:Skipping extension 'colcon_notification.desktop_notification.terminal_notifier': Not used on non-Darwin systems
[5.980s] INFO:colcon.colcon_core.plugin_system:Skipping extension 'colcon_notification.desktop_notification.win32': Not used on non-Windows systems
[5.980s] INFO:colcon.colcon_notification.desktop_notification:Sending desktop notification using 'notify2'
[5.983s] DEBUG:colcon.colcon_notification.desktop_notification.notify2:Failed to initialize notify2: org.freedesktop.DBus.Error.Spawn.ExecFailed: /usr/bin/dbus-launch terminated abnormally without any error message
[5.983s] DEBUG:colcon.colcon_core.event_reactor:joined thread
[5.984s] INFO:colcon.colcon_core.shell:Creating prefix script '/workspaces/ros_humble_mujoco_leo/leo/install/local_setup.ps1'
[5.985s] INFO:colcon.colcon_core.shell:Creating prefix util module '/workspaces/ros_humble_mujoco_leo/leo/install/_local_setup_util_ps1.py'
[5.986s] INFO:colcon.colcon_core.shell:Creating prefix chain script '/workspaces/ros_humble_mujoco_leo/leo/install/setup.ps1'
[5.987s] INFO:colcon.colcon_core.shell:Creating prefix script '/workspaces/ros_humble_mujoco_leo/leo/install/local_setup.sh'
[5.987s] INFO:colcon.colcon_core.shell:Creating prefix util module '/workspaces/ros_humble_mujoco_leo/leo/install/_local_setup_util_sh.py'
[5.988s] INFO:colcon.colcon_core.shell:Creating prefix chain script '/workspaces/ros_humble_mujoco_leo/leo/install/setup.sh'
[5.989s] INFO:colcon.colcon_core.shell:Creating prefix script '/workspaces/ros_humble_mujoco_leo/leo/install/local_setup.bash'
[5.989s] INFO:colcon.colcon_core.shell:Creating prefix chain script '/workspaces/ros_humble_mujoco_leo/leo/install/setup.bash'
[5.990s] INFO:colcon.colcon_core.shell:Creating prefix script '/workspaces/ros_humble_mujoco_leo/leo/install/local_setup.zsh'
[5.990s] INFO:colcon.colcon_core.shell:Creating prefix chain script '/workspaces/ros_humble_mujoco_leo/leo/install/setup.zsh'
