[0.068s] DEBUG:colcon:Command line arguments: ['/usr/bin/colcon', 'build', '--symlink-install']
[0.068s] DEBUG:colcon:Parsed command line arguments: Namespace(log_base=None, log_level=None, verb_name='build', build_base='build', install_base='install', merge_install=False, symlink_install=True, test_result_base=None, continue_on_error=False, executor='parallel', parallel_workers=16, event_handlers=None, ignore_user_meta=False, metas=['./colcon.meta'], base_paths=['.'], packages_ignore=None, packages_ignore_regex=None, paths=None, packages_up_to=None, packages_up_to_regex=None, packages_above=None, packages_above_and_dependencies=None, packages_above_depth=None, packages_select_by_dep=None, packages_skip_by_dep=None, packages_skip_up_to=None, packages_select_build_failed=False, packages_skip_build_finished=False, packages_select_test_failures=False, packages_skip_test_passed=False, packages_select=None, packages_skip=None, packages_select_regex=None, packages_skip_regex=None, packages_start=None, packages_end=None, cmake_args=None, cmake_target=None, cmake_target_skip_unavailable=False, cmake_clean_cache=False, cmake_clean_first=False, cmake_force_configure=False, ament_cmake_args=None, catkin_cmake_args=None, catkin_skip_building_tests=False, mixin_files=None, mixin=None, verb_parser=<colcon_mixin.mixin.mixin_argument.MixinArgumentDecorator object at 0x7341ee73cfa0>, verb_extension=<colcon_core.verb.build.BuildVerb object at 0x7341ee85de40>, main=<bound method BuildVerb.main of <colcon_core.verb.build.BuildVerb object at 0x7341ee85de40>>, mixin_verb=('build',))
[0.254s] Level 1:colcon.colcon_core.package_discovery:discover_packages(colcon_meta) check parameters
[0.256s] INFO:colcon.colcon_metadata.package_discovery.colcon_meta:Using configuration from '/root/.colcon/metadata/default/Gazebo.meta'
[0.256s] INFO:colcon.colcon_metadata.package_discovery.colcon_meta:Using configuration from '/root/.colcon/metadata/default/fastrtps.meta'
[0.256s] Level 1:colcon.colcon_core.package_discovery:discover_packages(recursive) check parameters
[0.256s] Level 1:colcon.colcon_core.package_discovery:discover_packages(ignore) check parameters
[0.256s] Level 1:colcon.colcon_core.package_discovery:discover_packages(path) check parameters
[0.256s] Level 1:colcon.colcon_core.package_discovery:discover_packages(colcon_meta) discover
[0.256s] Level 1:colcon.colcon_core.package_discovery:discover_packages(recursive) discover
[0.256s] INFO:colcon.colcon_core.package_discovery:Crawling recursively for packages in '/root/ros2_ws'
[0.256s] Level 1:colcon.colcon_core.package_identification:_identify(.) by extensions ['ignore', 'ignore_ament_install']
[0.256s] Level 1:colcon.colcon_core.package_identification:_identify(.) by extension 'ignore'
[0.256s] Level 1:colcon.colcon_core.package_identification:_identify(.) by extension 'ignore_ament_install'
[0.256s] Level 1:colcon.colcon_core.package_identification:_identify(.) by extensions ['colcon_pkg']
[0.256s] Level 1:colcon.colcon_core.package_identification:_identify(.) by extension 'colcon_pkg'
[0.256s] Level 1:colcon.colcon_core.package_identification:_identify(.) by extensions ['colcon_meta']
[0.256s] Level 1:colcon.colcon_core.package_identification:_identify(.) by extension 'colcon_meta'
[0.256s] Level 1:colcon.colcon_core.package_identification:_identify(.) by extensions ['ros']
[0.256s] Level 1:colcon.colcon_core.package_identification:_identify(.) by extension 'ros'
[0.265s] Level 1:colcon.colcon_core.package_identification:_identify(.) by extensions ['cmake', 'python']
[0.265s] Level 1:colcon.colcon_core.package_identification:_identify(.) by extension 'cmake'
[0.265s] Level 1:colcon.colcon_core.package_identification:_identify(.) by extension 'python'
[0.265s] Level 1:colcon.colcon_core.package_identification:_identify(.) by extensions ['python_setup_py']
[0.265s] Level 1:colcon.colcon_core.package_identification:_identify(.) by extension 'python_setup_py'
[0.265s] Level 1:colcon.colcon_core.package_identification:_identify(build) by extensions ['ignore', 'ignore_ament_install']
[0.265s] Level 1:colcon.colcon_core.package_identification:_identify(build) by extension 'ignore'
[0.265s] Level 1:colcon.colcon_core.package_identification:_identify(build) ignored
[0.265s] Level 1:colcon.colcon_core.package_identification:_identify(install) by extensions ['ignore', 'ignore_ament_install']
[0.265s] Level 1:colcon.colcon_core.package_identification:_identify(install) by extension 'ignore'
[0.265s] Level 1:colcon.colcon_core.package_identification:_identify(install) ignored
[0.265s] Level 1:colcon.colcon_core.package_identification:_identify(log) by extensions ['ignore', 'ignore_ament_install']
[0.265s] Level 1:colcon.colcon_core.package_identification:_identify(log) by extension 'ignore'
[0.265s] Level 1:colcon.colcon_core.package_identification:_identify(log) ignored
[0.265s] Level 1:colcon.colcon_core.package_identification:_identify(src) by extensions ['ignore', 'ignore_ament_install']
[0.265s] Level 1:colcon.colcon_core.package_identification:_identify(src) by extension 'ignore'
[0.265s] Level 1:colcon.colcon_core.package_identification:_identify(src) by extension 'ignore_ament_install'
[0.265s] Level 1:colcon.colcon_core.package_identification:_identify(src) by extensions ['colcon_pkg']
[0.265s] Level 1:colcon.colcon_core.package_identification:_identify(src) by extension 'colcon_pkg'
[0.265s] Level 1:colcon.colcon_core.package_identification:_identify(src) by extensions ['colcon_meta']
[0.265s] Level 1:colcon.colcon_core.package_identification:_identify(src) by extension 'colcon_meta'
[0.265s] Level 1:colcon.colcon_core.package_identification:_identify(src) by extensions ['ros']
[0.265s] Level 1:colcon.colcon_core.package_identification:_identify(src) by extension 'ros'
[0.265s] Level 1:colcon.colcon_core.package_identification:_identify(src) by extensions ['cmake', 'python']
[0.265s] Level 1:colcon.colcon_core.package_identification:_identify(src) by extension 'cmake'
[0.265s] Level 1:colcon.colcon_core.package_identification:_identify(src) by extension 'python'
[0.265s] Level 1:colcon.colcon_core.package_identification:_identify(src) by extensions ['python_setup_py']
[0.265s] Level 1:colcon.colcon_core.package_identification:_identify(src) by extension 'python_setup_py'
[0.265s] Level 1:colcon.colcon_core.package_identification:_identify(src/aerial_transportation_mujoco_python) by extensions ['ignore', 'ignore_ament_install']
[0.266s] Level 1:colcon.colcon_core.package_identification:_identify(src/aerial_transportation_mujoco_python) by extension 'ignore'
[0.266s] Level 1:colcon.colcon_core.package_identification:_identify(src/aerial_transportation_mujoco_python) by extension 'ignore_ament_install'
[0.266s] Level 1:colcon.colcon_core.package_identification:_identify(src/aerial_transportation_mujoco_python) by extensions ['colcon_pkg']
[0.266s] Level 1:colcon.colcon_core.package_identification:_identify(src/aerial_transportation_mujoco_python) by extension 'colcon_pkg'
[0.266s] Level 1:colcon.colcon_core.package_identification:_identify(src/aerial_transportation_mujoco_python) by extensions ['colcon_meta']
[0.266s] Level 1:colcon.colcon_core.package_identification:_identify(src/aerial_transportation_mujoco_python) by extension 'colcon_meta'
[0.266s] Level 1:colcon.colcon_core.package_identification:_identify(src/aerial_transportation_mujoco_python) by extensions ['ros']
[0.266s] Level 1:colcon.colcon_core.package_identification:_identify(src/aerial_transportation_mujoco_python) by extension 'ros'
[0.268s] DEBUG:colcon.colcon_core.package_identification:Package 'src/aerial_transportation_mujoco_python' with type 'ros.ament_python' and name 'aerial_system_mujoco'
[0.268s] Level 1:colcon.colcon_core.package_identification:_identify(src/communication) by extensions ['ignore', 'ignore_ament_install']
[0.268s] Level 1:colcon.colcon_core.package_identification:_identify(src/communication) by extension 'ignore'
[0.268s] Level 1:colcon.colcon_core.package_identification:_identify(src/communication) by extension 'ignore_ament_install'
[0.268s] Level 1:colcon.colcon_core.package_identification:_identify(src/communication) by extensions ['colcon_pkg']
[0.268s] Level 1:colcon.colcon_core.package_identification:_identify(src/communication) by extension 'colcon_pkg'
[0.268s] Level 1:colcon.colcon_core.package_identification:_identify(src/communication) by extensions ['colcon_meta']
[0.268s] Level 1:colcon.colcon_core.package_identification:_identify(src/communication) by extension 'colcon_meta'
[0.268s] Level 1:colcon.colcon_core.package_identification:_identify(src/communication) by extensions ['ros']
[0.268s] Level 1:colcon.colcon_core.package_identification:_identify(src/communication) by extension 'ros'
[0.269s] DEBUG:colcon.colcon_core.package_identification:Package 'src/communication' with type 'ros.ament_cmake' and name 'communication'
[0.269s] Level 1:colcon.colcon_core.package_identification:_identify(src/mujoco_msgs) by extensions ['ignore', 'ignore_ament_install']
[0.269s] Level 1:colcon.colcon_core.package_identification:_identify(src/mujoco_msgs) by extension 'ignore'
[0.269s] Level 1:colcon.colcon_core.package_identification:_identify(src/mujoco_msgs) by extension 'ignore_ament_install'
[0.269s] Level 1:colcon.colcon_core.package_identification:_identify(src/mujoco_msgs) by extensions ['colcon_pkg']
[0.269s] Level 1:colcon.colcon_core.package_identification:_identify(src/mujoco_msgs) by extension 'colcon_pkg'
[0.269s] Level 1:colcon.colcon_core.package_identification:_identify(src/mujoco_msgs) by extensions ['colcon_meta']
[0.269s] Level 1:colcon.colcon_core.package_identification:_identify(src/mujoco_msgs) by extension 'colcon_meta'
[0.269s] Level 1:colcon.colcon_core.package_identification:_identify(src/mujoco_msgs) by extensions ['ros']
[0.269s] Level 1:colcon.colcon_core.package_identification:_identify(src/mujoco_msgs) by extension 'ros'
[0.269s] DEBUG:colcon.colcon_core.package_identification:Package 'src/mujoco_msgs' with type 'ros.ament_cmake' and name 'mujoco_msgs'
[0.269s] Level 1:colcon.colcon_core.package_discovery:discover_packages(recursive) using defaults
[0.269s] Level 1:colcon.colcon_core.package_discovery:discover_packages(ignore) discover
[0.269s] Level 1:colcon.colcon_core.package_discovery:discover_packages(ignore) using defaults
[0.269s] Level 1:colcon.colcon_core.package_discovery:discover_packages(path) discover
[0.269s] Level 1:colcon.colcon_core.package_discovery:discover_packages(path) using defaults
[0.291s] Level 5:colcon.colcon_core.verb:set package 'communication' build argument 'cmake_args' from command line to 'None'
[0.291s] Level 5:colcon.colcon_core.verb:set package 'communication' build argument 'cmake_target' from command line to 'None'
[0.291s] Level 5:colcon.colcon_core.verb:set package 'communication' build argument 'cmake_target_skip_unavailable' from command line to 'False'
[0.291s] Level 5:colcon.colcon_core.verb:set package 'communication' build argument 'cmake_clean_cache' from command line to 'False'
[0.291s] Level 5:colcon.colcon_core.verb:set package 'communication' build argument 'cmake_clean_first' from command line to 'False'
[0.291s] Level 5:colcon.colcon_core.verb:set package 'communication' build argument 'cmake_force_configure' from command line to 'False'
[0.291s] Level 5:colcon.colcon_core.verb:set package 'communication' build argument 'ament_cmake_args' from command line to 'None'
[0.291s] Level 5:colcon.colcon_core.verb:set package 'communication' build argument 'catkin_cmake_args' from command line to 'None'
[0.291s] Level 5:colcon.colcon_core.verb:set package 'communication' build argument 'catkin_skip_building_tests' from command line to 'False'
[0.291s] DEBUG:colcon.colcon_core.verb:Building package 'communication' with the following arguments: {'ament_cmake_args': None, 'build_base': '/root/ros2_ws/build/communication', 'catkin_cmake_args': None, 'catkin_skip_building_tests': False, 'cmake_args': None, 'cmake_clean_cache': False, 'cmake_clean_first': False, 'cmake_force_configure': False, 'cmake_target': None, 'cmake_target_skip_unavailable': False, 'install_base': '/root/ros2_ws/install/communication', 'merge_install': False, 'path': '/root/ros2_ws/src/communication', 'symlink_install': True, 'test_result_base': None}
[0.291s] Level 5:colcon.colcon_core.verb:set package 'mujoco_msgs' build argument 'cmake_args' from command line to 'None'
[0.291s] Level 5:colcon.colcon_core.verb:set package 'mujoco_msgs' build argument 'cmake_target' from command line to 'None'
[0.291s] Level 5:colcon.colcon_core.verb:set package 'mujoco_msgs' build argument 'cmake_target_skip_unavailable' from command line to 'False'
[0.291s] Level 5:colcon.colcon_core.verb:set package 'mujoco_msgs' build argument 'cmake_clean_cache' from command line to 'False'
[0.291s] Level 5:colcon.colcon_core.verb:set package 'mujoco_msgs' build argument 'cmake_clean_first' from command line to 'False'
[0.291s] Level 5:colcon.colcon_core.verb:set package 'mujoco_msgs' build argument 'cmake_force_configure' from command line to 'False'
[0.291s] Level 5:colcon.colcon_core.verb:set package 'mujoco_msgs' build argument 'ament_cmake_args' from command line to 'None'
[0.291s] Level 5:colcon.colcon_core.verb:set package 'mujoco_msgs' build argument 'catkin_cmake_args' from command line to 'None'
[0.291s] Level 5:colcon.colcon_core.verb:set package 'mujoco_msgs' build argument 'catkin_skip_building_tests' from command line to 'False'
[0.291s] DEBUG:colcon.colcon_core.verb:Building package 'mujoco_msgs' with the following arguments: {'ament_cmake_args': None, 'build_base': '/root/ros2_ws/build/mujoco_msgs', 'catkin_cmake_args': None, 'catkin_skip_building_tests': False, 'cmake_args': None, 'cmake_clean_cache': False, 'cmake_clean_first': False, 'cmake_force_configure': False, 'cmake_target': None, 'cmake_target_skip_unavailable': False, 'install_base': '/root/ros2_ws/install/mujoco_msgs', 'merge_install': False, 'path': '/root/ros2_ws/src/mujoco_msgs', 'symlink_install': True, 'test_result_base': None}
[0.292s] Level 5:colcon.colcon_core.verb:set package 'aerial_system_mujoco' build argument 'cmake_args' from command line to 'None'
[0.292s] Level 5:colcon.colcon_core.verb:set package 'aerial_system_mujoco' build argument 'cmake_target' from command line to 'None'
[0.292s] Level 5:colcon.colcon_core.verb:set package 'aerial_system_mujoco' build argument 'cmake_target_skip_unavailable' from command line to 'False'
[0.292s] Level 5:colcon.colcon_core.verb:set package 'aerial_system_mujoco' build argument 'cmake_clean_cache' from command line to 'False'
[0.292s] Level 5:colcon.colcon_core.verb:set package 'aerial_system_mujoco' build argument 'cmake_clean_first' from command line to 'False'
[0.292s] Level 5:colcon.colcon_core.verb:set package 'aerial_system_mujoco' build argument 'cmake_force_configure' from command line to 'False'
[0.292s] Level 5:colcon.colcon_core.verb:set package 'aerial_system_mujoco' build argument 'ament_cmake_args' from command line to 'None'
[0.292s] Level 5:colcon.colcon_core.verb:set package 'aerial_system_mujoco' build argument 'catkin_cmake_args' from command line to 'None'
[0.292s] Level 5:colcon.colcon_core.verb:set package 'aerial_system_mujoco' build argument 'catkin_skip_building_tests' from command line to 'False'
[0.292s] DEBUG:colcon.colcon_core.verb:Building package 'aerial_system_mujoco' with the following arguments: {'ament_cmake_args': None, 'build_base': '/root/ros2_ws/build/aerial_system_mujoco', 'catkin_cmake_args': None, 'catkin_skip_building_tests': False, 'cmake_args': None, 'cmake_clean_cache': False, 'cmake_clean_first': False, 'cmake_force_configure': False, 'cmake_target': None, 'cmake_target_skip_unavailable': False, 'install_base': '/root/ros2_ws/install/aerial_system_mujoco', 'merge_install': False, 'path': '/root/ros2_ws/src/aerial_transportation_mujoco_python', 'symlink_install': True, 'test_result_base': None}
[0.292s] INFO:colcon.colcon_core.executor:Executing jobs using 'parallel' executor
[0.293s] DEBUG:colcon.colcon_parallel_executor.executor.parallel:run_until_complete
[0.293s] INFO:colcon.colcon_ros.task.ament_cmake.build:Building ROS package in '/root/ros2_ws/src/mujoco_msgs' with build type 'ament_cmake'
[0.293s] INFO:colcon.colcon_cmake.task.cmake.build:Building CMake package in '/root/ros2_ws/src/mujoco_msgs'
[0.296s] INFO:colcon.colcon_core.plugin_system:Skipping extension 'colcon_core.shell.bat': Not used on non-Windows systems
[0.296s] INFO:colcon.colcon_core.shell:Skip shell extension 'powershell' for command environment: Not usable outside of PowerShell
[0.296s] DEBUG:colcon.colcon_core.shell:Skip shell extension 'dsv' for command environment
[0.301s] INFO:colcon.colcon_ros.task.ament_cmake.build:Building ROS package in '/root/ros2_ws/src/communication' with build type 'ament_cmake'
[0.301s] INFO:colcon.colcon_cmake.task.cmake.build:Building CMake package in '/root/ros2_ws/src/communication'
[0.301s] INFO:colcon.colcon_core.shell:Skip shell extension 'powershell' for command environment: Not usable outside of PowerShell
[0.302s] DEBUG:colcon.colcon_core.shell:Skip shell extension 'dsv' for command environment
[0.307s] DEBUG:colcon.colcon_core.event_handler.log_command:Invoking command in '/root/ros2_ws/build/mujoco_msgs': CMAKE_PREFIX_PATH=${CMAKE_PREFIX_PATH}:/root/ros2_ws/install/aerial_system_mujoco:/opt/ros/humble /usr/bin/cmake --build /root/ros2_ws/build/mujoco_msgs -- -j16 -l16
[0.313s] DEBUG:colcon.colcon_core.event_handler.log_command:Invoking command in '/root/ros2_ws/build/communication': CMAKE_PREFIX_PATH=${CMAKE_PREFIX_PATH}:/root/ros2_ws/install/aerial_system_mujoco:/opt/ros/humble /usr/bin/cmake --build /root/ros2_ws/build/communication -- -j16 -l16
[0.618s] DEBUG:colcon.colcon_core.event_handler.log_command:Invoked command in '/root/ros2_ws/build/communication' returned '0': CMAKE_PREFIX_PATH=${CMAKE_PREFIX_PATH}:/root/ros2_ws/install/aerial_system_mujoco:/opt/ros/humble /usr/bin/cmake --build /root/ros2_ws/build/communication -- -j16 -l16
[0.625s] DEBUG:colcon.colcon_core.event_handler.log_command:Invoking command in '/root/ros2_ws/build/communication': CMAKE_PREFIX_PATH=${CMAKE_PREFIX_PATH}:/root/ros2_ws/install/aerial_system_mujoco:/opt/ros/humble /usr/bin/cmake --install /root/ros2_ws/build/communication
[0.626s] DEBUG:colcon.colcon_core.event_handler.log_command:Invoked command in '/root/ros2_ws/build/mujoco_msgs' returned '0': CMAKE_PREFIX_PATH=${CMAKE_PREFIX_PATH}:/root/ros2_ws/install/aerial_system_mujoco:/opt/ros/humble /usr/bin/cmake --build /root/ros2_ws/build/mujoco_msgs -- -j16 -l16
[0.627s] DEBUG:colcon.colcon_core.event_handler.log_command:Invoking command in '/root/ros2_ws/build/mujoco_msgs': CMAKE_PREFIX_PATH=${CMAKE_PREFIX_PATH}:/root/ros2_ws/install/aerial_system_mujoco:/opt/ros/humble /usr/bin/cmake --install /root/ros2_ws/build/mujoco_msgs
[0.683s] Level 1:colcon.colcon_core.environment:create_environment_scripts_only(mujoco_msgs)
[0.683s] DEBUG:colcon.colcon_core.event_handler.log_command:Invoked command in '/root/ros2_ws/build/mujoco_msgs' returned '0': CMAKE_PREFIX_PATH=${CMAKE_PREFIX_PATH}:/root/ros2_ws/install/aerial_system_mujoco:/opt/ros/humble /usr/bin/cmake --install /root/ros2_ws/build/mujoco_msgs
[0.687s] Level 1:colcon.colcon_core.environment:checking '/root/ros2_ws/install/mujoco_msgs' for CMake module files
[0.687s] Level 1:colcon.colcon_core.environment:checking '/root/ros2_ws/install/mujoco_msgs' for CMake config files
[0.688s] Level 1:colcon.colcon_core.shell:create_environment_hook('mujoco_msgs', 'cmake_prefix_path')
[0.689s] INFO:colcon.colcon_core.shell:Creating environment hook '/root/ros2_ws/install/mujoco_msgs/share/mujoco_msgs/hook/cmake_prefix_path.ps1'
[0.690s] INFO:colcon.colcon_core.shell:Creating environment descriptor '/root/ros2_ws/install/mujoco_msgs/share/mujoco_msgs/hook/cmake_prefix_path.dsv'
[0.691s] INFO:colcon.colcon_core.shell:Creating environment hook '/root/ros2_ws/install/mujoco_msgs/share/mujoco_msgs/hook/cmake_prefix_path.sh'
[0.692s] Level 1:colcon.colcon_core.environment:checking '/root/ros2_ws/install/mujoco_msgs/lib'
[0.692s] Level 1:colcon.colcon_core.shell:create_environment_hook('mujoco_msgs', 'ld_library_path_lib')
[0.692s] INFO:colcon.colcon_core.shell:Creating environment hook '/root/ros2_ws/install/mujoco_msgs/share/mujoco_msgs/hook/ld_library_path_lib.ps1'
[0.693s] INFO:colcon.colcon_core.shell:Creating environment descriptor '/root/ros2_ws/install/mujoco_msgs/share/mujoco_msgs/hook/ld_library_path_lib.dsv'
[0.693s] INFO:colcon.colcon_core.shell:Creating environment hook '/root/ros2_ws/install/mujoco_msgs/share/mujoco_msgs/hook/ld_library_path_lib.sh'
[0.693s] Level 1:colcon.colcon_core.environment:checking '/root/ros2_ws/install/mujoco_msgs/bin'
[0.693s] Level 1:colcon.colcon_core.environment:checking '/root/ros2_ws/install/mujoco_msgs/lib/pkgconfig/mujoco_msgs.pc'
[0.694s] Level 1:colcon.colcon_core.environment:checking '/root/ros2_ws/install/mujoco_msgs/lib/python3.10/site-packages'
[0.695s] Level 1:colcon.colcon_core.environment:checking '/root/ros2_ws/install/mujoco_msgs/bin'
[0.695s] INFO:colcon.colcon_core.shell:Creating package script '/root/ros2_ws/install/mujoco_msgs/share/mujoco_msgs/package.ps1'
[0.695s] INFO:colcon.colcon_core.shell:Creating package descriptor '/root/ros2_ws/install/mujoco_msgs/share/mujoco_msgs/package.dsv'
[0.696s] INFO:colcon.colcon_core.shell:Creating package script '/root/ros2_ws/install/mujoco_msgs/share/mujoco_msgs/package.sh'
[0.696s] INFO:colcon.colcon_core.shell:Creating package script '/root/ros2_ws/install/mujoco_msgs/share/mujoco_msgs/package.bash'
[0.697s] INFO:colcon.colcon_core.shell:Creating package script '/root/ros2_ws/install/mujoco_msgs/share/mujoco_msgs/package.zsh'
[0.697s] Level 1:colcon.colcon_core.environment:create_file_with_runtime_dependencies(/root/ros2_ws/install/mujoco_msgs/share/colcon-core/packages/mujoco_msgs)
[0.697s] Level 1:colcon.colcon_core.environment:create_environment_scripts_only(mujoco_msgs)
[0.698s] Level 1:colcon.colcon_core.environment:checking '/root/ros2_ws/install/mujoco_msgs' for CMake module files
[0.698s] Level 1:colcon.colcon_core.environment:checking '/root/ros2_ws/install/mujoco_msgs' for CMake config files
[0.698s] Level 1:colcon.colcon_core.shell:create_environment_hook('mujoco_msgs', 'cmake_prefix_path')
[0.699s] INFO:colcon.colcon_core.shell:Creating environment hook '/root/ros2_ws/install/mujoco_msgs/share/mujoco_msgs/hook/cmake_prefix_path.ps1'
[0.699s] INFO:colcon.colcon_core.shell:Creating environment descriptor '/root/ros2_ws/install/mujoco_msgs/share/mujoco_msgs/hook/cmake_prefix_path.dsv'
[0.699s] INFO:colcon.colcon_core.shell:Creating environment hook '/root/ros2_ws/install/mujoco_msgs/share/mujoco_msgs/hook/cmake_prefix_path.sh'
[0.699s] Level 1:colcon.colcon_core.environment:checking '/root/ros2_ws/install/mujoco_msgs/lib'
[0.699s] Level 1:colcon.colcon_core.shell:create_environment_hook('mujoco_msgs', 'ld_library_path_lib')
[0.700s] INFO:colcon.colcon_core.shell:Creating environment hook '/root/ros2_ws/install/mujoco_msgs/share/mujoco_msgs/hook/ld_library_path_lib.ps1'
[0.700s] INFO:colcon.colcon_core.shell:Creating environment descriptor '/root/ros2_ws/install/mujoco_msgs/share/mujoco_msgs/hook/ld_library_path_lib.dsv'
[0.700s] INFO:colcon.colcon_core.shell:Creating environment hook '/root/ros2_ws/install/mujoco_msgs/share/mujoco_msgs/hook/ld_library_path_lib.sh'
[0.700s] Level 1:colcon.colcon_core.environment:checking '/root/ros2_ws/install/mujoco_msgs/bin'
[0.700s] Level 1:colcon.colcon_core.environment:checking '/root/ros2_ws/install/mujoco_msgs/lib/pkgconfig/mujoco_msgs.pc'
[0.700s] Level 1:colcon.colcon_core.environment:checking '/root/ros2_ws/install/mujoco_msgs/lib/python3.10/site-packages'
[0.700s] Level 1:colcon.colcon_core.environment:checking '/root/ros2_ws/install/mujoco_msgs/bin'
[0.701s] INFO:colcon.colcon_core.shell:Creating package script '/root/ros2_ws/install/mujoco_msgs/share/mujoco_msgs/package.ps1'
[0.701s] INFO:colcon.colcon_core.shell:Creating package descriptor '/root/ros2_ws/install/mujoco_msgs/share/mujoco_msgs/package.dsv'
[0.701s] INFO:colcon.colcon_core.shell:Creating package script '/root/ros2_ws/install/mujoco_msgs/share/mujoco_msgs/package.sh'
[0.701s] INFO:colcon.colcon_core.shell:Creating package script '/root/ros2_ws/install/mujoco_msgs/share/mujoco_msgs/package.bash'
[0.701s] INFO:colcon.colcon_core.shell:Creating package script '/root/ros2_ws/install/mujoco_msgs/share/mujoco_msgs/package.zsh'
[0.702s] Level 1:colcon.colcon_core.environment:create_file_with_runtime_dependencies(/root/ros2_ws/install/mujoco_msgs/share/colcon-core/packages/mujoco_msgs)
[0.702s] INFO:colcon.colcon_ros.task.ament_python.build:Building ROS package in '/root/ros2_ws/src/aerial_transportation_mujoco_python' with build type 'ament_python'
[0.702s] Level 1:colcon.colcon_core.shell:create_environment_hook('aerial_system_mujoco', 'ament_prefix_path')
[0.702s] INFO:colcon.colcon_core.shell:Creating environment hook '/root/ros2_ws/install/aerial_system_mujoco/share/aerial_system_mujoco/hook/ament_prefix_path.ps1'
[0.703s] INFO:colcon.colcon_core.shell:Creating environment descriptor '/root/ros2_ws/install/aerial_system_mujoco/share/aerial_system_mujoco/hook/ament_prefix_path.dsv'
[0.703s] INFO:colcon.colcon_core.shell:Creating environment hook '/root/ros2_ws/install/aerial_system_mujoco/share/aerial_system_mujoco/hook/ament_prefix_path.sh'
[0.703s] INFO:colcon.colcon_core.shell:Skip shell extension 'powershell' for command environment: Not usable outside of PowerShell
[0.703s] DEBUG:colcon.colcon_core.shell:Skip shell extension 'dsv' for command environment
[0.706s] Level 1:colcon.colcon_core.environment:create_environment_scripts_only(communication)
[0.706s] Level 1:colcon.colcon_core.environment:checking '/root/ros2_ws/install/communication' for CMake module files
[0.706s] DEBUG:colcon.colcon_core.event_handler.log_command:Invoked command in '/root/ros2_ws/build/communication' returned '0': CMAKE_PREFIX_PATH=${CMAKE_PREFIX_PATH}:/root/ros2_ws/install/aerial_system_mujoco:/opt/ros/humble /usr/bin/cmake --install /root/ros2_ws/build/communication
[0.707s] Level 1:colcon.colcon_core.environment:checking '/root/ros2_ws/install/communication' for CMake config files
[0.708s] Level 1:colcon.colcon_core.shell:create_environment_hook('communication', 'cmake_prefix_path')
[0.708s] INFO:colcon.colcon_core.shell:Creating environment hook '/root/ros2_ws/install/communication/share/communication/hook/cmake_prefix_path.ps1'
[0.709s] INFO:colcon.colcon_core.shell:Creating environment descriptor '/root/ros2_ws/install/communication/share/communication/hook/cmake_prefix_path.dsv'
[0.709s] INFO:colcon.colcon_core.shell:Creating environment hook '/root/ros2_ws/install/communication/share/communication/hook/cmake_prefix_path.sh'
[0.709s] Level 1:colcon.colcon_core.environment:checking '/root/ros2_ws/install/communication/lib'
[0.709s] Level 1:colcon.colcon_core.shell:create_environment_hook('communication', 'ld_library_path_lib')
[0.709s] INFO:colcon.colcon_core.shell:Creating environment hook '/root/ros2_ws/install/communication/share/communication/hook/ld_library_path_lib.ps1'
[0.710s] INFO:colcon.colcon_core.shell:Creating environment descriptor '/root/ros2_ws/install/communication/share/communication/hook/ld_library_path_lib.dsv'
[0.710s] INFO:colcon.colcon_core.shell:Creating environment hook '/root/ros2_ws/install/communication/share/communication/hook/ld_library_path_lib.sh'
[0.710s] Level 1:colcon.colcon_core.environment:checking '/root/ros2_ws/install/communication/bin'
[0.710s] Level 1:colcon.colcon_core.environment:checking '/root/ros2_ws/install/communication/lib/pkgconfig/communication.pc'
[0.710s] Level 1:colcon.colcon_core.environment:checking '/root/ros2_ws/install/communication/lib/python3.10/site-packages'
[0.711s] Level 1:colcon.colcon_core.environment:checking '/root/ros2_ws/install/communication/bin'
[0.711s] INFO:colcon.colcon_core.shell:Creating package script '/root/ros2_ws/install/communication/share/communication/package.ps1'
[0.711s] INFO:colcon.colcon_core.shell:Creating package descriptor '/root/ros2_ws/install/communication/share/communication/package.dsv'
[0.711s] INFO:colcon.colcon_core.shell:Creating package script '/root/ros2_ws/install/communication/share/communication/package.sh'
[0.712s] INFO:colcon.colcon_core.shell:Creating package script '/root/ros2_ws/install/communication/share/communication/package.bash'
[0.712s] INFO:colcon.colcon_core.shell:Creating package script '/root/ros2_ws/install/communication/share/communication/package.zsh'
[0.712s] Level 1:colcon.colcon_core.environment:create_file_with_runtime_dependencies(/root/ros2_ws/install/communication/share/colcon-core/packages/communication)
[0.712s] Level 1:colcon.colcon_core.environment:create_environment_scripts_only(communication)
[0.712s] Level 1:colcon.colcon_core.environment:checking '/root/ros2_ws/install/communication' for CMake module files
[0.713s] Level 1:colcon.colcon_core.environment:checking '/root/ros2_ws/install/communication' for CMake config files
[0.713s] Level 1:colcon.colcon_core.shell:create_environment_hook('communication', 'cmake_prefix_path')
[0.714s] INFO:colcon.colcon_core.shell:Creating environment hook '/root/ros2_ws/install/communication/share/communication/hook/cmake_prefix_path.ps1'
[0.714s] INFO:colcon.colcon_core.shell:Creating environment descriptor '/root/ros2_ws/install/communication/share/communication/hook/cmake_prefix_path.dsv'
[0.714s] INFO:colcon.colcon_core.shell:Creating environment hook '/root/ros2_ws/install/communication/share/communication/hook/cmake_prefix_path.sh'
[0.714s] Level 1:colcon.colcon_core.environment:checking '/root/ros2_ws/install/communication/lib'
[0.714s] Level 1:colcon.colcon_core.shell:create_environment_hook('communication', 'ld_library_path_lib')
[0.714s] INFO:colcon.colcon_core.shell:Creating environment hook '/root/ros2_ws/install/communication/share/communication/hook/ld_library_path_lib.ps1'
[0.715s] INFO:colcon.colcon_core.shell:Creating environment descriptor '/root/ros2_ws/install/communication/share/communication/hook/ld_library_path_lib.dsv'
[0.715s] INFO:colcon.colcon_core.shell:Creating environment hook '/root/ros2_ws/install/communication/share/communication/hook/ld_library_path_lib.sh'
[0.715s] Level 1:colcon.colcon_core.environment:checking '/root/ros2_ws/install/communication/bin'
[0.715s] Level 1:colcon.colcon_core.environment:checking '/root/ros2_ws/install/communication/lib/pkgconfig/communication.pc'
[0.715s] Level 1:colcon.colcon_core.environment:checking '/root/ros2_ws/install/communication/lib/python3.10/site-packages'
[0.715s] Level 1:colcon.colcon_core.environment:checking '/root/ros2_ws/install/communication/bin'
[0.715s] INFO:colcon.colcon_core.shell:Creating package script '/root/ros2_ws/install/communication/share/communication/package.ps1'
[0.716s] INFO:colcon.colcon_core.shell:Creating package descriptor '/root/ros2_ws/install/communication/share/communication/package.dsv'
[0.716s] INFO:colcon.colcon_core.shell:Creating package script '/root/ros2_ws/install/communication/share/communication/package.sh'
[0.717s] INFO:colcon.colcon_core.shell:Creating package script '/root/ros2_ws/install/communication/share/communication/package.bash'
[0.717s] INFO:colcon.colcon_core.shell:Creating package script '/root/ros2_ws/install/communication/share/communication/package.zsh'
[0.717s] Level 1:colcon.colcon_core.environment:create_file_with_runtime_dependencies(/root/ros2_ws/install/communication/share/colcon-core/packages/communication)
[0.860s] INFO:colcon.colcon_core.task.python.build:Building Python package in '/root/ros2_ws/src/aerial_transportation_mujoco_python'
[0.861s] INFO:colcon.colcon_core.shell:Skip shell extension 'powershell' for command environment: Not usable outside of PowerShell
[0.861s] DEBUG:colcon.colcon_core.shell:Skip shell extension 'dsv' for command environment
[1.065s] DEBUG:colcon.colcon_core.event_handler.log_command:Invoking command in '/root/ros2_ws/build/aerial_system_mujoco': PYTHONPATH=/root/ros2_ws/build/aerial_system_mujoco/prefix_override:/usr/lib/python3/dist-packages/colcon_core/task/python/colcon_distutils_commands:/root/ros2_ws/install/aerial_system_mujoco/lib/python3.10/site-packages:${PYTHONPATH} /usr/bin/python3 -W ignore:setup.py install is deprecated -W ignore:easy_install command is deprecated setup.py develop --editable --build-directory /root/ros2_ws/build/aerial_system_mujoco/build --no-deps symlink_data
[1.319s] Level 1:colcon.colcon_core.shell:create_environment_hook('aerial_system_mujoco', 'pythonpath_develop')
[1.319s] INFO:colcon.colcon_core.shell:Creating environment hook '/root/ros2_ws/build/aerial_system_mujoco/share/aerial_system_mujoco/hook/pythonpath_develop.ps1'
[1.319s] DEBUG:colcon.colcon_core.event_handler.log_command:Invoked command in '/root/ros2_ws/build/aerial_system_mujoco' returned '0': PYTHONPATH=/root/ros2_ws/build/aerial_system_mujoco/prefix_override:/usr/lib/python3/dist-packages/colcon_core/task/python/colcon_distutils_commands:/root/ros2_ws/install/aerial_system_mujoco/lib/python3.10/site-packages:${PYTHONPATH} /usr/bin/python3 -W ignore:setup.py install is deprecated -W ignore:easy_install command is deprecated setup.py develop --editable --build-directory /root/ros2_ws/build/aerial_system_mujoco/build --no-deps symlink_data
[1.320s] INFO:colcon.colcon_core.shell:Creating environment descriptor '/root/ros2_ws/build/aerial_system_mujoco/share/aerial_system_mujoco/hook/pythonpath_develop.dsv'
[1.320s] INFO:colcon.colcon_core.shell:Creating environment hook '/root/ros2_ws/build/aerial_system_mujoco/share/aerial_system_mujoco/hook/pythonpath_develop.sh'
[1.321s] Level 1:colcon.colcon_core.environment:checking '/root/ros2_ws/install/aerial_system_mujoco' for CMake module files
[1.322s] Level 1:colcon.colcon_core.environment:checking '/root/ros2_ws/install/aerial_system_mujoco' for CMake config files
[1.322s] Level 1:colcon.colcon_core.environment:checking '/root/ros2_ws/install/aerial_system_mujoco/lib'
[1.322s] Level 1:colcon.colcon_core.environment:checking '/root/ros2_ws/install/aerial_system_mujoco/bin'
[1.322s] Level 1:colcon.colcon_core.environment:checking '/root/ros2_ws/install/aerial_system_mujoco/lib/pkgconfig/aerial_system_mujoco.pc'
[1.322s] Level 1:colcon.colcon_core.environment:checking '/root/ros2_ws/install/aerial_system_mujoco/lib/python3.10/site-packages'
[1.323s] Level 1:colcon.colcon_core.shell:create_environment_hook('aerial_system_mujoco', 'pythonpath')
[1.323s] INFO:colcon.colcon_core.shell:Creating environment hook '/root/ros2_ws/install/aerial_system_mujoco/share/aerial_system_mujoco/hook/pythonpath.ps1'
[1.323s] INFO:colcon.colcon_core.shell:Creating environment descriptor '/root/ros2_ws/install/aerial_system_mujoco/share/aerial_system_mujoco/hook/pythonpath.dsv'
[1.323s] INFO:colcon.colcon_core.shell:Creating environment hook '/root/ros2_ws/install/aerial_system_mujoco/share/aerial_system_mujoco/hook/pythonpath.sh'
[1.324s] Level 1:colcon.colcon_core.environment:checking '/root/ros2_ws/install/aerial_system_mujoco/bin'
[1.324s] Level 1:colcon.colcon_core.environment:create_environment_scripts_only(aerial_system_mujoco)
[1.324s] INFO:colcon.colcon_core.shell:Creating package script '/root/ros2_ws/install/aerial_system_mujoco/share/aerial_system_mujoco/package.ps1'
[1.324s] INFO:colcon.colcon_core.shell:Creating package descriptor '/root/ros2_ws/install/aerial_system_mujoco/share/aerial_system_mujoco/package.dsv'
[1.324s] INFO:colcon.colcon_core.shell:Creating package script '/root/ros2_ws/install/aerial_system_mujoco/share/aerial_system_mujoco/package.sh'
[1.324s] INFO:colcon.colcon_core.shell:Creating package script '/root/ros2_ws/install/aerial_system_mujoco/share/aerial_system_mujoco/package.bash'
[1.325s] INFO:colcon.colcon_core.shell:Creating package script '/root/ros2_ws/install/aerial_system_mujoco/share/aerial_system_mujoco/package.zsh'
[1.325s] Level 1:colcon.colcon_core.environment:create_file_with_runtime_dependencies(/root/ros2_ws/install/aerial_system_mujoco/share/colcon-core/packages/aerial_system_mujoco)
[1.325s] DEBUG:colcon.colcon_parallel_executor.executor.parallel:closing loop
[1.325s] DEBUG:colcon.colcon_parallel_executor.executor.parallel:loop closed
[1.325s] DEBUG:colcon.colcon_parallel_executor.executor.parallel:run_until_complete finished with '0'
[1.325s] DEBUG:colcon.colcon_core.event_reactor:joining thread
[1.331s] INFO:colcon.colcon_core.plugin_system:Skipping extension 'colcon_notification.desktop_notification.notify_send': Could not find 'notify-send'
[1.331s] INFO:colcon.colcon_core.plugin_system:Skipping extension 'colcon_notification.desktop_notification.terminal_notifier': Not used on non-Darwin systems
[1.331s] INFO:colcon.colcon_core.plugin_system:Skipping extension 'colcon_notification.desktop_notification.win32': Not used on non-Windows systems
[1.331s] INFO:colcon.colcon_notification.desktop_notification:Sending desktop notification using 'notify2'
[1.335s] DEBUG:colcon.colcon_notification.desktop_notification.notify2:Failed to initialize notify2: org.freedesktop.DBus.Error.Spawn.ExecFailed: /usr/bin/dbus-launch terminated abnormally without any error message
[1.335s] DEBUG:colcon.colcon_core.event_reactor:joined thread
[1.335s] INFO:colcon.colcon_core.shell:Creating prefix script '/root/ros2_ws/install/local_setup.ps1'
[1.336s] INFO:colcon.colcon_core.shell:Creating prefix util module '/root/ros2_ws/install/_local_setup_util_ps1.py'
[1.338s] INFO:colcon.colcon_core.shell:Creating prefix chain script '/root/ros2_ws/install/setup.ps1'
[1.339s] INFO:colcon.colcon_core.shell:Creating prefix script '/root/ros2_ws/install/local_setup.sh'
[1.340s] INFO:colcon.colcon_core.shell:Creating prefix util module '/root/ros2_ws/install/_local_setup_util_sh.py'
[1.341s] INFO:colcon.colcon_core.shell:Creating prefix chain script '/root/ros2_ws/install/setup.sh'
[1.345s] INFO:colcon.colcon_core.shell:Creating prefix script '/root/ros2_ws/install/local_setup.bash'
[1.346s] INFO:colcon.colcon_core.shell:Creating prefix chain script '/root/ros2_ws/install/setup.bash'
[1.349s] INFO:colcon.colcon_core.shell:Creating prefix script '/root/ros2_ws/install/local_setup.zsh'
[1.350s] INFO:colcon.colcon_core.shell:Creating prefix chain script '/root/ros2_ws/install/setup.zsh'
