[0.012s] Invoking command in '/root/ros2_ws/build/mujoco_msgs': CMAKE_PREFIX_PATH=/opt/ros/humble /usr/bin/cmake /root/ros2_ws/src/mujoco_msgs -DAMENT_CMAKE_SYMLINK_INSTALL=1 -DCMAKE_INSTALL_PREFIX=/root/ros2_ws/install/mujoco_msgs
[0.076s] -- The C compiler identification is GNU 11.4.0
[0.117s] -- The CXX compiler identification is GNU 11.4.0
[0.121s] -- Detecting C compiler ABI info
[0.166s] -- Detecting C compiler ABI info - done
[0.172s] -- Check for working C compiler: /usr/bin/cc - skipped
[0.172s] -- Detecting C compile features
[0.172s] -- Detecting C compile features - done
[0.176s] -- Detecting CXX compiler ABI info
[0.225s] -- Detecting CXX compiler ABI info - done
[0.229s] -- Check for working CXX compiler: /usr/bin/c++ - skipped
[0.229s] -- Detecting CXX compile features
[0.229s] -- Detecting CXX compile features - done
[0.232s] -- Found ament_cmake: 1.3.11 (/opt/ros/humble/share/ament_cmake/cmake)
[0.334s] -- Found Python3: /usr/bin/python3 (found version "3.10.12") found components: Interpreter 
[0.372s] -- Override CMake install command with custom implementation using symlinks instead of copying resources
[0.408s] -- Found std_msgs: 4.2.4 (/opt/ros/humble/share/std_msgs/cmake)
[0.446s] -- Found rosidl_generator_c: 3.1.6 (/opt/ros/humble/share/rosidl_generator_c/cmake)
[0.451s] -- Found rosidl_adapter: 3.1.6 (/opt/ros/humble/share/rosidl_adapter/cmake)
[0.460s] -- Found rosidl_generator_cpp: 3.1.6 (/opt/ros/humble/share/rosidl_generator_cpp/cmake)
[0.470s] -- Using all available rosidl_typesupport_c: rosidl_typesupport_fastrtps_c;rosidl_typesupport_introspection_c
[0.484s] -- Using all available rosidl_typesupport_cpp: rosidl_typesupport_fastrtps_cpp;rosidl_typesupport_introspection_cpp
[0.506s] -- Found nav_msgs: 4.2.4 (/opt/ros/humble/share/nav_msgs/cmake)
[0.529s] -- Found rosidl_default_generators: 1.2.0 (/opt/ros/humble/share/rosidl_default_generators/cmake)
[0.691s] -- Found ament_cmake_ros: 0.10.0 (/opt/ros/humble/share/ament_cmake_ros/cmake)
[0.929s] -- Using all available rosidl_typesupport_c: rosidl_typesupport_fastrtps_c;rosidl_typesupport_introspection_c
[1.019s] -- Using all available rosidl_typesupport_cpp: rosidl_typesupport_fastrtps_cpp;rosidl_typesupport_introspection_cpp
[1.034s] -- Found PythonInterp: /usr/bin/python3 (found suitable version "3.10.12", minimum required is "3.6") 
[1.036s] -- Found python_cmake_module: 0.10.0 (/opt/ros/humble/share/python_cmake_module/cmake)
[1.056s] -- Found PythonLibs: /usr/lib/x86_64-linux-gnu/libpython3.10.so (found suitable version "3.10.12", minimum required is "3.5") 
[1.056s] -- Using PYTHON_EXECUTABLE: /usr/bin/python3
[1.056s] -- Using PYTHON_INCLUDE_DIRS: /usr/include/python3.10
[1.056s] -- Using PYTHON_LIBRARIES: /usr/lib/x86_64-linux-gnu/libpython3.10.so
[1.069s] -- Found PythonExtra: .so  
[1.107s] -- Configuring done
[1.125s] -- Generating done
[1.132s] -- Build files have been written to: /root/ros2_ws/build/mujoco_msgs
[1.137s] Invoked command in '/root/ros2_ws/build/mujoco_msgs' returned '0': CMAKE_PREFIX_PATH=/opt/ros/humble /usr/bin/cmake /root/ros2_ws/src/mujoco_msgs -DAMENT_CMAKE_SYMLINK_INSTALL=1 -DCMAKE_INSTALL_PREFIX=/root/ros2_ws/install/mujoco_msgs
[1.138s] Invoking command in '/root/ros2_ws/build/mujoco_msgs': CMAKE_PREFIX_PATH=/opt/ros/humble /usr/bin/cmake --build /root/ros2_ws/build/mujoco_msgs -- -j16 -l16
[1.172s] [  3%] [34m[1mGenerating C code for ROS interfaces[0m
[1.192s] [  6%] [34m[1mGenerating C++ code for ROS interfaces[0m
[1.204s] [  6%] Built target ament_cmake_python_symlink_mujoco_msgs
[1.340s] [  6%] Built target mujoco_msgs__cpp
[1.346s] [  9%] [32mBuilding C object CMakeFiles/mujoco_msgs__rosidl_generator_c.dir/rosidl_generator_c/mujoco_msgs/msg/detail/control__functions.c.o[0m
[1.346s] [ 12%] [34m[1mGenerating C++ type support for eProsima Fast-RTPS[0m
[1.348s] [ 16%] [34m[1mGenerating C++ introspection for ROS interfaces[0m
[1.349s] [ 19%] [34m[1mGenerating C++ type support dispatch for ROS interfaces[0m
[1.352s] running egg_info
[1.353s] creating mujoco_msgs.egg-info
[1.353s] writing mujoco_msgs.egg-info/PKG-INFO
[1.353s] writing dependency_links to mujoco_msgs.egg-info/dependency_links.txt
[1.353s] writing top-level names to mujoco_msgs.egg-info/top_level.txt
[1.353s] writing manifest file 'mujoco_msgs.egg-info/SOURCES.txt'
[1.355s] reading manifest file 'mujoco_msgs.egg-info/SOURCES.txt'
[1.356s] writing manifest file 'mujoco_msgs.egg-info/SOURCES.txt'
[1.374s] [ 19%] Built target ament_cmake_python_build_mujoco_msgs_egg
[1.375s] [ 22%] [32m[1mLinking C shared library libmujoco_msgs__rosidl_generator_c.so[0m
[1.401s] [ 22%] Built target mujoco_msgs__rosidl_generator_c
[1.407s] [ 25%] [34m[1mGenerating C type support for eProsima Fast-RTPS[0m
[1.407s] [ 29%] [34m[1mGenerating C introspection for ROS interfaces[0m
[1.410s] [ 32%] [34m[1mGenerating C type support dispatch for ROS interfaces[0m
[1.503s] [ 35%] [32mBuilding CXX object CMakeFiles/mujoco_msgs__rosidl_typesupport_introspection_cpp.dir/rosidl_typesupport_introspection_cpp/mujoco_msgs/msg/detail/control__type_support.cpp.o[0m
[1.551s] [ 38%] [32mBuilding CXX object CMakeFiles/mujoco_msgs__rosidl_typesupport_fastrtps_cpp.dir/rosidl_typesupport_fastrtps_cpp/mujoco_msgs/msg/detail/dds_fastrtps/control__type_support.cpp.o[0m
[1.553s] [ 41%] [32mBuilding CXX object CMakeFiles/mujoco_msgs__rosidl_typesupport_c.dir/rosidl_typesupport_c/mujoco_msgs/msg/control__type_support.cpp.o[0m
[1.558s] [ 45%] [32mBuilding CXX object CMakeFiles/mujoco_msgs__rosidl_typesupport_cpp.dir/rosidl_typesupport_cpp/mujoco_msgs/msg/control__type_support.cpp.o[0m
[1.571s] [ 48%] [32mBuilding CXX object CMakeFiles/mujoco_msgs__rosidl_typesupport_fastrtps_c.dir/rosidl_typesupport_fastrtps_c/mujoco_msgs/msg/detail/control__type_support_c.cpp.o[0m
[1.571s] [ 51%] [32m[1mLinking CXX shared library libmujoco_msgs__rosidl_typesupport_c.so[0m
[1.572s] [ 54%] [32mBuilding C object CMakeFiles/mujoco_msgs__rosidl_typesupport_introspection_c.dir/rosidl_typesupport_introspection_c/mujoco_msgs/msg/detail/control__type_support.c.o[0m
[1.594s] [ 58%] [32m[1mLinking C shared library libmujoco_msgs__rosidl_typesupport_introspection_c.so[0m
[1.599s] [ 58%] Built target mujoco_msgs__rosidl_typesupport_c
[1.617s] [ 58%] Built target mujoco_msgs__rosidl_typesupport_introspection_c
[1.720s] [ 61%] [32m[1mLinking CXX shared library libmujoco_msgs__rosidl_typesupport_cpp.so[0m
[1.739s] [ 64%] [32m[1mLinking CXX shared library libmujoco_msgs__rosidl_typesupport_introspection_cpp.so[0m
[1.747s] [ 64%] Built target mujoco_msgs__rosidl_typesupport_cpp
[1.792s] [ 64%] Built target mujoco_msgs__rosidl_typesupport_introspection_cpp
[1.838s] [ 67%] [32m[1mLinking CXX shared library libmujoco_msgs__rosidl_typesupport_fastrtps_cpp.so[0m
[1.845s] [ 70%] [32m[1mLinking CXX shared library libmujoco_msgs__rosidl_typesupport_fastrtps_c.so[0m
[1.896s] [ 70%] Built target mujoco_msgs__rosidl_typesupport_fastrtps_cpp
[1.917s] [ 70%] Built target mujoco_msgs__rosidl_typesupport_fastrtps_c
[1.934s] [ 70%] Built target mujoco_msgs
[1.954s] [ 74%] [34m[1mGenerating Python code for ROS interfaces[0m
[2.387s] [ 74%] Built target mujoco_msgs__py
[2.414s] [ 77%] [32mBuilding C object CMakeFiles/mujoco_msgs__rosidl_generator_py.dir/rosidl_generator_py/mujoco_msgs/msg/_control_s.c.o[0m
[2.531s] [ 80%] [32m[1mLinking C shared library rosidl_generator_py/mujoco_msgs/libmujoco_msgs__rosidl_generator_py.so[0m
[2.573s] [ 80%] Built target mujoco_msgs__rosidl_generator_py
[2.591s] [ 83%] [32mBuilding C object CMakeFiles/mujoco_msgs__rosidl_typesupport_introspection_c__pyext.dir/rosidl_generator_py/mujoco_msgs/_mujoco_msgs_s.ep.rosidl_typesupport_introspection_c.c.o[0m
[2.595s] [ 87%] [32mBuilding C object CMakeFiles/mujoco_msgs__rosidl_typesupport_fastrtps_c__pyext.dir/rosidl_generator_py/mujoco_msgs/_mujoco_msgs_s.ep.rosidl_typesupport_fastrtps_c.c.o[0m
[2.598s] [ 90%] [32mBuilding C object CMakeFiles/mujoco_msgs__rosidl_typesupport_c__pyext.dir/rosidl_generator_py/mujoco_msgs/_mujoco_msgs_s.ep.rosidl_typesupport_c.c.o[0m
[2.667s] [ 93%] [32m[1mLinking C shared library rosidl_generator_py/mujoco_msgs/mujoco_msgs_s__rosidl_typesupport_c.cpython-310-x86_64-linux-gnu.so[0m
[2.667s] [ 96%] [32m[1mLinking C shared library rosidl_generator_py/mujoco_msgs/mujoco_msgs_s__rosidl_typesupport_introspection_c.cpython-310-x86_64-linux-gnu.so[0m
[2.669s] [100%] [32m[1mLinking C shared library rosidl_generator_py/mujoco_msgs/mujoco_msgs_s__rosidl_typesupport_fastrtps_c.cpython-310-x86_64-linux-gnu.so[0m
[2.698s] [100%] Built target mujoco_msgs__rosidl_typesupport_fastrtps_c__pyext
[2.702s] [100%] Built target mujoco_msgs__rosidl_typesupport_c__pyext
[2.702s] [100%] Built target mujoco_msgs__rosidl_typesupport_introspection_c__pyext
[2.711s] Invoked command in '/root/ros2_ws/build/mujoco_msgs' returned '0': CMAKE_PREFIX_PATH=/opt/ros/humble /usr/bin/cmake --build /root/ros2_ws/build/mujoco_msgs -- -j16 -l16
[2.718s] Invoking command in '/root/ros2_ws/build/mujoco_msgs': CMAKE_PREFIX_PATH=/opt/ros/humble /usr/bin/cmake --install /root/ros2_ws/build/mujoco_msgs
[2.724s] -- Install configuration: ""
[2.724s] -- Execute custom install script
[2.724s] -- Symlinking: /root/ros2_ws/install/mujoco_msgs/share/ament_index/resource_index/rosidl_interfaces/mujoco_msgs
[2.733s] -- Symlinking: /root/ros2_ws/install/mujoco_msgs/include/mujoco_msgs/mujoco_msgs/msg/control.h
[2.739s] -- Symlinking: /root/ros2_ws/install/mujoco_msgs/include/mujoco_msgs/mujoco_msgs/msg/detail/control__functions.h
[2.746s] -- Symlinking: /root/ros2_ws/install/mujoco_msgs/include/mujoco_msgs/mujoco_msgs/msg/detail/control__struct.h
[2.751s] -- Symlinking: /root/ros2_ws/install/mujoco_msgs/include/mujoco_msgs/mujoco_msgs/msg/detail/control__type_support.h
[2.759s] -- Symlinking: /root/ros2_ws/install/mujoco_msgs/include/mujoco_msgs/mujoco_msgs/msg/rosidl_generator_c__visibility_control.h
[2.764s] -- Symlinking: /root/ros2_ws/install/mujoco_msgs/share/mujoco_msgs/environment/library_path.sh
[2.770s] -- Symlinking: /root/ros2_ws/install/mujoco_msgs/share/mujoco_msgs/environment/library_path.dsv
[2.776s] -- Symlinking: /root/ros2_ws/install/mujoco_msgs/include/mujoco_msgs/mujoco_msgs/msg/detail/control__rosidl_typesupport_fastrtps_c.h
[2.782s] -- Symlinking: /root/ros2_ws/install/mujoco_msgs/include/mujoco_msgs/mujoco_msgs/msg/rosidl_typesupport_fastrtps_c__visibility_control.h
[2.790s] -- Symlinking: /root/ros2_ws/install/mujoco_msgs/include/mujoco_msgs/mujoco_msgs/msg/control.hpp
[2.798s] -- Symlinking: /root/ros2_ws/install/mujoco_msgs/include/mujoco_msgs/mujoco_msgs/msg/detail/control__builder.hpp
[2.805s] -- Symlinking: /root/ros2_ws/install/mujoco_msgs/include/mujoco_msgs/mujoco_msgs/msg/detail/control__struct.hpp
[2.811s] -- Symlinking: /root/ros2_ws/install/mujoco_msgs/include/mujoco_msgs/mujoco_msgs/msg/detail/control__traits.hpp
[2.816s] -- Symlinking: /root/ros2_ws/install/mujoco_msgs/include/mujoco_msgs/mujoco_msgs/msg/detail/control__type_support.hpp
[2.823s] -- Symlinking: /root/ros2_ws/install/mujoco_msgs/include/mujoco_msgs/mujoco_msgs/msg/rosidl_generator_cpp__visibility_control.hpp
[2.829s] -- Symlinking: /root/ros2_ws/install/mujoco_msgs/include/mujoco_msgs/mujoco_msgs/msg/detail/control__rosidl_typesupport_fastrtps_cpp.hpp
[2.834s] -- Symlinking: /root/ros2_ws/install/mujoco_msgs/include/mujoco_msgs/mujoco_msgs/msg/rosidl_typesupport_fastrtps_cpp__visibility_control.h
[2.840s] -- Symlinking: /root/ros2_ws/install/mujoco_msgs/include/mujoco_msgs/mujoco_msgs/msg/detail/control__rosidl_typesupport_introspection_c.h
[2.847s] -- Symlinking: /root/ros2_ws/install/mujoco_msgs/include/mujoco_msgs/mujoco_msgs/msg/rosidl_typesupport_introspection_c__visibility_control.h
[2.853s] -- Symlinking: /root/ros2_ws/install/mujoco_msgs/include/mujoco_msgs/mujoco_msgs/msg/detail/control__rosidl_typesupport_introspection_cpp.hpp
[2.859s] -- Symlinking: /root/ros2_ws/install/mujoco_msgs/share/mujoco_msgs/environment/pythonpath.sh
[2.865s] -- Symlinking: /root/ros2_ws/install/mujoco_msgs/share/mujoco_msgs/environment/pythonpath.dsv
[2.870s] -- Symlinking: /root/ros2_ws/install/mujoco_msgs/local/lib/python3.10/dist-packages/mujoco_msgs-0.0.0-py3.10.egg-info/PKG-INFO
[2.876s] -- Symlinking: /root/ros2_ws/install/mujoco_msgs/local/lib/python3.10/dist-packages/mujoco_msgs-0.0.0-py3.10.egg-info/SOURCES.txt
[2.882s] -- Symlinking: /root/ros2_ws/install/mujoco_msgs/local/lib/python3.10/dist-packages/mujoco_msgs-0.0.0-py3.10.egg-info/dependency_links.txt
[2.889s] -- Symlinking: /root/ros2_ws/install/mujoco_msgs/local/lib/python3.10/dist-packages/mujoco_msgs-0.0.0-py3.10.egg-info/top_level.txt
[2.896s] -- Symlinking: /root/ros2_ws/install/mujoco_msgs/local/lib/python3.10/dist-packages/mujoco_msgs/__init__.py
[2.904s] -- Symlinking: /root/ros2_ws/install/mujoco_msgs/local/lib/python3.10/dist-packages/mujoco_msgs/_mujoco_msgs_s.ep.rosidl_typesupport_c.c
[2.910s] -- Symlinking: /root/ros2_ws/install/mujoco_msgs/local/lib/python3.10/dist-packages/mujoco_msgs/_mujoco_msgs_s.ep.rosidl_typesupport_fastrtps_c.c
[2.918s] -- Symlinking: /root/ros2_ws/install/mujoco_msgs/local/lib/python3.10/dist-packages/mujoco_msgs/_mujoco_msgs_s.ep.rosidl_typesupport_introspection_c.c
[2.926s] -- Symlinking: /root/ros2_ws/install/mujoco_msgs/local/lib/python3.10/dist-packages/mujoco_msgs/libmujoco_msgs__rosidl_generator_py.so
[2.931s] -- Symlinking: /root/ros2_ws/install/mujoco_msgs/local/lib/python3.10/dist-packages/mujoco_msgs/msg/__init__.py
[2.936s] -- Symlinking: /root/ros2_ws/install/mujoco_msgs/local/lib/python3.10/dist-packages/mujoco_msgs/msg/_control.py
[2.943s] -- Symlinking: /root/ros2_ws/install/mujoco_msgs/local/lib/python3.10/dist-packages/mujoco_msgs/msg/_control_s.c
[2.950s] -- Symlinking: /root/ros2_ws/install/mujoco_msgs/local/lib/python3.10/dist-packages/mujoco_msgs/mujoco_msgs_s__rosidl_typesupport_c.cpython-310-x86_64-linux-gnu.so
[2.956s] -- Symlinking: /root/ros2_ws/install/mujoco_msgs/local/lib/python3.10/dist-packages/mujoco_msgs/mujoco_msgs_s__rosidl_typesupport_fastrtps_c.cpython-310-x86_64-linux-gnu.so
[2.961s] -- Symlinking: /root/ros2_ws/install/mujoco_msgs/local/lib/python3.10/dist-packages/mujoco_msgs/mujoco_msgs_s__rosidl_typesupport_introspection_c.cpython-310-x86_64-linux-gnu.so
[2.968s] -- Up-to-date symlink: /root/ros2_ws/install/mujoco_msgs/local/lib/python3.10/dist-packages/mujoco_msgs/mujoco_msgs_s__rosidl_typesupport_fastrtps_c.cpython-310-x86_64-linux-gnu.so
[2.969s] -- Up-to-date symlink: /root/ros2_ws/install/mujoco_msgs/local/lib/python3.10/dist-packages/mujoco_msgs/mujoco_msgs_s__rosidl_typesupport_introspection_c.cpython-310-x86_64-linux-gnu.so
[2.969s] -- Up-to-date symlink: /root/ros2_ws/install/mujoco_msgs/local/lib/python3.10/dist-packages/mujoco_msgs/mujoco_msgs_s__rosidl_typesupport_c.cpython-310-x86_64-linux-gnu.so
[2.969s] -- Symlinking: /root/ros2_ws/install/mujoco_msgs/share/mujoco_msgs/msg/Control.idl
[2.975s] -- Symlinking: /root/ros2_ws/install/mujoco_msgs/share/mujoco_msgs/msg/Control.msg
[2.981s] -- Symlinking: /root/ros2_ws/install/mujoco_msgs/share/ament_index/resource_index/package_run_dependencies/mujoco_msgs
[2.988s] -- Symlinking: /root/ros2_ws/install/mujoco_msgs/share/ament_index/resource_index/parent_prefix_path/mujoco_msgs
[2.993s] -- Symlinking: /root/ros2_ws/install/mujoco_msgs/share/mujoco_msgs/environment/ament_prefix_path.sh
[3.000s] -- Symlinking: /root/ros2_ws/install/mujoco_msgs/share/mujoco_msgs/environment/ament_prefix_path.dsv
[3.007s] -- Symlinking: /root/ros2_ws/install/mujoco_msgs/share/mujoco_msgs/environment/path.sh
[3.014s] -- Symlinking: /root/ros2_ws/install/mujoco_msgs/share/mujoco_msgs/environment/path.dsv
[3.021s] -- Symlinking: /root/ros2_ws/install/mujoco_msgs/share/mujoco_msgs/local_setup.bash
[3.027s] -- Symlinking: /root/ros2_ws/install/mujoco_msgs/share/mujoco_msgs/local_setup.sh
[3.032s] -- Symlinking: /root/ros2_ws/install/mujoco_msgs/share/mujoco_msgs/local_setup.zsh
[3.038s] -- Symlinking: /root/ros2_ws/install/mujoco_msgs/share/mujoco_msgs/local_setup.dsv
[3.045s] -- Symlinking: /root/ros2_ws/install/mujoco_msgs/share/mujoco_msgs/package.dsv
[3.053s] -- Symlinking: /root/ros2_ws/install/mujoco_msgs/share/ament_index/resource_index/packages/mujoco_msgs
[3.058s] -- Symlinking: /root/ros2_ws/install/mujoco_msgs/share/mujoco_msgs/cmake/rosidl_cmake-extras.cmake
[3.063s] -- Symlinking: /root/ros2_ws/install/mujoco_msgs/share/mujoco_msgs/cmake/ament_cmake_export_dependencies-extras.cmake
[3.071s] -- Symlinking: /root/ros2_ws/install/mujoco_msgs/share/mujoco_msgs/cmake/ament_cmake_export_include_directories-extras.cmake
[3.076s] -- Symlinking: /root/ros2_ws/install/mujoco_msgs/share/mujoco_msgs/cmake/ament_cmake_export_libraries-extras.cmake
[3.081s] -- Symlinking: /root/ros2_ws/install/mujoco_msgs/share/mujoco_msgs/cmake/ament_cmake_export_targets-extras.cmake
[3.087s] -- Symlinking: /root/ros2_ws/install/mujoco_msgs/share/mujoco_msgs/cmake/rosidl_cmake_export_typesupport_targets-extras.cmake
[3.092s] -- Symlinking: /root/ros2_ws/install/mujoco_msgs/share/mujoco_msgs/cmake/rosidl_cmake_export_typesupport_libraries-extras.cmake
[3.099s] -- Symlinking: /root/ros2_ws/install/mujoco_msgs/share/mujoco_msgs/cmake/mujoco_msgsConfig.cmake
[3.104s] -- Symlinking: /root/ros2_ws/install/mujoco_msgs/share/mujoco_msgs/cmake/mujoco_msgsConfig-version.cmake
[3.110s] -- Symlinking: /root/ros2_ws/install/mujoco_msgs/share/mujoco_msgs/package.xml
[3.116s] -- Installing: /root/ros2_ws/install/mujoco_msgs/lib/libmujoco_msgs__rosidl_generator_c.so
[3.116s] -- Set runtime path of "/root/ros2_ws/install/mujoco_msgs/lib/libmujoco_msgs__rosidl_generator_c.so" to ""
[3.116s] -- Installing: /root/ros2_ws/install/mujoco_msgs/lib/libmujoco_msgs__rosidl_typesupport_fastrtps_c.so
[3.116s] -- Set runtime path of "/root/ros2_ws/install/mujoco_msgs/lib/libmujoco_msgs__rosidl_typesupport_fastrtps_c.so" to ""
[3.116s] -- Installing: /root/ros2_ws/install/mujoco_msgs/lib/libmujoco_msgs__rosidl_typesupport_fastrtps_cpp.so
[3.116s] -- Set runtime path of "/root/ros2_ws/install/mujoco_msgs/lib/libmujoco_msgs__rosidl_typesupport_fastrtps_cpp.so" to ""
[3.116s] -- Installing: /root/ros2_ws/install/mujoco_msgs/lib/libmujoco_msgs__rosidl_typesupport_introspection_c.so
[3.116s] -- Set runtime path of "/root/ros2_ws/install/mujoco_msgs/lib/libmujoco_msgs__rosidl_typesupport_introspection_c.so" to ""
[3.116s] -- Installing: /root/ros2_ws/install/mujoco_msgs/lib/libmujoco_msgs__rosidl_typesupport_c.so
[3.116s] -- Set runtime path of "/root/ros2_ws/install/mujoco_msgs/lib/libmujoco_msgs__rosidl_typesupport_c.so" to ""
[3.116s] -- Installing: /root/ros2_ws/install/mujoco_msgs/lib/libmujoco_msgs__rosidl_typesupport_introspection_cpp.so
[3.117s] -- Set runtime path of "/root/ros2_ws/install/mujoco_msgs/lib/libmujoco_msgs__rosidl_typesupport_introspection_cpp.so" to ""
[3.117s] -- Installing: /root/ros2_ws/install/mujoco_msgs/lib/libmujoco_msgs__rosidl_typesupport_cpp.so
[3.117s] -- Set runtime path of "/root/ros2_ws/install/mujoco_msgs/lib/libmujoco_msgs__rosidl_typesupport_cpp.so" to ""
[3.138s] Listing '/root/ros2_ws/install/mujoco_msgs/local/lib/python3.10/dist-packages/mujoco_msgs'...
[3.138s] Compiling '/root/ros2_ws/install/mujoco_msgs/local/lib/python3.10/dist-packages/mujoco_msgs/__init__.py'...
[3.138s] Listing '/root/ros2_ws/install/mujoco_msgs/local/lib/python3.10/dist-packages/mujoco_msgs/msg'...
[3.138s] Compiling '/root/ros2_ws/install/mujoco_msgs/local/lib/python3.10/dist-packages/mujoco_msgs/msg/__init__.py'...
[3.138s] Compiling '/root/ros2_ws/install/mujoco_msgs/local/lib/python3.10/dist-packages/mujoco_msgs/msg/_control.py'...
[3.141s] -- Installing: /root/ros2_ws/install/mujoco_msgs/lib/libmujoco_msgs__rosidl_generator_py.so
[3.141s] -- Set runtime path of "/root/ros2_ws/install/mujoco_msgs/lib/libmujoco_msgs__rosidl_generator_py.so" to ""
[3.141s] -- Installing: /root/ros2_ws/install/mujoco_msgs/share/mujoco_msgs/cmake/export_mujoco_msgs__rosidl_generator_cExport.cmake
[3.141s] -- Installing: /root/ros2_ws/install/mujoco_msgs/share/mujoco_msgs/cmake/export_mujoco_msgs__rosidl_generator_cExport-noconfig.cmake
[3.142s] -- Installing: /root/ros2_ws/install/mujoco_msgs/share/mujoco_msgs/cmake/export_mujoco_msgs__rosidl_typesupport_fastrtps_cExport.cmake
[3.142s] -- Installing: /root/ros2_ws/install/mujoco_msgs/share/mujoco_msgs/cmake/export_mujoco_msgs__rosidl_typesupport_fastrtps_cExport-noconfig.cmake
[3.142s] -- Installing: /root/ros2_ws/install/mujoco_msgs/share/mujoco_msgs/cmake/export_mujoco_msgs__rosidl_generator_cppExport.cmake
[3.142s] -- Installing: /root/ros2_ws/install/mujoco_msgs/share/mujoco_msgs/cmake/export_mujoco_msgs__rosidl_typesupport_fastrtps_cppExport.cmake
[3.142s] -- Installing: /root/ros2_ws/install/mujoco_msgs/share/mujoco_msgs/cmake/export_mujoco_msgs__rosidl_typesupport_fastrtps_cppExport-noconfig.cmake
[3.143s] -- Installing: /root/ros2_ws/install/mujoco_msgs/share/mujoco_msgs/cmake/mujoco_msgs__rosidl_typesupport_introspection_cExport.cmake
[3.143s] -- Installing: /root/ros2_ws/install/mujoco_msgs/share/mujoco_msgs/cmake/mujoco_msgs__rosidl_typesupport_introspection_cExport-noconfig.cmake
[3.143s] -- Installing: /root/ros2_ws/install/mujoco_msgs/share/mujoco_msgs/cmake/mujoco_msgs__rosidl_typesupport_cExport.cmake
[3.143s] -- Installing: /root/ros2_ws/install/mujoco_msgs/share/mujoco_msgs/cmake/mujoco_msgs__rosidl_typesupport_cExport-noconfig.cmake
[3.143s] -- Installing: /root/ros2_ws/install/mujoco_msgs/share/mujoco_msgs/cmake/mujoco_msgs__rosidl_typesupport_introspection_cppExport.cmake
[3.143s] -- Installing: /root/ros2_ws/install/mujoco_msgs/share/mujoco_msgs/cmake/mujoco_msgs__rosidl_typesupport_introspection_cppExport-noconfig.cmake
[3.143s] -- Installing: /root/ros2_ws/install/mujoco_msgs/share/mujoco_msgs/cmake/mujoco_msgs__rosidl_typesupport_cppExport.cmake
[3.143s] -- Installing: /root/ros2_ws/install/mujoco_msgs/share/mujoco_msgs/cmake/mujoco_msgs__rosidl_typesupport_cppExport-noconfig.cmake
[3.143s] -- Installing: /root/ros2_ws/install/mujoco_msgs/share/mujoco_msgs/cmake/export_mujoco_msgs__rosidl_generator_pyExport.cmake
[3.143s] -- Installing: /root/ros2_ws/install/mujoco_msgs/share/mujoco_msgs/cmake/export_mujoco_msgs__rosidl_generator_pyExport-noconfig.cmake
[3.145s] Invoked command in '/root/ros2_ws/build/mujoco_msgs' returned '0': CMAKE_PREFIX_PATH=/opt/ros/humble /usr/bin/cmake --install /root/ros2_ws/build/mujoco_msgs
