[0.097s] DEBUG:colcon:Command line arguments: ['/usr/bin/colcon', 'build', '--symlink-install']
[0.097s] DEBUG:colcon:Parsed command line arguments: Namespace(log_base=None, log_level=None, verb_name='build', build_base='build', install_base='install', merge_install=False, symlink_install=True, test_result_base=None, continue_on_error=False, executor='parallel', parallel_workers=16, event_handlers=None, ignore_user_meta=False, metas=['./colcon.meta'], base_paths=['.'], packages_ignore=None, packages_ignore_regex=None, paths=None, packages_up_to=None, packages_up_to_regex=None, packages_above=None, packages_above_and_dependencies=None, packages_above_depth=None, packages_select_by_dep=None, packages_skip_by_dep=None, packages_skip_up_to=None, packages_select_build_failed=False, packages_skip_build_finished=False, packages_select_test_failures=False, packages_skip_test_passed=False, packages_select=None, packages_skip=None, packages_select_regex=None, packages_skip_regex=None, packages_start=None, packages_end=None, cmake_args=None, cmake_target=None, cmake_target_skip_unavailable=False, cmake_clean_cache=False, cmake_clean_first=False, cmake_force_configure=False, ament_cmake_args=None, catkin_cmake_args=None, catkin_skip_building_tests=False, mixin_files=None, mixin=None, verb_parser=<colcon_mixin.mixin.mixin_argument.MixinArgumentDecorator object at 0x7826e0f20fa0>, verb_extension=<colcon_core.verb.build.BuildVerb object at 0x7826e1041e40>, main=<bound method BuildVerb.main of <colcon_core.verb.build.BuildVerb object at 0x7826e1041e40>>, mixin_verb=('build',))
[0.254s] Level 1:colcon.colcon_core.package_discovery:discover_packages(colcon_meta) check parameters
[0.255s] INFO:colcon.colcon_metadata.package_discovery.colcon_meta:Using configuration from '/root/.colcon/metadata/default/Gazebo.meta'
[0.256s] INFO:colcon.colcon_metadata.package_discovery.colcon_meta:Using configuration from '/root/.colcon/metadata/default/fastrtps.meta'
[0.256s] Level 1:colcon.colcon_core.package_discovery:discover_packages(recursive) check parameters
[0.256s] Level 1:colcon.colcon_core.package_discovery:discover_packages(ignore) check parameters
[0.256s] Level 1:colcon.colcon_core.package_discovery:discover_packages(path) check parameters
[0.256s] Level 1:colcon.colcon_core.package_discovery:discover_packages(colcon_meta) discover
[0.256s] Level 1:colcon.colcon_core.package_discovery:discover_packages(recursive) discover
[0.256s] INFO:colcon.colcon_core.package_discovery:Crawling recursively for packages in '/root/ros2_ws'
[0.256s] Level 1:colcon.colcon_core.package_identification:_identify(.) by extensions ['ignore', 'ignore_ament_install']
[0.256s] Level 1:colcon.colcon_core.package_identification:_identify(.) by extension 'ignore'
[0.256s] Level 1:colcon.colcon_core.package_identification:_identify(.) by extension 'ignore_ament_install'
[0.256s] Level 1:colcon.colcon_core.package_identification:_identify(.) by extensions ['colcon_pkg']
[0.256s] Level 1:colcon.colcon_core.package_identification:_identify(.) by extension 'colcon_pkg'
[0.256s] Level 1:colcon.colcon_core.package_identification:_identify(.) by extensions ['colcon_meta']
[0.256s] Level 1:colcon.colcon_core.package_identification:_identify(.) by extension 'colcon_meta'
[0.256s] Level 1:colcon.colcon_core.package_identification:_identify(.) by extensions ['ros']
[0.256s] Level 1:colcon.colcon_core.package_identification:_identify(.) by extension 'ros'
[0.264s] Level 1:colcon.colcon_core.package_identification:_identify(.) by extensions ['cmake', 'python']
[0.264s] Level 1:colcon.colcon_core.package_identification:_identify(.) by extension 'cmake'
[0.264s] Level 1:colcon.colcon_core.package_identification:_identify(.) by extension 'python'
[0.264s] Level 1:colcon.colcon_core.package_identification:_identify(.) by extensions ['python_setup_py']
[0.264s] Level 1:colcon.colcon_core.package_identification:_identify(.) by extension 'python_setup_py'
[0.264s] Level 1:colcon.colcon_core.package_identification:_identify(build) by extensions ['ignore', 'ignore_ament_install']
[0.264s] Level 1:colcon.colcon_core.package_identification:_identify(build) by extension 'ignore'
[0.264s] Level 1:colcon.colcon_core.package_identification:_identify(build) ignored
[0.264s] Level 1:colcon.colcon_core.package_identification:_identify(install) by extensions ['ignore', 'ignore_ament_install']
[0.265s] Level 1:colcon.colcon_core.package_identification:_identify(install) by extension 'ignore'
[0.265s] Level 1:colcon.colcon_core.package_identification:_identify(install) ignored
[0.265s] Level 1:colcon.colcon_core.package_identification:_identify(log) by extensions ['ignore', 'ignore_ament_install']
[0.265s] Level 1:colcon.colcon_core.package_identification:_identify(log) by extension 'ignore'
[0.265s] Level 1:colcon.colcon_core.package_identification:_identify(log) ignored
[0.265s] Level 1:colcon.colcon_core.package_identification:_identify(src) by extensions ['ignore', 'ignore_ament_install']
[0.265s] Level 1:colcon.colcon_core.package_identification:_identify(src) by extension 'ignore'
[0.265s] Level 1:colcon.colcon_core.package_identification:_identify(src) by extension 'ignore_ament_install'
[0.265s] Level 1:colcon.colcon_core.package_identification:_identify(src) by extensions ['colcon_pkg']
[0.265s] Level 1:colcon.colcon_core.package_identification:_identify(src) by extension 'colcon_pkg'
[0.265s] Level 1:colcon.colcon_core.package_identification:_identify(src) by extensions ['colcon_meta']
[0.265s] Level 1:colcon.colcon_core.package_identification:_identify(src) by extension 'colcon_meta'
[0.265s] Level 1:colcon.colcon_core.package_identification:_identify(src) by extensions ['ros']
[0.265s] Level 1:colcon.colcon_core.package_identification:_identify(src) by extension 'ros'
[0.265s] Level 1:colcon.colcon_core.package_identification:_identify(src) by extensions ['cmake', 'python']
[0.265s] Level 1:colcon.colcon_core.package_identification:_identify(src) by extension 'cmake'
[0.265s] Level 1:colcon.colcon_core.package_identification:_identify(src) by extension 'python'
[0.265s] Level 1:colcon.colcon_core.package_identification:_identify(src) by extensions ['python_setup_py']
[0.265s] Level 1:colcon.colcon_core.package_identification:_identify(src) by extension 'python_setup_py'
[0.265s] Level 1:colcon.colcon_core.package_identification:_identify(src/aerial_transportation_mujoco_python) by extensions ['ignore', 'ignore_ament_install']
[0.265s] Level 1:colcon.colcon_core.package_identification:_identify(src/aerial_transportation_mujoco_python) by extension 'ignore'
[0.265s] Level 1:colcon.colcon_core.package_identification:_identify(src/aerial_transportation_mujoco_python) by extension 'ignore_ament_install'
[0.265s] Level 1:colcon.colcon_core.package_identification:_identify(src/aerial_transportation_mujoco_python) by extensions ['colcon_pkg']
[0.265s] Level 1:colcon.colcon_core.package_identification:_identify(src/aerial_transportation_mujoco_python) by extension 'colcon_pkg'
[0.265s] Level 1:colcon.colcon_core.package_identification:_identify(src/aerial_transportation_mujoco_python) by extensions ['colcon_meta']
[0.265s] Level 1:colcon.colcon_core.package_identification:_identify(src/aerial_transportation_mujoco_python) by extension 'colcon_meta'
[0.266s] Level 1:colcon.colcon_core.package_identification:_identify(src/aerial_transportation_mujoco_python) by extensions ['ros']
[0.266s] Level 1:colcon.colcon_core.package_identification:_identify(src/aerial_transportation_mujoco_python) by extension 'ros'
[0.268s] DEBUG:colcon.colcon_core.package_identification:Package 'src/aerial_transportation_mujoco_python' with type 'ros.ament_python' and name 'aerial_system_mujoco'
[0.268s] Level 1:colcon.colcon_core.package_identification:_identify(src/communication) by extensions ['ignore', 'ignore_ament_install']
[0.268s] Level 1:colcon.colcon_core.package_identification:_identify(src/communication) by extension 'ignore'
[0.268s] Level 1:colcon.colcon_core.package_identification:_identify(src/communication) by extension 'ignore_ament_install'
[0.268s] Level 1:colcon.colcon_core.package_identification:_identify(src/communication) by extensions ['colcon_pkg']
[0.268s] Level 1:colcon.colcon_core.package_identification:_identify(src/communication) by extension 'colcon_pkg'
[0.268s] Level 1:colcon.colcon_core.package_identification:_identify(src/communication) by extensions ['colcon_meta']
[0.268s] Level 1:colcon.colcon_core.package_identification:_identify(src/communication) by extension 'colcon_meta'
[0.268s] Level 1:colcon.colcon_core.package_identification:_identify(src/communication) by extensions ['ros']
[0.268s] Level 1:colcon.colcon_core.package_identification:_identify(src/communication) by extension 'ros'
[0.269s] DEBUG:colcon.colcon_core.package_identification:Package 'src/communication' with type 'ros.ament_cmake' and name 'communication'
[0.269s] Level 1:colcon.colcon_core.package_identification:_identify(src/mujoco_msgs) by extensions ['ignore', 'ignore_ament_install']
[0.269s] Level 1:colcon.colcon_core.package_identification:_identify(src/mujoco_msgs) by extension 'ignore'
[0.269s] Level 1:colcon.colcon_core.package_identification:_identify(src/mujoco_msgs) by extension 'ignore_ament_install'
[0.269s] Level 1:colcon.colcon_core.package_identification:_identify(src/mujoco_msgs) by extensions ['colcon_pkg']
[0.269s] Level 1:colcon.colcon_core.package_identification:_identify(src/mujoco_msgs) by extension 'colcon_pkg'
[0.269s] Level 1:colcon.colcon_core.package_identification:_identify(src/mujoco_msgs) by extensions ['colcon_meta']
[0.269s] Level 1:colcon.colcon_core.package_identification:_identify(src/mujoco_msgs) by extension 'colcon_meta'
[0.269s] Level 1:colcon.colcon_core.package_identification:_identify(src/mujoco_msgs) by extensions ['ros']
[0.269s] Level 1:colcon.colcon_core.package_identification:_identify(src/mujoco_msgs) by extension 'ros'
[0.270s] DEBUG:colcon.colcon_core.package_identification:Package 'src/mujoco_msgs' with type 'ros.ament_cmake' and name 'mujoco_msgs'
[0.270s] Level 1:colcon.colcon_core.package_discovery:discover_packages(recursive) using defaults
[0.270s] Level 1:colcon.colcon_core.package_discovery:discover_packages(ignore) discover
[0.270s] Level 1:colcon.colcon_core.package_discovery:discover_packages(ignore) using defaults
[0.270s] Level 1:colcon.colcon_core.package_discovery:discover_packages(path) discover
[0.270s] Level 1:colcon.colcon_core.package_discovery:discover_packages(path) using defaults
[0.290s] Level 5:colcon.colcon_core.verb:set package 'communication' build argument 'cmake_args' from command line to 'None'
[0.290s] Level 5:colcon.colcon_core.verb:set package 'communication' build argument 'cmake_target' from command line to 'None'
[0.290s] Level 5:colcon.colcon_core.verb:set package 'communication' build argument 'cmake_target_skip_unavailable' from command line to 'False'
[0.290s] Level 5:colcon.colcon_core.verb:set package 'communication' build argument 'cmake_clean_cache' from command line to 'False'
[0.290s] Level 5:colcon.colcon_core.verb:set package 'communication' build argument 'cmake_clean_first' from command line to 'False'
[0.290s] Level 5:colcon.colcon_core.verb:set package 'communication' build argument 'cmake_force_configure' from command line to 'False'
[0.290s] Level 5:colcon.colcon_core.verb:set package 'communication' build argument 'ament_cmake_args' from command line to 'None'
[0.290s] Level 5:colcon.colcon_core.verb:set package 'communication' build argument 'catkin_cmake_args' from command line to 'None'
[0.290s] Level 5:colcon.colcon_core.verb:set package 'communication' build argument 'catkin_skip_building_tests' from command line to 'False'
[0.290s] DEBUG:colcon.colcon_core.verb:Building package 'communication' with the following arguments: {'ament_cmake_args': None, 'build_base': '/root/ros2_ws/build/communication', 'catkin_cmake_args': None, 'catkin_skip_building_tests': False, 'cmake_args': None, 'cmake_clean_cache': False, 'cmake_clean_first': False, 'cmake_force_configure': False, 'cmake_target': None, 'cmake_target_skip_unavailable': False, 'install_base': '/root/ros2_ws/install/communication', 'merge_install': False, 'path': '/root/ros2_ws/src/communication', 'symlink_install': True, 'test_result_base': None}
[0.290s] Level 5:colcon.colcon_core.verb:set package 'mujoco_msgs' build argument 'cmake_args' from command line to 'None'
[0.290s] Level 5:colcon.colcon_core.verb:set package 'mujoco_msgs' build argument 'cmake_target' from command line to 'None'
[0.290s] Level 5:colcon.colcon_core.verb:set package 'mujoco_msgs' build argument 'cmake_target_skip_unavailable' from command line to 'False'
[0.290s] Level 5:colcon.colcon_core.verb:set package 'mujoco_msgs' build argument 'cmake_clean_cache' from command line to 'False'
[0.290s] Level 5:colcon.colcon_core.verb:set package 'mujoco_msgs' build argument 'cmake_clean_first' from command line to 'False'
[0.290s] Level 5:colcon.colcon_core.verb:set package 'mujoco_msgs' build argument 'cmake_force_configure' from command line to 'False'
[0.290s] Level 5:colcon.colcon_core.verb:set package 'mujoco_msgs' build argument 'ament_cmake_args' from command line to 'None'
[0.290s] Level 5:colcon.colcon_core.verb:set package 'mujoco_msgs' build argument 'catkin_cmake_args' from command line to 'None'
[0.290s] Level 5:colcon.colcon_core.verb:set package 'mujoco_msgs' build argument 'catkin_skip_building_tests' from command line to 'False'
[0.291s] DEBUG:colcon.colcon_core.verb:Building package 'mujoco_msgs' with the following arguments: {'ament_cmake_args': None, 'build_base': '/root/ros2_ws/build/mujoco_msgs', 'catkin_cmake_args': None, 'catkin_skip_building_tests': False, 'cmake_args': None, 'cmake_clean_cache': False, 'cmake_clean_first': False, 'cmake_force_configure': False, 'cmake_target': None, 'cmake_target_skip_unavailable': False, 'install_base': '/root/ros2_ws/install/mujoco_msgs', 'merge_install': False, 'path': '/root/ros2_ws/src/mujoco_msgs', 'symlink_install': True, 'test_result_base': None}
[0.291s] Level 5:colcon.colcon_core.verb:set package 'aerial_system_mujoco' build argument 'cmake_args' from command line to 'None'
[0.291s] Level 5:colcon.colcon_core.verb:set package 'aerial_system_mujoco' build argument 'cmake_target' from command line to 'None'
[0.291s] Level 5:colcon.colcon_core.verb:set package 'aerial_system_mujoco' build argument 'cmake_target_skip_unavailable' from command line to 'False'
[0.291s] Level 5:colcon.colcon_core.verb:set package 'aerial_system_mujoco' build argument 'cmake_clean_cache' from command line to 'False'
[0.291s] Level 5:colcon.colcon_core.verb:set package 'aerial_system_mujoco' build argument 'cmake_clean_first' from command line to 'False'
[0.291s] Level 5:colcon.colcon_core.verb:set package 'aerial_system_mujoco' build argument 'cmake_force_configure' from command line to 'False'
[0.291s] Level 5:colcon.colcon_core.verb:set package 'aerial_system_mujoco' build argument 'ament_cmake_args' from command line to 'None'
[0.291s] Level 5:colcon.colcon_core.verb:set package 'aerial_system_mujoco' build argument 'catkin_cmake_args' from command line to 'None'
[0.291s] Level 5:colcon.colcon_core.verb:set package 'aerial_system_mujoco' build argument 'catkin_skip_building_tests' from command line to 'False'
[0.291s] DEBUG:colcon.colcon_core.verb:Building package 'aerial_system_mujoco' with the following arguments: {'ament_cmake_args': None, 'build_base': '/root/ros2_ws/build/aerial_system_mujoco', 'catkin_cmake_args': None, 'catkin_skip_building_tests': False, 'cmake_args': None, 'cmake_clean_cache': False, 'cmake_clean_first': False, 'cmake_force_configure': False, 'cmake_target': None, 'cmake_target_skip_unavailable': False, 'install_base': '/root/ros2_ws/install/aerial_system_mujoco', 'merge_install': False, 'path': '/root/ros2_ws/src/aerial_transportation_mujoco_python', 'symlink_install': True, 'test_result_base': None}
[0.291s] INFO:colcon.colcon_core.executor:Executing jobs using 'parallel' executor
[0.291s] DEBUG:colcon.colcon_parallel_executor.executor.parallel:run_until_complete
[0.292s] INFO:colcon.colcon_ros.task.ament_cmake.build:Building ROS package in '/root/ros2_ws/src/mujoco_msgs' with build type 'ament_cmake'
[0.292s] INFO:colcon.colcon_cmake.task.cmake.build:Building CMake package in '/root/ros2_ws/src/mujoco_msgs'
[0.295s] INFO:colcon.colcon_core.plugin_system:Skipping extension 'colcon_core.shell.bat': Not used on non-Windows systems
[0.295s] INFO:colcon.colcon_core.shell:Skip shell extension 'powershell' for command environment: Not usable outside of PowerShell
[0.295s] DEBUG:colcon.colcon_core.shell:Skip shell extension 'dsv' for command environment
[0.300s] INFO:colcon.colcon_ros.task.ament_cmake.build:Building ROS package in '/root/ros2_ws/src/communication' with build type 'ament_cmake'
[0.300s] INFO:colcon.colcon_cmake.task.cmake.build:Building CMake package in '/root/ros2_ws/src/communication'
[0.301s] INFO:colcon.colcon_core.shell:Skip shell extension 'powershell' for command environment: Not usable outside of PowerShell
[0.301s] DEBUG:colcon.colcon_core.shell:Skip shell extension 'dsv' for command environment
[0.308s] DEBUG:colcon.colcon_core.event_handler.log_command:Invoking command in '/root/ros2_ws/build/mujoco_msgs': CMAKE_PREFIX_PATH=${CMAKE_PREFIX_PATH}:/root/ros2_ws/install/aerial_system_mujoco:/opt/ros/humble /usr/bin/cmake --build /root/ros2_ws/build/mujoco_msgs -- -j16 -l16
[0.310s] DEBUG:colcon.colcon_core.event_handler.log_command:Invoking command in '/root/ros2_ws/build/communication': CMAKE_PREFIX_PATH=${CMAKE_PREFIX_PATH}:/root/ros2_ws/install/aerial_system_mujoco:/opt/ros/humble /usr/bin/cmake --build /root/ros2_ws/build/communication -- -j16 -l16
[0.598s] DEBUG:colcon.colcon_core.event_handler.log_command:Invoked command in '/root/ros2_ws/build/mujoco_msgs' returned '0': CMAKE_PREFIX_PATH=${CMAKE_PREFIX_PATH}:/root/ros2_ws/install/aerial_system_mujoco:/opt/ros/humble /usr/bin/cmake --build /root/ros2_ws/build/mujoco_msgs -- -j16 -l16
[0.604s] DEBUG:colcon.colcon_core.event_handler.log_command:Invoking command in '/root/ros2_ws/build/mujoco_msgs': CMAKE_PREFIX_PATH=${CMAKE_PREFIX_PATH}:/root/ros2_ws/install/aerial_system_mujoco:/opt/ros/humble /usr/bin/cmake --install /root/ros2_ws/build/mujoco_msgs
[0.604s] DEBUG:colcon.colcon_core.event_handler.log_command:Invoked command in '/root/ros2_ws/build/communication' returned '0': CMAKE_PREFIX_PATH=${CMAKE_PREFIX_PATH}:/root/ros2_ws/install/aerial_system_mujoco:/opt/ros/humble /usr/bin/cmake --build /root/ros2_ws/build/communication -- -j16 -l16
[0.605s] DEBUG:colcon.colcon_core.event_handler.log_command:Invoking command in '/root/ros2_ws/build/communication': CMAKE_PREFIX_PATH=${CMAKE_PREFIX_PATH}:/root/ros2_ws/install/aerial_system_mujoco:/opt/ros/humble /usr/bin/cmake --install /root/ros2_ws/build/communication
[0.655s] Level 1:colcon.colcon_core.environment:create_environment_scripts_only(mujoco_msgs)
[0.655s] DEBUG:colcon.colcon_core.event_handler.log_command:Invoked command in '/root/ros2_ws/build/mujoco_msgs' returned '0': CMAKE_PREFIX_PATH=${CMAKE_PREFIX_PATH}:/root/ros2_ws/install/aerial_system_mujoco:/opt/ros/humble /usr/bin/cmake --install /root/ros2_ws/build/mujoco_msgs
[0.659s] Level 1:colcon.colcon_core.environment:checking '/root/ros2_ws/install/mujoco_msgs' for CMake module files
[0.659s] Level 1:colcon.colcon_core.environment:checking '/root/ros2_ws/install/mujoco_msgs' for CMake config files
[0.660s] Level 1:colcon.colcon_core.shell:create_environment_hook('mujoco_msgs', 'cmake_prefix_path')
[0.660s] INFO:colcon.colcon_core.shell:Creating environment hook '/root/ros2_ws/install/mujoco_msgs/share/mujoco_msgs/hook/cmake_prefix_path.ps1'
[0.660s] INFO:colcon.colcon_core.shell:Creating environment descriptor '/root/ros2_ws/install/mujoco_msgs/share/mujoco_msgs/hook/cmake_prefix_path.dsv'
[0.661s] INFO:colcon.colcon_core.shell:Creating environment hook '/root/ros2_ws/install/mujoco_msgs/share/mujoco_msgs/hook/cmake_prefix_path.sh'
[0.661s] Level 1:colcon.colcon_core.environment:checking '/root/ros2_ws/install/mujoco_msgs/lib'
[0.661s] Level 1:colcon.colcon_core.shell:create_environment_hook('mujoco_msgs', 'ld_library_path_lib')
[0.661s] INFO:colcon.colcon_core.shell:Creating environment hook '/root/ros2_ws/install/mujoco_msgs/share/mujoco_msgs/hook/ld_library_path_lib.ps1'
[0.662s] INFO:colcon.colcon_core.shell:Creating environment descriptor '/root/ros2_ws/install/mujoco_msgs/share/mujoco_msgs/hook/ld_library_path_lib.dsv'
[0.662s] INFO:colcon.colcon_core.shell:Creating environment hook '/root/ros2_ws/install/mujoco_msgs/share/mujoco_msgs/hook/ld_library_path_lib.sh'
[0.662s] Level 1:colcon.colcon_core.environment:checking '/root/ros2_ws/install/mujoco_msgs/bin'
[0.662s] Level 1:colcon.colcon_core.environment:checking '/root/ros2_ws/install/mujoco_msgs/lib/pkgconfig/mujoco_msgs.pc'
[0.663s] Level 1:colcon.colcon_core.environment:checking '/root/ros2_ws/install/mujoco_msgs/lib/python3.10/site-packages'
[0.663s] Level 1:colcon.colcon_core.environment:checking '/root/ros2_ws/install/mujoco_msgs/bin'
[0.663s] INFO:colcon.colcon_core.shell:Creating package script '/root/ros2_ws/install/mujoco_msgs/share/mujoco_msgs/package.ps1'
[0.664s] INFO:colcon.colcon_core.shell:Creating package descriptor '/root/ros2_ws/install/mujoco_msgs/share/mujoco_msgs/package.dsv'
[0.664s] INFO:colcon.colcon_core.shell:Creating package script '/root/ros2_ws/install/mujoco_msgs/share/mujoco_msgs/package.sh'
[0.665s] INFO:colcon.colcon_core.shell:Creating package script '/root/ros2_ws/install/mujoco_msgs/share/mujoco_msgs/package.bash'
[0.666s] INFO:colcon.colcon_core.shell:Creating package script '/root/ros2_ws/install/mujoco_msgs/share/mujoco_msgs/package.zsh'
[0.666s] Level 1:colcon.colcon_core.environment:create_file_with_runtime_dependencies(/root/ros2_ws/install/mujoco_msgs/share/colcon-core/packages/mujoco_msgs)
[0.667s] Level 1:colcon.colcon_core.environment:create_environment_scripts_only(mujoco_msgs)
[0.667s] Level 1:colcon.colcon_core.environment:checking '/root/ros2_ws/install/mujoco_msgs' for CMake module files
[0.667s] Level 1:colcon.colcon_core.environment:checking '/root/ros2_ws/install/mujoco_msgs' for CMake config files
[0.668s] Level 1:colcon.colcon_core.shell:create_environment_hook('mujoco_msgs', 'cmake_prefix_path')
[0.668s] INFO:colcon.colcon_core.shell:Creating environment hook '/root/ros2_ws/install/mujoco_msgs/share/mujoco_msgs/hook/cmake_prefix_path.ps1'
[0.668s] INFO:colcon.colcon_core.shell:Creating environment descriptor '/root/ros2_ws/install/mujoco_msgs/share/mujoco_msgs/hook/cmake_prefix_path.dsv'
[0.669s] INFO:colcon.colcon_core.shell:Creating environment hook '/root/ros2_ws/install/mujoco_msgs/share/mujoco_msgs/hook/cmake_prefix_path.sh'
[0.669s] Level 1:colcon.colcon_core.environment:checking '/root/ros2_ws/install/mujoco_msgs/lib'
[0.669s] Level 1:colcon.colcon_core.shell:create_environment_hook('mujoco_msgs', 'ld_library_path_lib')
[0.669s] INFO:colcon.colcon_core.shell:Creating environment hook '/root/ros2_ws/install/mujoco_msgs/share/mujoco_msgs/hook/ld_library_path_lib.ps1'
[0.669s] INFO:colcon.colcon_core.shell:Creating environment descriptor '/root/ros2_ws/install/mujoco_msgs/share/mujoco_msgs/hook/ld_library_path_lib.dsv'
[0.670s] INFO:colcon.colcon_core.shell:Creating environment hook '/root/ros2_ws/install/mujoco_msgs/share/mujoco_msgs/hook/ld_library_path_lib.sh'
[0.670s] Level 1:colcon.colcon_core.environment:checking '/root/ros2_ws/install/mujoco_msgs/bin'
[0.670s] Level 1:colcon.colcon_core.environment:checking '/root/ros2_ws/install/mujoco_msgs/lib/pkgconfig/mujoco_msgs.pc'
[0.670s] Level 1:colcon.colcon_core.environment:checking '/root/ros2_ws/install/mujoco_msgs/lib/python3.10/site-packages'
[0.670s] Level 1:colcon.colcon_core.environment:checking '/root/ros2_ws/install/mujoco_msgs/bin'
[0.670s] INFO:colcon.colcon_core.shell:Creating package script '/root/ros2_ws/install/mujoco_msgs/share/mujoco_msgs/package.ps1'
[0.671s] INFO:colcon.colcon_core.shell:Creating package descriptor '/root/ros2_ws/install/mujoco_msgs/share/mujoco_msgs/package.dsv'
[0.671s] INFO:colcon.colcon_core.shell:Creating package script '/root/ros2_ws/install/mujoco_msgs/share/mujoco_msgs/package.sh'
[0.671s] INFO:colcon.colcon_core.shell:Creating package script '/root/ros2_ws/install/mujoco_msgs/share/mujoco_msgs/package.bash'
[0.671s] INFO:colcon.colcon_core.shell:Creating package script '/root/ros2_ws/install/mujoco_msgs/share/mujoco_msgs/package.zsh'
[0.672s] Level 1:colcon.colcon_core.environment:create_file_with_runtime_dependencies(/root/ros2_ws/install/mujoco_msgs/share/colcon-core/packages/mujoco_msgs)
[0.672s] INFO:colcon.colcon_ros.task.ament_python.build:Building ROS package in '/root/ros2_ws/src/aerial_transportation_mujoco_python' with build type 'ament_python'
[0.672s] Level 1:colcon.colcon_core.shell:create_environment_hook('aerial_system_mujoco', 'ament_prefix_path')
[0.672s] INFO:colcon.colcon_core.shell:Creating environment hook '/root/ros2_ws/install/aerial_system_mujoco/share/aerial_system_mujoco/hook/ament_prefix_path.ps1'
[0.673s] INFO:colcon.colcon_core.shell:Creating environment descriptor '/root/ros2_ws/install/aerial_system_mujoco/share/aerial_system_mujoco/hook/ament_prefix_path.dsv'
[0.673s] INFO:colcon.colcon_core.shell:Creating environment hook '/root/ros2_ws/install/aerial_system_mujoco/share/aerial_system_mujoco/hook/ament_prefix_path.sh'
[0.673s] INFO:colcon.colcon_core.shell:Skip shell extension 'powershell' for command environment: Not usable outside of PowerShell
[0.673s] DEBUG:colcon.colcon_core.shell:Skip shell extension 'dsv' for command environment
[0.677s] Level 1:colcon.colcon_core.environment:create_environment_scripts_only(communication)
[0.677s] Level 1:colcon.colcon_core.environment:checking '/root/ros2_ws/install/communication' for CMake module files
[0.677s] DEBUG:colcon.colcon_core.event_handler.log_command:Invoked command in '/root/ros2_ws/build/communication' returned '0': CMAKE_PREFIX_PATH=${CMAKE_PREFIX_PATH}:/root/ros2_ws/install/aerial_system_mujoco:/opt/ros/humble /usr/bin/cmake --install /root/ros2_ws/build/communication
[0.678s] Level 1:colcon.colcon_core.environment:checking '/root/ros2_ws/install/communication' for CMake config files
[0.679s] Level 1:colcon.colcon_core.shell:create_environment_hook('communication', 'cmake_prefix_path')
[0.679s] INFO:colcon.colcon_core.shell:Creating environment hook '/root/ros2_ws/install/communication/share/communication/hook/cmake_prefix_path.ps1'
[0.680s] INFO:colcon.colcon_core.shell:Creating environment descriptor '/root/ros2_ws/install/communication/share/communication/hook/cmake_prefix_path.dsv'
[0.680s] INFO:colcon.colcon_core.shell:Creating environment hook '/root/ros2_ws/install/communication/share/communication/hook/cmake_prefix_path.sh'
[0.680s] Level 1:colcon.colcon_core.environment:checking '/root/ros2_ws/install/communication/lib'
[0.680s] Level 1:colcon.colcon_core.shell:create_environment_hook('communication', 'ld_library_path_lib')
[0.680s] INFO:colcon.colcon_core.shell:Creating environment hook '/root/ros2_ws/install/communication/share/communication/hook/ld_library_path_lib.ps1'
[0.681s] INFO:colcon.colcon_core.shell:Creating environment descriptor '/root/ros2_ws/install/communication/share/communication/hook/ld_library_path_lib.dsv'
[0.681s] INFO:colcon.colcon_core.shell:Creating environment hook '/root/ros2_ws/install/communication/share/communication/hook/ld_library_path_lib.sh'
[0.681s] Level 1:colcon.colcon_core.environment:checking '/root/ros2_ws/install/communication/bin'
[0.681s] Level 1:colcon.colcon_core.environment:checking '/root/ros2_ws/install/communication/lib/pkgconfig/communication.pc'
[0.681s] Level 1:colcon.colcon_core.environment:checking '/root/ros2_ws/install/communication/lib/python3.10/site-packages'
[0.682s] Level 1:colcon.colcon_core.environment:checking '/root/ros2_ws/install/communication/bin'
[0.682s] INFO:colcon.colcon_core.shell:Creating package script '/root/ros2_ws/install/communication/share/communication/package.ps1'
[0.682s] INFO:colcon.colcon_core.shell:Creating package descriptor '/root/ros2_ws/install/communication/share/communication/package.dsv'
[0.682s] INFO:colcon.colcon_core.shell:Creating package script '/root/ros2_ws/install/communication/share/communication/package.sh'
[0.682s] INFO:colcon.colcon_core.shell:Creating package script '/root/ros2_ws/install/communication/share/communication/package.bash'
[0.683s] INFO:colcon.colcon_core.shell:Creating package script '/root/ros2_ws/install/communication/share/communication/package.zsh'
[0.683s] Level 1:colcon.colcon_core.environment:create_file_with_runtime_dependencies(/root/ros2_ws/install/communication/share/colcon-core/packages/communication)
[0.683s] Level 1:colcon.colcon_core.environment:create_environment_scripts_only(communication)
[0.683s] Level 1:colcon.colcon_core.environment:checking '/root/ros2_ws/install/communication' for CMake module files
[0.683s] Level 1:colcon.colcon_core.environment:checking '/root/ros2_ws/install/communication' for CMake config files
[0.684s] Level 1:colcon.colcon_core.shell:create_environment_hook('communication', 'cmake_prefix_path')
[0.684s] INFO:colcon.colcon_core.shell:Creating environment hook '/root/ros2_ws/install/communication/share/communication/hook/cmake_prefix_path.ps1'
[0.685s] INFO:colcon.colcon_core.shell:Creating environment descriptor '/root/ros2_ws/install/communication/share/communication/hook/cmake_prefix_path.dsv'
[0.685s] INFO:colcon.colcon_core.shell:Creating environment hook '/root/ros2_ws/install/communication/share/communication/hook/cmake_prefix_path.sh'
[0.685s] Level 1:colcon.colcon_core.environment:checking '/root/ros2_ws/install/communication/lib'
[0.685s] Level 1:colcon.colcon_core.shell:create_environment_hook('communication', 'ld_library_path_lib')
[0.685s] INFO:colcon.colcon_core.shell:Creating environment hook '/root/ros2_ws/install/communication/share/communication/hook/ld_library_path_lib.ps1'
[0.685s] INFO:colcon.colcon_core.shell:Creating environment descriptor '/root/ros2_ws/install/communication/share/communication/hook/ld_library_path_lib.dsv'
[0.685s] INFO:colcon.colcon_core.shell:Creating environment hook '/root/ros2_ws/install/communication/share/communication/hook/ld_library_path_lib.sh'
[0.686s] Level 1:colcon.colcon_core.environment:checking '/root/ros2_ws/install/communication/bin'
[0.686s] Level 1:colcon.colcon_core.environment:checking '/root/ros2_ws/install/communication/lib/pkgconfig/communication.pc'
[0.686s] Level 1:colcon.colcon_core.environment:checking '/root/ros2_ws/install/communication/lib/python3.10/site-packages'
[0.686s] Level 1:colcon.colcon_core.environment:checking '/root/ros2_ws/install/communication/bin'
[0.686s] INFO:colcon.colcon_core.shell:Creating package script '/root/ros2_ws/install/communication/share/communication/package.ps1'
[0.686s] INFO:colcon.colcon_core.shell:Creating package descriptor '/root/ros2_ws/install/communication/share/communication/package.dsv'
[0.686s] INFO:colcon.colcon_core.shell:Creating package script '/root/ros2_ws/install/communication/share/communication/package.sh'
[0.687s] INFO:colcon.colcon_core.shell:Creating package script '/root/ros2_ws/install/communication/share/communication/package.bash'
[0.687s] INFO:colcon.colcon_core.shell:Creating package script '/root/ros2_ws/install/communication/share/communication/package.zsh'
[0.687s] Level 1:colcon.colcon_core.environment:create_file_with_runtime_dependencies(/root/ros2_ws/install/communication/share/colcon-core/packages/communication)
[0.825s] INFO:colcon.colcon_core.task.python.build:Building Python package in '/root/ros2_ws/src/aerial_transportation_mujoco_python'
[0.825s] INFO:colcon.colcon_core.shell:Skip shell extension 'powershell' for command environment: Not usable outside of PowerShell
[0.825s] DEBUG:colcon.colcon_core.shell:Skip shell extension 'dsv' for command environment
[1.025s] DEBUG:colcon.colcon_core.event_handler.log_command:Invoking command in '/root/ros2_ws/build/aerial_system_mujoco': PYTHONPATH=/root/ros2_ws/build/aerial_system_mujoco/prefix_override:/usr/lib/python3/dist-packages/colcon_core/task/python/colcon_distutils_commands:/root/ros2_ws/install/aerial_system_mujoco/lib/python3.10/site-packages:${PYTHONPATH} /usr/bin/python3 -W ignore:setup.py install is deprecated -W ignore:easy_install command is deprecated setup.py develop --editable --build-directory /root/ros2_ws/build/aerial_system_mujoco/build --no-deps symlink_data
[1.254s] Level 1:colcon.colcon_core.shell:create_environment_hook('aerial_system_mujoco', 'pythonpath_develop')
[1.254s] INFO:colcon.colcon_core.shell:Creating environment hook '/root/ros2_ws/build/aerial_system_mujoco/share/aerial_system_mujoco/hook/pythonpath_develop.ps1'
[1.254s] DEBUG:colcon.colcon_core.event_handler.log_command:Invoked command in '/root/ros2_ws/build/aerial_system_mujoco' returned '0': PYTHONPATH=/root/ros2_ws/build/aerial_system_mujoco/prefix_override:/usr/lib/python3/dist-packages/colcon_core/task/python/colcon_distutils_commands:/root/ros2_ws/install/aerial_system_mujoco/lib/python3.10/site-packages:${PYTHONPATH} /usr/bin/python3 -W ignore:setup.py install is deprecated -W ignore:easy_install command is deprecated setup.py develop --editable --build-directory /root/ros2_ws/build/aerial_system_mujoco/build --no-deps symlink_data
[1.254s] INFO:colcon.colcon_core.shell:Creating environment descriptor '/root/ros2_ws/build/aerial_system_mujoco/share/aerial_system_mujoco/hook/pythonpath_develop.dsv'
[1.255s] INFO:colcon.colcon_core.shell:Creating environment hook '/root/ros2_ws/build/aerial_system_mujoco/share/aerial_system_mujoco/hook/pythonpath_develop.sh'
[1.255s] Level 1:colcon.colcon_core.environment:checking '/root/ros2_ws/install/aerial_system_mujoco' for CMake module files
[1.255s] Level 1:colcon.colcon_core.environment:checking '/root/ros2_ws/install/aerial_system_mujoco' for CMake config files
[1.255s] Level 1:colcon.colcon_core.environment:checking '/root/ros2_ws/install/aerial_system_mujoco/lib'
[1.255s] Level 1:colcon.colcon_core.environment:checking '/root/ros2_ws/install/aerial_system_mujoco/bin'
[1.255s] Level 1:colcon.colcon_core.environment:checking '/root/ros2_ws/install/aerial_system_mujoco/lib/pkgconfig/aerial_system_mujoco.pc'
[1.256s] Level 1:colcon.colcon_core.environment:checking '/root/ros2_ws/install/aerial_system_mujoco/lib/python3.10/site-packages'
[1.256s] Level 1:colcon.colcon_core.shell:create_environment_hook('aerial_system_mujoco', 'pythonpath')
[1.256s] INFO:colcon.colcon_core.shell:Creating environment hook '/root/ros2_ws/install/aerial_system_mujoco/share/aerial_system_mujoco/hook/pythonpath.ps1'
[1.256s] INFO:colcon.colcon_core.shell:Creating environment descriptor '/root/ros2_ws/install/aerial_system_mujoco/share/aerial_system_mujoco/hook/pythonpath.dsv'
[1.256s] INFO:colcon.colcon_core.shell:Creating environment hook '/root/ros2_ws/install/aerial_system_mujoco/share/aerial_system_mujoco/hook/pythonpath.sh'
[1.256s] Level 1:colcon.colcon_core.environment:checking '/root/ros2_ws/install/aerial_system_mujoco/bin'
[1.256s] Level 1:colcon.colcon_core.environment:create_environment_scripts_only(aerial_system_mujoco)
[1.256s] INFO:colcon.colcon_core.shell:Creating package script '/root/ros2_ws/install/aerial_system_mujoco/share/aerial_system_mujoco/package.ps1'
[1.257s] INFO:colcon.colcon_core.shell:Creating package descriptor '/root/ros2_ws/install/aerial_system_mujoco/share/aerial_system_mujoco/package.dsv'
[1.257s] INFO:colcon.colcon_core.shell:Creating package script '/root/ros2_ws/install/aerial_system_mujoco/share/aerial_system_mujoco/package.sh'
[1.257s] INFO:colcon.colcon_core.shell:Creating package script '/root/ros2_ws/install/aerial_system_mujoco/share/aerial_system_mujoco/package.bash'
[1.257s] INFO:colcon.colcon_core.shell:Creating package script '/root/ros2_ws/install/aerial_system_mujoco/share/aerial_system_mujoco/package.zsh'
[1.259s] Level 1:colcon.colcon_core.environment:create_file_with_runtime_dependencies(/root/ros2_ws/install/aerial_system_mujoco/share/colcon-core/packages/aerial_system_mujoco)
[1.259s] DEBUG:colcon.colcon_parallel_executor.executor.parallel:closing loop
[1.259s] DEBUG:colcon.colcon_parallel_executor.executor.parallel:loop closed
[1.259s] DEBUG:colcon.colcon_parallel_executor.executor.parallel:run_until_complete finished with '0'
[1.259s] DEBUG:colcon.colcon_core.event_reactor:joining thread
[1.264s] INFO:colcon.colcon_core.plugin_system:Skipping extension 'colcon_notification.desktop_notification.notify_send': Could not find 'notify-send'
[1.264s] INFO:colcon.colcon_core.plugin_system:Skipping extension 'colcon_notification.desktop_notification.terminal_notifier': Not used on non-Darwin systems
[1.264s] INFO:colcon.colcon_core.plugin_system:Skipping extension 'colcon_notification.desktop_notification.win32': Not used on non-Windows systems
[1.264s] INFO:colcon.colcon_notification.desktop_notification:Sending desktop notification using 'notify2'
[1.267s] DEBUG:colcon.colcon_notification.desktop_notification.notify2:Failed to initialize notify2: org.freedesktop.DBus.Error.Spawn.ExecFailed: /usr/bin/dbus-launch terminated abnormally without any error message
[1.267s] DEBUG:colcon.colcon_core.event_reactor:joined thread
[1.267s] INFO:colcon.colcon_core.shell:Creating prefix script '/root/ros2_ws/install/local_setup.ps1'
[1.268s] INFO:colcon.colcon_core.shell:Creating prefix util module '/root/ros2_ws/install/_local_setup_util_ps1.py'
[1.269s] INFO:colcon.colcon_core.shell:Creating prefix chain script '/root/ros2_ws/install/setup.ps1'
[1.269s] INFO:colcon.colcon_core.shell:Creating prefix script '/root/ros2_ws/install/local_setup.sh'
[1.270s] INFO:colcon.colcon_core.shell:Creating prefix util module '/root/ros2_ws/install/_local_setup_util_sh.py'
[1.270s] INFO:colcon.colcon_core.shell:Creating prefix chain script '/root/ros2_ws/install/setup.sh'
[1.271s] INFO:colcon.colcon_core.shell:Creating prefix script '/root/ros2_ws/install/local_setup.bash'
[1.271s] INFO:colcon.colcon_core.shell:Creating prefix chain script '/root/ros2_ws/install/setup.bash'
[1.272s] INFO:colcon.colcon_core.shell:Creating prefix script '/root/ros2_ws/install/local_setup.zsh'
[1.272s] INFO:colcon.colcon_core.shell:Creating prefix chain script '/root/ros2_ws/install/setup.zsh'
