[  3%] Built target mujoco_msgs__cpp
[ 12%] Built target mujoco_msgs__rosidl_generator_c
[ 12%] Built target ament_cmake_python_symlink_mujoco_msgs
[ 22%] Built target mujoco_msgs__rosidl_typesupport_cpp
[ 32%] Built target mujoco_msgs__rosidl_typesupport_introspection_cpp
[ 41%] Built target mujoco_msgs__rosidl_typesupport_fastrtps_cpp
[ 51%] Built target mujoco_msgs__rosidl_typesupport_introspection_c
[ 61%] Built target mujoco_msgs__rosidl_typesupport_c
[ 70%] Built target mujoco_msgs__rosidl_typesupport_fastrtps_c
[ 70%] Built target mujoco_msgs
[ 74%] Built target mujoco_msgs__py
[ 80%] Built target mujoco_msgs__rosidl_generator_py
[ 87%] Built target mujoco_msgs__rosidl_typesupport_c__pyext
[ 93%] Built target mujoco_msgs__rosidl_typesupport_introspection_c__pyext
[100%] Built target mujoco_msgs__rosidl_typesupport_fastrtps_c__pyext
running egg_info
writing mujoco_msgs.egg-info/PKG-INFO
writing dependency_links to mujoco_msgs.egg-info/dependency_links.txt
writing top-level names to mujoco_msgs.egg-info/top_level.txt
reading manifest file 'mujoco_msgs.egg-info/SOURCES.txt'
writing manifest file 'mujoco_msgs.egg-info/SOURCES.txt'
[100%] Built target ament_cmake_python_build_mujoco_msgs_egg
-- Install configuration: ""
-- Execute custom install script
-- Up-to-date symlink: /root/ros2_ws/install/mujoco_msgs/share/ament_index/resource_index/rosidl_interfaces/mujoco_msgs
-- Up-to-date symlink: /root/ros2_ws/install/mujoco_msgs/include/mujoco_msgs/mujoco_msgs/msg/control.h
-- Up-to-date symlink: /root/ros2_ws/install/mujoco_msgs/include/mujoco_msgs/mujoco_msgs/msg/detail/control__functions.h
-- Up-to-date symlink: /root/ros2_ws/install/mujoco_msgs/include/mujoco_msgs/mujoco_msgs/msg/detail/control__struct.h
-- Up-to-date symlink: /root/ros2_ws/install/mujoco_msgs/include/mujoco_msgs/mujoco_msgs/msg/detail/control__type_support.h
-- Up-to-date symlink: /root/ros2_ws/install/mujoco_msgs/include/mujoco_msgs/mujoco_msgs/msg/rosidl_generator_c__visibility_control.h
-- Up-to-date symlink: /root/ros2_ws/install/mujoco_msgs/share/mujoco_msgs/environment/library_path.sh
-- Up-to-date symlink: /root/ros2_ws/install/mujoco_msgs/share/mujoco_msgs/environment/library_path.dsv
-- Up-to-date symlink: /root/ros2_ws/install/mujoco_msgs/include/mujoco_msgs/mujoco_msgs/msg/detail/control__rosidl_typesupport_fastrtps_c.h
-- Up-to-date symlink: /root/ros2_ws/install/mujoco_msgs/include/mujoco_msgs/mujoco_msgs/msg/rosidl_typesupport_fastrtps_c__visibility_control.h
-- Up-to-date symlink: /root/ros2_ws/install/mujoco_msgs/include/mujoco_msgs/mujoco_msgs/msg/control.hpp
-- Up-to-date symlink: /root/ros2_ws/install/mujoco_msgs/include/mujoco_msgs/mujoco_msgs/msg/detail/control__builder.hpp
-- Up-to-date symlink: /root/ros2_ws/install/mujoco_msgs/include/mujoco_msgs/mujoco_msgs/msg/detail/control__struct.hpp
-- Up-to-date symlink: /root/ros2_ws/install/mujoco_msgs/include/mujoco_msgs/mujoco_msgs/msg/detail/control__traits.hpp
-- Up-to-date symlink: /root/ros2_ws/install/mujoco_msgs/include/mujoco_msgs/mujoco_msgs/msg/detail/control__type_support.hpp
-- Up-to-date symlink: /root/ros2_ws/install/mujoco_msgs/include/mujoco_msgs/mujoco_msgs/msg/rosidl_generator_cpp__visibility_control.hpp
-- Up-to-date symlink: /root/ros2_ws/install/mujoco_msgs/include/mujoco_msgs/mujoco_msgs/msg/detail/control__rosidl_typesupport_fastrtps_cpp.hpp
-- Up-to-date symlink: /root/ros2_ws/install/mujoco_msgs/include/mujoco_msgs/mujoco_msgs/msg/rosidl_typesupport_fastrtps_cpp__visibility_control.h
-- Up-to-date symlink: /root/ros2_ws/install/mujoco_msgs/include/mujoco_msgs/mujoco_msgs/msg/detail/control__rosidl_typesupport_introspection_c.h
-- Up-to-date symlink: /root/ros2_ws/install/mujoco_msgs/include/mujoco_msgs/mujoco_msgs/msg/rosidl_typesupport_introspection_c__visibility_control.h
-- Up-to-date symlink: /root/ros2_ws/install/mujoco_msgs/include/mujoco_msgs/mujoco_msgs/msg/detail/control__rosidl_typesupport_introspection_cpp.hpp
-- Up-to-date symlink: /root/ros2_ws/install/mujoco_msgs/share/mujoco_msgs/environment/pythonpath.sh
-- Up-to-date symlink: /root/ros2_ws/install/mujoco_msgs/share/mujoco_msgs/environment/pythonpath.dsv
-- Up-to-date symlink: /root/ros2_ws/install/mujoco_msgs/local/lib/python3.10/dist-packages/mujoco_msgs-0.0.0-py3.10.egg-info/PKG-INFO
-- Up-to-date symlink: /root/ros2_ws/install/mujoco_msgs/local/lib/python3.10/dist-packages/mujoco_msgs-0.0.0-py3.10.egg-info/SOURCES.txt
-- Up-to-date symlink: /root/ros2_ws/install/mujoco_msgs/local/lib/python3.10/dist-packages/mujoco_msgs-0.0.0-py3.10.egg-info/dependency_links.txt
-- Up-to-date symlink: /root/ros2_ws/install/mujoco_msgs/local/lib/python3.10/dist-packages/mujoco_msgs-0.0.0-py3.10.egg-info/top_level.txt
-- Up-to-date symlink: /root/ros2_ws/install/mujoco_msgs/local/lib/python3.10/dist-packages/mujoco_msgs/__init__.py
-- Up-to-date symlink: /root/ros2_ws/install/mujoco_msgs/local/lib/python3.10/dist-packages/mujoco_msgs/_mujoco_msgs_s.ep.rosidl_typesupport_c.c
-- Up-to-date symlink: /root/ros2_ws/install/mujoco_msgs/local/lib/python3.10/dist-packages/mujoco_msgs/_mujoco_msgs_s.ep.rosidl_typesupport_fastrtps_c.c
-- Up-to-date symlink: /root/ros2_ws/install/mujoco_msgs/local/lib/python3.10/dist-packages/mujoco_msgs/_mujoco_msgs_s.ep.rosidl_typesupport_introspection_c.c
-- Up-to-date symlink: /root/ros2_ws/install/mujoco_msgs/local/lib/python3.10/dist-packages/mujoco_msgs/libmujoco_msgs__rosidl_generator_py.so
-- Up-to-date symlink: /root/ros2_ws/install/mujoco_msgs/local/lib/python3.10/dist-packages/mujoco_msgs/msg/__init__.py
-- Up-to-date symlink: /root/ros2_ws/install/mujoco_msgs/local/lib/python3.10/dist-packages/mujoco_msgs/msg/_control.py
-- Up-to-date symlink: /root/ros2_ws/install/mujoco_msgs/local/lib/python3.10/dist-packages/mujoco_msgs/msg/_control_s.c
-- Up-to-date symlink: /root/ros2_ws/install/mujoco_msgs/local/lib/python3.10/dist-packages/mujoco_msgs/mujoco_msgs_s__rosidl_typesupport_c.cpython-310-x86_64-linux-gnu.so
-- Up-to-date symlink: /root/ros2_ws/install/mujoco_msgs/local/lib/python3.10/dist-packages/mujoco_msgs/mujoco_msgs_s__rosidl_typesupport_fastrtps_c.cpython-310-x86_64-linux-gnu.so
-- Up-to-date symlink: /root/ros2_ws/install/mujoco_msgs/local/lib/python3.10/dist-packages/mujoco_msgs/mujoco_msgs_s__rosidl_typesupport_introspection_c.cpython-310-x86_64-linux-gnu.so
-- Up-to-date symlink: /root/ros2_ws/install/mujoco_msgs/local/lib/python3.10/dist-packages/mujoco_msgs/mujoco_msgs_s__rosidl_typesupport_fastrtps_c.cpython-310-x86_64-linux-gnu.so
-- Up-to-date symlink: /root/ros2_ws/install/mujoco_msgs/local/lib/python3.10/dist-packages/mujoco_msgs/mujoco_msgs_s__rosidl_typesupport_introspection_c.cpython-310-x86_64-linux-gnu.so
-- Up-to-date symlink: /root/ros2_ws/install/mujoco_msgs/local/lib/python3.10/dist-packages/mujoco_msgs/mujoco_msgs_s__rosidl_typesupport_c.cpython-310-x86_64-linux-gnu.so
-- Up-to-date symlink: /root/ros2_ws/install/mujoco_msgs/share/mujoco_msgs/msg/Control.idl
-- Up-to-date symlink: /root/ros2_ws/install/mujoco_msgs/share/mujoco_msgs/msg/Control.msg
-- Up-to-date symlink: /root/ros2_ws/install/mujoco_msgs/share/ament_index/resource_index/package_run_dependencies/mujoco_msgs
-- Up-to-date symlink: /root/ros2_ws/install/mujoco_msgs/share/ament_index/resource_index/parent_prefix_path/mujoco_msgs
-- Up-to-date symlink: /root/ros2_ws/install/mujoco_msgs/share/mujoco_msgs/environment/ament_prefix_path.sh
-- Up-to-date symlink: /root/ros2_ws/install/mujoco_msgs/share/mujoco_msgs/environment/ament_prefix_path.dsv
-- Up-to-date symlink: /root/ros2_ws/install/mujoco_msgs/share/mujoco_msgs/environment/path.sh
-- Up-to-date symlink: /root/ros2_ws/install/mujoco_msgs/share/mujoco_msgs/environment/path.dsv
-- Up-to-date symlink: /root/ros2_ws/install/mujoco_msgs/share/mujoco_msgs/local_setup.bash
-- Up-to-date symlink: /root/ros2_ws/install/mujoco_msgs/share/mujoco_msgs/local_setup.sh
-- Up-to-date symlink: /root/ros2_ws/install/mujoco_msgs/share/mujoco_msgs/local_setup.zsh
-- Up-to-date symlink: /root/ros2_ws/install/mujoco_msgs/share/mujoco_msgs/local_setup.dsv
-- Symlinking: /root/ros2_ws/install/mujoco_msgs/share/mujoco_msgs/package.dsv
-- Up-to-date symlink: /root/ros2_ws/install/mujoco_msgs/share/ament_index/resource_index/packages/mujoco_msgs
-- Up-to-date symlink: /root/ros2_ws/install/mujoco_msgs/share/mujoco_msgs/cmake/rosidl_cmake-extras.cmake
-- Up-to-date symlink: /root/ros2_ws/install/mujoco_msgs/share/mujoco_msgs/cmake/ament_cmake_export_dependencies-extras.cmake
-- Up-to-date symlink: /root/ros2_ws/install/mujoco_msgs/share/mujoco_msgs/cmake/ament_cmake_export_include_directories-extras.cmake
-- Up-to-date symlink: /root/ros2_ws/install/mujoco_msgs/share/mujoco_msgs/cmake/ament_cmake_export_libraries-extras.cmake
-- Up-to-date symlink: /root/ros2_ws/install/mujoco_msgs/share/mujoco_msgs/cmake/ament_cmake_export_targets-extras.cmake
-- Up-to-date symlink: /root/ros2_ws/install/mujoco_msgs/share/mujoco_msgs/cmake/rosidl_cmake_export_typesupport_targets-extras.cmake
-- Up-to-date symlink: /root/ros2_ws/install/mujoco_msgs/share/mujoco_msgs/cmake/rosidl_cmake_export_typesupport_libraries-extras.cmake
-- Up-to-date symlink: /root/ros2_ws/install/mujoco_msgs/share/mujoco_msgs/cmake/mujoco_msgsConfig.cmake
-- Up-to-date symlink: /root/ros2_ws/install/mujoco_msgs/share/mujoco_msgs/cmake/mujoco_msgsConfig-version.cmake
-- Up-to-date symlink: /root/ros2_ws/install/mujoco_msgs/share/mujoco_msgs/package.xml
-- Up-to-date: /root/ros2_ws/install/mujoco_msgs/lib/libmujoco_msgs__rosidl_generator_c.so
-- Up-to-date: /root/ros2_ws/install/mujoco_msgs/lib/libmujoco_msgs__rosidl_typesupport_fastrtps_c.so
-- Up-to-date: /root/ros2_ws/install/mujoco_msgs/lib/libmujoco_msgs__rosidl_typesupport_fastrtps_cpp.so
-- Up-to-date: /root/ros2_ws/install/mujoco_msgs/lib/libmujoco_msgs__rosidl_typesupport_introspection_c.so
-- Up-to-date: /root/ros2_ws/install/mujoco_msgs/lib/libmujoco_msgs__rosidl_typesupport_c.so
-- Up-to-date: /root/ros2_ws/install/mujoco_msgs/lib/libmujoco_msgs__rosidl_typesupport_introspection_cpp.so
-- Up-to-date: /root/ros2_ws/install/mujoco_msgs/lib/libmujoco_msgs__rosidl_typesupport_cpp.so
Listing '/root/ros2_ws/install/mujoco_msgs/local/lib/python3.10/dist-packages/mujoco_msgs'...
Listing '/root/ros2_ws/install/mujoco_msgs/local/lib/python3.10/dist-packages/mujoco_msgs/msg'...
-- Up-to-date: /root/ros2_ws/install/mujoco_msgs/lib/libmujoco_msgs__rosidl_generator_py.so
-- Up-to-date: /root/ros2_ws/install/mujoco_msgs/share/mujoco_msgs/cmake/export_mujoco_msgs__rosidl_generator_cExport.cmake
-- Up-to-date: /root/ros2_ws/install/mujoco_msgs/share/mujoco_msgs/cmake/export_mujoco_msgs__rosidl_generator_cExport-noconfig.cmake
-- Up-to-date: /root/ros2_ws/install/mujoco_msgs/share/mujoco_msgs/cmake/export_mujoco_msgs__rosidl_typesupport_fastrtps_cExport.cmake
-- Up-to-date: /root/ros2_ws/install/mujoco_msgs/share/mujoco_msgs/cmake/export_mujoco_msgs__rosidl_typesupport_fastrtps_cExport-noconfig.cmake
-- Up-to-date: /root/ros2_ws/install/mujoco_msgs/share/mujoco_msgs/cmake/export_mujoco_msgs__rosidl_generator_cppExport.cmake
-- Up-to-date: /root/ros2_ws/install/mujoco_msgs/share/mujoco_msgs/cmake/export_mujoco_msgs__rosidl_typesupport_fastrtps_cppExport.cmake
-- Up-to-date: /root/ros2_ws/install/mujoco_msgs/share/mujoco_msgs/cmake/export_mujoco_msgs__rosidl_typesupport_fastrtps_cppExport-noconfig.cmake
-- Up-to-date: /root/ros2_ws/install/mujoco_msgs/share/mujoco_msgs/cmake/mujoco_msgs__rosidl_typesupport_introspection_cExport.cmake
-- Up-to-date: /root/ros2_ws/install/mujoco_msgs/share/mujoco_msgs/cmake/mujoco_msgs__rosidl_typesupport_introspection_cExport-noconfig.cmake
-- Up-to-date: /root/ros2_ws/install/mujoco_msgs/share/mujoco_msgs/cmake/mujoco_msgs__rosidl_typesupport_cExport.cmake
-- Up-to-date: /root/ros2_ws/install/mujoco_msgs/share/mujoco_msgs/cmake/mujoco_msgs__rosidl_typesupport_cExport-noconfig.cmake
-- Up-to-date: /root/ros2_ws/install/mujoco_msgs/share/mujoco_msgs/cmake/mujoco_msgs__rosidl_typesupport_introspection_cppExport.cmake
-- Up-to-date: /root/ros2_ws/install/mujoco_msgs/share/mujoco_msgs/cmake/mujoco_msgs__rosidl_typesupport_introspection_cppExport-noconfig.cmake
-- Up-to-date: /root/ros2_ws/install/mujoco_msgs/share/mujoco_msgs/cmake/mujoco_msgs__rosidl_typesupport_cppExport.cmake
-- Up-to-date: /root/ros2_ws/install/mujoco_msgs/share/mujoco_msgs/cmake/mujoco_msgs__rosidl_typesupport_cppExport-noconfig.cmake
-- Up-to-date: /root/ros2_ws/install/mujoco_msgs/share/mujoco_msgs/cmake/export_mujoco_msgs__rosidl_generator_pyExport.cmake
-- Up-to-date: /root/ros2_ws/install/mujoco_msgs/share/mujoco_msgs/cmake/export_mujoco_msgs__rosidl_generator_pyExport-noconfig.cmake
