running develop
running egg_info
creating aerial_system_mujoco.egg-info
writing aerial_system_mujoco.egg-info/PKG-INFO
writing dependency_links to aerial_system_mujoco.egg-info/dependency_links.txt
writing entry points to aerial_system_mujoco.egg-info/entry_points.txt
writing requirements to aerial_system_mujoco.egg-info/requires.txt
writing top-level names to aerial_system_mujoco.egg-info/top_level.txt
writing manifest file 'aerial_system_mujoco.egg-info/SOURCES.txt'
reading manifest file 'aerial_system_mujoco.egg-info/SOURCES.txt'
writing manifest file 'aerial_system_mujoco.egg-info/SOURCES.txt'
running build_ext
Creating /workspaces/ros_humble_mujoco_leo/leo/install/aerial_system_mujoco/lib/python3.10/site-packages/aerial-system-mujoco.egg-link (link to .)
Installing drones_simulation script to /workspaces/ros_humble_mujoco_leo/leo/install/aerial_system_mujoco/lib/aerial_system_mujoco
Installing ropes_simulation script to /workspaces/ros_humble_mujoco_leo/leo/install/aerial_system_mujoco/lib/aerial_system_mujoco

Installed /workspaces/ros_humble_mujoco_leo/leo/build/aerial_system_mujoco
running symlink_data
creating /workspaces/ros_humble_mujoco_leo/leo/install/aerial_system_mujoco/share/ament_index
creating /workspaces/ros_humble_mujoco_leo/leo/install/aerial_system_mujoco/share/ament_index/resource_index
creating /workspaces/ros_humble_mujoco_leo/leo/install/aerial_system_mujoco/share/ament_index/resource_index/packages
symbolically linking /workspaces/ros_humble_mujoco_leo/leo/build/aerial_system_mujoco/resource/aerial_system_mujoco -> /workspaces/ros_humble_mujoco_leo/leo/install/aerial_system_mujoco/share/ament_index/resource_index/packages
symbolically linking /workspaces/ros_humble_mujoco_leo/leo/build/aerial_system_mujoco/package.xml -> /workspaces/ros_humble_mujoco_leo/leo/install/aerial_system_mujoco/share/aerial_system_mujoco
creating /workspaces/ros_humble_mujoco_leo/leo/install/aerial_system_mujoco/share/aerial_system_mujoco/launch
symbolically linking /workspaces/ros_humble_mujoco_leo/leo/build/aerial_system_mujoco/launch/simulation_launch.py -> /workspaces/ros_humble_mujoco_leo/leo/install/aerial_system_mujoco/share/aerial_system_mujoco/launch
creating /workspaces/ros_humble_mujoco_leo/leo/install/aerial_system_mujoco/share/aerial_system_mujoco/model
symbolically linking /workspaces/ros_humble_mujoco_leo/leo/build/aerial_system_mujoco/model/xml/balloons.xml -> /workspaces/ros_humble_mujoco_leo/leo/install/aerial_system_mujoco/share/aerial_system_mujoco/model
symbolically linking /workspaces/ros_humble_mujoco_leo/leo/build/aerial_system_mujoco/model/xml/model_1.xml -> /workspaces/ros_humble_mujoco_leo/leo/install/aerial_system_mujoco/share/aerial_system_mujoco/model
symbolically linking /workspaces/ros_humble_mujoco_leo/leo/build/aerial_system_mujoco/model/xml/drone_payload.xml -> /workspaces/ros_humble_mujoco_leo/leo/install/aerial_system_mujoco/share/aerial_system_mujoco/model
