[0.532s] Invoking command in '/workspaces/ros_humble_mujoco_leo/leo/build/aerial_system_mujoco': AMENT_PREFIX_PATH=/workspaces/ros_humble_mujoco_leo/leo/install/mujoco_msgs:${AMENT_PREFIX_PATH} CMAKE_PREFIX_PATH=/workspaces/ros_humble_mujoco_leo/leo/install/mujoco_msgs LD_LIBRARY_PATH=/workspaces/ros_humble_mujoco_leo/leo/install/mujoco_msgs/lib:${LD_LIBRARY_PATH} PYTHONPATH=/workspaces/ros_humble_mujoco_leo/leo/build/aerial_system_mujoco/prefix_override:/usr/lib/python3/dist-packages/colcon_core/task/python/colcon_distutils_commands:/workspaces/ros_humble_mujoco_leo/leo/install/aerial_system_mujoco/lib/python3.10/site-packages:/workspaces/ros_humble_mujoco_leo/leo/install/mujoco_msgs/local/lib/python3.10/dist-packages:${PYTHONPATH} /usr/bin/python3 -W ignore:setup.py install is deprecated -W ignore:easy_install command is deprecated setup.py develop --editable --build-directory /workspaces/ros_humble_mujoco_leo/leo/build/aerial_system_mujoco/build --no-deps symlink_data
[0.746s] running develop
[0.874s] running egg_info
[0.874s] creating aerial_system_mujoco.egg-info
[0.874s] writing aerial_system_mujoco.egg-info/PKG-INFO
[0.874s] writing dependency_links to aerial_system_mujoco.egg-info/dependency_links.txt
[0.874s] writing entry points to aerial_system_mujoco.egg-info/entry_points.txt
[0.874s] writing requirements to aerial_system_mujoco.egg-info/requires.txt
[0.875s] writing top-level names to aerial_system_mujoco.egg-info/top_level.txt
[0.875s] writing manifest file 'aerial_system_mujoco.egg-info/SOURCES.txt'
[0.876s] reading manifest file 'aerial_system_mujoco.egg-info/SOURCES.txt'
[0.876s] writing manifest file 'aerial_system_mujoco.egg-info/SOURCES.txt'
[0.877s] running build_ext
[0.878s] Creating /workspaces/ros_humble_mujoco_leo/leo/install/aerial_system_mujoco/lib/python3.10/site-packages/aerial-system-mujoco.egg-link (link to .)
[0.878s] Installing drones_simulation script to /workspaces/ros_humble_mujoco_leo/leo/install/aerial_system_mujoco/lib/aerial_system_mujoco
[0.878s] Installing ropes_simulation script to /workspaces/ros_humble_mujoco_leo/leo/install/aerial_system_mujoco/lib/aerial_system_mujoco
[0.878s] 
[0.878s] Installed /workspaces/ros_humble_mujoco_leo/leo/build/aerial_system_mujoco
[0.879s] running symlink_data
[0.879s] creating /workspaces/ros_humble_mujoco_leo/leo/install/aerial_system_mujoco/share/ament_index
[0.879s] creating /workspaces/ros_humble_mujoco_leo/leo/install/aerial_system_mujoco/share/ament_index/resource_index
[0.879s] creating /workspaces/ros_humble_mujoco_leo/leo/install/aerial_system_mujoco/share/ament_index/resource_index/packages
[0.879s] symbolically linking /workspaces/ros_humble_mujoco_leo/leo/build/aerial_system_mujoco/resource/aerial_system_mujoco -> /workspaces/ros_humble_mujoco_leo/leo/install/aerial_system_mujoco/share/ament_index/resource_index/packages
[0.879s] symbolically linking /workspaces/ros_humble_mujoco_leo/leo/build/aerial_system_mujoco/package.xml -> /workspaces/ros_humble_mujoco_leo/leo/install/aerial_system_mujoco/share/aerial_system_mujoco
[0.879s] creating /workspaces/ros_humble_mujoco_leo/leo/install/aerial_system_mujoco/share/aerial_system_mujoco/launch
[0.879s] symbolically linking /workspaces/ros_humble_mujoco_leo/leo/build/aerial_system_mujoco/launch/simulation_launch.py -> /workspaces/ros_humble_mujoco_leo/leo/install/aerial_system_mujoco/share/aerial_system_mujoco/launch
[0.879s] creating /workspaces/ros_humble_mujoco_leo/leo/install/aerial_system_mujoco/share/aerial_system_mujoco/model
[0.879s] symbolically linking /workspaces/ros_humble_mujoco_leo/leo/build/aerial_system_mujoco/model/xml/balloons.xml -> /workspaces/ros_humble_mujoco_leo/leo/install/aerial_system_mujoco/share/aerial_system_mujoco/model
[0.879s] symbolically linking /workspaces/ros_humble_mujoco_leo/leo/build/aerial_system_mujoco/model/xml/model_1.xml -> /workspaces/ros_humble_mujoco_leo/leo/install/aerial_system_mujoco/share/aerial_system_mujoco/model
[0.879s] symbolically linking /workspaces/ros_humble_mujoco_leo/leo/build/aerial_system_mujoco/model/xml/drone_payload.xml -> /workspaces/ros_humble_mujoco_leo/leo/install/aerial_system_mujoco/share/aerial_system_mujoco/model
[0.907s] Invoked command in '/workspaces/ros_humble_mujoco_leo/leo/build/aerial_system_mujoco' returned '0': AMENT_PREFIX_PATH=/workspaces/ros_humble_mujoco_leo/leo/install/mujoco_msgs:${AMENT_PREFIX_PATH} CMAKE_PREFIX_PATH=/workspaces/ros_humble_mujoco_leo/leo/install/mujoco_msgs LD_LIBRARY_PATH=/workspaces/ros_humble_mujoco_leo/leo/install/mujoco_msgs/lib:${LD_LIBRARY_PATH} PYTHONPATH=/workspaces/ros_humble_mujoco_leo/leo/build/aerial_system_mujoco/prefix_override:/usr/lib/python3/dist-packages/colcon_core/task/python/colcon_distutils_commands:/workspaces/ros_humble_mujoco_leo/leo/install/aerial_system_mujoco/lib/python3.10/site-packages:/workspaces/ros_humble_mujoco_leo/leo/install/mujoco_msgs/local/lib/python3.10/dist-packages:${PYTHONPATH} /usr/bin/python3 -W ignore:setup.py install is deprecated -W ignore:easy_install command is deprecated setup.py develop --editable --build-directory /workspaces/ros_humble_mujoco_leo/leo/build/aerial_system_mujoco/build --no-deps symlink_data
