[0.067s] DEBUG:colcon:Command line arguments: ['/usr/bin/colcon', 'build', '--symlink-install']
[0.067s] DEBUG:colcon:Parsed command line arguments: Namespace(log_base=None, log_level=None, verb_name='build', build_base='build', install_base='install', merge_install=False, symlink_install=True, test_result_base=None, continue_on_error=False, executor='parallel', parallel_workers=16, event_handlers=None, ignore_user_meta=False, metas=['./colcon.meta'], base_paths=['.'], packages_ignore=None, packages_ignore_regex=None, paths=None, packages_up_to=None, packages_up_to_regex=None, packages_above=None, packages_above_and_dependencies=None, packages_above_depth=None, packages_select_by_dep=None, packages_skip_by_dep=None, packages_skip_up_to=None, packages_select_build_failed=False, packages_skip_build_finished=False, packages_select_test_failures=False, packages_skip_test_passed=False, packages_select=None, packages_skip=None, packages_select_regex=None, packages_skip_regex=None, packages_start=None, packages_end=None, cmake_args=None, cmake_target=None, cmake_target_skip_unavailable=False, cmake_clean_cache=False, cmake_clean_first=False, cmake_force_configure=False, ament_cmake_args=None, catkin_cmake_args=None, catkin_skip_building_tests=False, mixin_files=None, mixin=None, verb_parser=<colcon_mixin.mixin.mixin_argument.MixinArgumentDecorator object at 0x7f595f418910>, verb_extension=<colcon_core.verb.build.BuildVerb object at 0x7f595f52d7b0>, main=<bound method BuildVerb.main of <colcon_core.verb.build.BuildVerb object at 0x7f595f52d7b0>>, mixin_verb=('build',))
[0.154s] Level 1:colcon.colcon_core.package_discovery:discover_packages(colcon_meta) check parameters
[0.154s] INFO:colcon.colcon_metadata.package_discovery.colcon_meta:Using configuration from '/root/.colcon/metadata/default/Gazebo.meta'
[0.155s] INFO:colcon.colcon_metadata.package_discovery.colcon_meta:Using configuration from '/root/.colcon/metadata/default/fastrtps.meta'
[0.155s] Level 1:colcon.colcon_core.package_discovery:discover_packages(recursive) check parameters
[0.155s] Level 1:colcon.colcon_core.package_discovery:discover_packages(ignore) check parameters
[0.155s] Level 1:colcon.colcon_core.package_discovery:discover_packages(path) check parameters
[0.155s] Level 1:colcon.colcon_core.package_discovery:discover_packages(colcon_meta) discover
[0.155s] Level 1:colcon.colcon_core.package_discovery:discover_packages(recursive) discover
[0.155s] INFO:colcon.colcon_core.package_discovery:Crawling recursively for packages in '/root/ros2_ws'
[0.155s] Level 1:colcon.colcon_core.package_identification:_identify(.) by extensions ['ignore', 'ignore_ament_install']
[0.155s] Level 1:colcon.colcon_core.package_identification:_identify(.) by extension 'ignore'
[0.155s] Level 1:colcon.colcon_core.package_identification:_identify(.) by extension 'ignore_ament_install'
[0.155s] Level 1:colcon.colcon_core.package_identification:_identify(.) by extensions ['colcon_pkg']
[0.155s] Level 1:colcon.colcon_core.package_identification:_identify(.) by extension 'colcon_pkg'
[0.155s] Level 1:colcon.colcon_core.package_identification:_identify(.) by extensions ['colcon_meta']
[0.155s] Level 1:colcon.colcon_core.package_identification:_identify(.) by extension 'colcon_meta'
[0.155s] Level 1:colcon.colcon_core.package_identification:_identify(.) by extensions ['ros']
[0.155s] Level 1:colcon.colcon_core.package_identification:_identify(.) by extension 'ros'
[0.161s] Level 1:colcon.colcon_core.package_identification:_identify(.) by extensions ['cmake', 'python']
[0.161s] Level 1:colcon.colcon_core.package_identification:_identify(.) by extension 'cmake'
[0.161s] Level 1:colcon.colcon_core.package_identification:_identify(.) by extension 'python'
[0.161s] Level 1:colcon.colcon_core.package_identification:_identify(.) by extensions ['python_setup_py']
[0.161s] Level 1:colcon.colcon_core.package_identification:_identify(.) by extension 'python_setup_py'
[0.161s] Level 1:colcon.colcon_core.package_identification:_identify(build) by extensions ['ignore', 'ignore_ament_install']
[0.161s] Level 1:colcon.colcon_core.package_identification:_identify(build) by extension 'ignore'
[0.161s] Level 1:colcon.colcon_core.package_identification:_identify(build) ignored
[0.161s] Level 1:colcon.colcon_core.package_identification:_identify(install) by extensions ['ignore', 'ignore_ament_install']
[0.161s] Level 1:colcon.colcon_core.package_identification:_identify(install) by extension 'ignore'
[0.161s] Level 1:colcon.colcon_core.package_identification:_identify(install) ignored
[0.161s] Level 1:colcon.colcon_core.package_identification:_identify(log) by extensions ['ignore', 'ignore_ament_install']
[0.161s] Level 1:colcon.colcon_core.package_identification:_identify(log) by extension 'ignore'
[0.162s] Level 1:colcon.colcon_core.package_identification:_identify(log) ignored
[0.162s] Level 1:colcon.colcon_core.package_identification:_identify(src) by extensions ['ignore', 'ignore_ament_install']
[0.162s] Level 1:colcon.colcon_core.package_identification:_identify(src) by extension 'ignore'
[0.162s] Level 1:colcon.colcon_core.package_identification:_identify(src) by extension 'ignore_ament_install'
[0.162s] Level 1:colcon.colcon_core.package_identification:_identify(src) by extensions ['colcon_pkg']
[0.162s] Level 1:colcon.colcon_core.package_identification:_identify(src) by extension 'colcon_pkg'
[0.162s] Level 1:colcon.colcon_core.package_identification:_identify(src) by extensions ['colcon_meta']
[0.162s] Level 1:colcon.colcon_core.package_identification:_identify(src) by extension 'colcon_meta'
[0.162s] Level 1:colcon.colcon_core.package_identification:_identify(src) by extensions ['ros']
[0.162s] Level 1:colcon.colcon_core.package_identification:_identify(src) by extension 'ros'
[0.162s] Level 1:colcon.colcon_core.package_identification:_identify(src) by extensions ['cmake', 'python']
[0.162s] Level 1:colcon.colcon_core.package_identification:_identify(src) by extension 'cmake'
[0.162s] Level 1:colcon.colcon_core.package_identification:_identify(src) by extension 'python'
[0.162s] Level 1:colcon.colcon_core.package_identification:_identify(src) by extensions ['python_setup_py']
[0.162s] Level 1:colcon.colcon_core.package_identification:_identify(src) by extension 'python_setup_py'
[0.162s] Level 1:colcon.colcon_core.package_identification:_identify(src/aerial_transportation_mujoco_python) by extensions ['ignore', 'ignore_ament_install']
[0.162s] Level 1:colcon.colcon_core.package_identification:_identify(src/aerial_transportation_mujoco_python) by extension 'ignore'
[0.162s] Level 1:colcon.colcon_core.package_identification:_identify(src/aerial_transportation_mujoco_python) by extension 'ignore_ament_install'
[0.162s] Level 1:colcon.colcon_core.package_identification:_identify(src/aerial_transportation_mujoco_python) by extensions ['colcon_pkg']
[0.162s] Level 1:colcon.colcon_core.package_identification:_identify(src/aerial_transportation_mujoco_python) by extension 'colcon_pkg'
[0.162s] Level 1:colcon.colcon_core.package_identification:_identify(src/aerial_transportation_mujoco_python) by extensions ['colcon_meta']
[0.162s] Level 1:colcon.colcon_core.package_identification:_identify(src/aerial_transportation_mujoco_python) by extension 'colcon_meta'
[0.162s] Level 1:colcon.colcon_core.package_identification:_identify(src/aerial_transportation_mujoco_python) by extensions ['ros']
[0.162s] Level 1:colcon.colcon_core.package_identification:_identify(src/aerial_transportation_mujoco_python) by extension 'ros'
[0.164s] DEBUG:colcon.colcon_core.package_identification:Package 'src/aerial_transportation_mujoco_python' with type 'ros.ament_python' and name 'aerial_system_mujoco'
[0.164s] Level 1:colcon.colcon_core.package_identification:_identify(src/communication) by extensions ['ignore', 'ignore_ament_install']
[0.164s] Level 1:colcon.colcon_core.package_identification:_identify(src/communication) by extension 'ignore'
[0.164s] Level 1:colcon.colcon_core.package_identification:_identify(src/communication) by extension 'ignore_ament_install'
[0.164s] Level 1:colcon.colcon_core.package_identification:_identify(src/communication) by extensions ['colcon_pkg']
[0.164s] Level 1:colcon.colcon_core.package_identification:_identify(src/communication) by extension 'colcon_pkg'
[0.164s] Level 1:colcon.colcon_core.package_identification:_identify(src/communication) by extensions ['colcon_meta']
[0.164s] Level 1:colcon.colcon_core.package_identification:_identify(src/communication) by extension 'colcon_meta'
[0.164s] Level 1:colcon.colcon_core.package_identification:_identify(src/communication) by extensions ['ros']
[0.164s] Level 1:colcon.colcon_core.package_identification:_identify(src/communication) by extension 'ros'
[0.164s] DEBUG:colcon.colcon_core.package_identification:Package 'src/communication' with type 'ros.ament_cmake' and name 'communication'
[0.164s] Level 1:colcon.colcon_core.package_identification:_identify(src/mujoco_msgs) by extensions ['ignore', 'ignore_ament_install']
[0.164s] Level 1:colcon.colcon_core.package_identification:_identify(src/mujoco_msgs) by extension 'ignore'
[0.164s] Level 1:colcon.colcon_core.package_identification:_identify(src/mujoco_msgs) by extension 'ignore_ament_install'
[0.164s] Level 1:colcon.colcon_core.package_identification:_identify(src/mujoco_msgs) by extensions ['colcon_pkg']
[0.164s] Level 1:colcon.colcon_core.package_identification:_identify(src/mujoco_msgs) by extension 'colcon_pkg'
[0.164s] Level 1:colcon.colcon_core.package_identification:_identify(src/mujoco_msgs) by extensions ['colcon_meta']
[0.164s] Level 1:colcon.colcon_core.package_identification:_identify(src/mujoco_msgs) by extension 'colcon_meta'
[0.164s] Level 1:colcon.colcon_core.package_identification:_identify(src/mujoco_msgs) by extensions ['ros']
[0.164s] Level 1:colcon.colcon_core.package_identification:_identify(src/mujoco_msgs) by extension 'ros'
[0.165s] DEBUG:colcon.colcon_core.package_identification:Package 'src/mujoco_msgs' with type 'ros.ament_cmake' and name 'mujoco_msgs'
[0.165s] Level 1:colcon.colcon_core.package_discovery:discover_packages(recursive) using defaults
[0.165s] Level 1:colcon.colcon_core.package_discovery:discover_packages(ignore) discover
[0.165s] Level 1:colcon.colcon_core.package_discovery:discover_packages(ignore) using defaults
[0.165s] Level 1:colcon.colcon_core.package_discovery:discover_packages(path) discover
[0.165s] Level 1:colcon.colcon_core.package_discovery:discover_packages(path) using defaults
[0.182s] Level 5:colcon.colcon_core.verb:set package 'communication' build argument 'cmake_args' from command line to 'None'
[0.182s] Level 5:colcon.colcon_core.verb:set package 'communication' build argument 'cmake_target' from command line to 'None'
[0.182s] Level 5:colcon.colcon_core.verb:set package 'communication' build argument 'cmake_target_skip_unavailable' from command line to 'False'
[0.182s] Level 5:colcon.colcon_core.verb:set package 'communication' build argument 'cmake_clean_cache' from command line to 'False'
[0.182s] Level 5:colcon.colcon_core.verb:set package 'communication' build argument 'cmake_clean_first' from command line to 'False'
[0.182s] Level 5:colcon.colcon_core.verb:set package 'communication' build argument 'cmake_force_configure' from command line to 'False'
[0.182s] Level 5:colcon.colcon_core.verb:set package 'communication' build argument 'ament_cmake_args' from command line to 'None'
[0.182s] Level 5:colcon.colcon_core.verb:set package 'communication' build argument 'catkin_cmake_args' from command line to 'None'
[0.182s] Level 5:colcon.colcon_core.verb:set package 'communication' build argument 'catkin_skip_building_tests' from command line to 'False'
[0.182s] DEBUG:colcon.colcon_core.verb:Building package 'communication' with the following arguments: {'ament_cmake_args': None, 'build_base': '/root/ros2_ws/build/communication', 'catkin_cmake_args': None, 'catkin_skip_building_tests': False, 'cmake_args': None, 'cmake_clean_cache': False, 'cmake_clean_first': False, 'cmake_force_configure': False, 'cmake_target': None, 'cmake_target_skip_unavailable': False, 'install_base': '/root/ros2_ws/install/communication', 'merge_install': False, 'path': '/root/ros2_ws/src/communication', 'symlink_install': True, 'test_result_base': None}
[0.182s] Level 5:colcon.colcon_core.verb:set package 'mujoco_msgs' build argument 'cmake_args' from command line to 'None'
[0.182s] Level 5:colcon.colcon_core.verb:set package 'mujoco_msgs' build argument 'cmake_target' from command line to 'None'
[0.182s] Level 5:colcon.colcon_core.verb:set package 'mujoco_msgs' build argument 'cmake_target_skip_unavailable' from command line to 'False'
[0.182s] Level 5:colcon.colcon_core.verb:set package 'mujoco_msgs' build argument 'cmake_clean_cache' from command line to 'False'
[0.182s] Level 5:colcon.colcon_core.verb:set package 'mujoco_msgs' build argument 'cmake_clean_first' from command line to 'False'
[0.182s] Level 5:colcon.colcon_core.verb:set package 'mujoco_msgs' build argument 'cmake_force_configure' from command line to 'False'
[0.182s] Level 5:colcon.colcon_core.verb:set package 'mujoco_msgs' build argument 'ament_cmake_args' from command line to 'None'
[0.182s] Level 5:colcon.colcon_core.verb:set package 'mujoco_msgs' build argument 'catkin_cmake_args' from command line to 'None'
[0.182s] Level 5:colcon.colcon_core.verb:set package 'mujoco_msgs' build argument 'catkin_skip_building_tests' from command line to 'False'
[0.182s] DEBUG:colcon.colcon_core.verb:Building package 'mujoco_msgs' with the following arguments: {'ament_cmake_args': None, 'build_base': '/root/ros2_ws/build/mujoco_msgs', 'catkin_cmake_args': None, 'catkin_skip_building_tests': False, 'cmake_args': None, 'cmake_clean_cache': False, 'cmake_clean_first': False, 'cmake_force_configure': False, 'cmake_target': None, 'cmake_target_skip_unavailable': False, 'install_base': '/root/ros2_ws/install/mujoco_msgs', 'merge_install': False, 'path': '/root/ros2_ws/src/mujoco_msgs', 'symlink_install': True, 'test_result_base': None}
[0.182s] Level 5:colcon.colcon_core.verb:set package 'aerial_system_mujoco' build argument 'cmake_args' from command line to 'None'
[0.182s] Level 5:colcon.colcon_core.verb:set package 'aerial_system_mujoco' build argument 'cmake_target' from command line to 'None'
[0.182s] Level 5:colcon.colcon_core.verb:set package 'aerial_system_mujoco' build argument 'cmake_target_skip_unavailable' from command line to 'False'
[0.182s] Level 5:colcon.colcon_core.verb:set package 'aerial_system_mujoco' build argument 'cmake_clean_cache' from command line to 'False'
[0.182s] Level 5:colcon.colcon_core.verb:set package 'aerial_system_mujoco' build argument 'cmake_clean_first' from command line to 'False'
[0.182s] Level 5:colcon.colcon_core.verb:set package 'aerial_system_mujoco' build argument 'cmake_force_configure' from command line to 'False'
[0.182s] Level 5:colcon.colcon_core.verb:set package 'aerial_system_mujoco' build argument 'ament_cmake_args' from command line to 'None'
[0.182s] Level 5:colcon.colcon_core.verb:set package 'aerial_system_mujoco' build argument 'catkin_cmake_args' from command line to 'None'
[0.182s] Level 5:colcon.colcon_core.verb:set package 'aerial_system_mujoco' build argument 'catkin_skip_building_tests' from command line to 'False'
[0.182s] DEBUG:colcon.colcon_core.verb:Building package 'aerial_system_mujoco' with the following arguments: {'ament_cmake_args': None, 'build_base': '/root/ros2_ws/build/aerial_system_mujoco', 'catkin_cmake_args': None, 'catkin_skip_building_tests': False, 'cmake_args': None, 'cmake_clean_cache': False, 'cmake_clean_first': False, 'cmake_force_configure': False, 'cmake_target': None, 'cmake_target_skip_unavailable': False, 'install_base': '/root/ros2_ws/install/aerial_system_mujoco', 'merge_install': False, 'path': '/root/ros2_ws/src/aerial_transportation_mujoco_python', 'symlink_install': True, 'test_result_base': None}
[0.182s] INFO:colcon.colcon_core.executor:Executing jobs using 'parallel' executor
[0.183s] DEBUG:colcon.colcon_parallel_executor.executor.parallel:run_until_complete
[0.183s] INFO:colcon.colcon_ros.task.ament_cmake.build:Building ROS package in '/root/ros2_ws/src/mujoco_msgs' with build type 'ament_cmake'
[0.184s] INFO:colcon.colcon_cmake.task.cmake.build:Building CMake package in '/root/ros2_ws/src/mujoco_msgs'
[0.185s] INFO:colcon.colcon_core.plugin_system:Skipping extension 'colcon_core.shell.bat': Not used on non-Windows systems
[0.185s] INFO:colcon.colcon_core.shell:Skip shell extension 'powershell' for command environment: Not usable outside of PowerShell
[0.185s] DEBUG:colcon.colcon_core.shell:Skip shell extension 'dsv' for command environment
[0.188s] INFO:colcon.colcon_ros.task.ament_cmake.build:Building ROS package in '/root/ros2_ws/src/communication' with build type 'ament_cmake'
[0.188s] INFO:colcon.colcon_cmake.task.cmake.build:Building CMake package in '/root/ros2_ws/src/communication'
[0.188s] INFO:colcon.colcon_core.shell:Skip shell extension 'powershell' for command environment: Not usable outside of PowerShell
[0.188s] DEBUG:colcon.colcon_core.shell:Skip shell extension 'dsv' for command environment
[0.193s] DEBUG:colcon.colcon_core.event_handler.log_command:Invoking command in '/root/ros2_ws/build/mujoco_msgs': CMAKE_PREFIX_PATH=/opt/ros/humble /usr/bin/cmake --build /root/ros2_ws/build/mujoco_msgs -- -j16 -l16
[0.196s] DEBUG:colcon.colcon_core.event_handler.log_command:Invoking command in '/root/ros2_ws/build/communication': CMAKE_PREFIX_PATH=/opt/ros/humble /usr/bin/cmake --build /root/ros2_ws/build/communication -- -j16 -l16
[0.449s] DEBUG:colcon.colcon_core.event_handler.log_command:Invoked command in '/root/ros2_ws/build/communication' returned '0': CMAKE_PREFIX_PATH=/opt/ros/humble /usr/bin/cmake --build /root/ros2_ws/build/communication -- -j16 -l16
[0.455s] DEBUG:colcon.colcon_core.event_handler.log_command:Invoking command in '/root/ros2_ws/build/communication': CMAKE_PREFIX_PATH=/opt/ros/humble /usr/bin/cmake --install /root/ros2_ws/build/communication
[0.456s] DEBUG:colcon.colcon_core.event_handler.log_command:Invoked command in '/root/ros2_ws/build/mujoco_msgs' returned '0': CMAKE_PREFIX_PATH=/opt/ros/humble /usr/bin/cmake --build /root/ros2_ws/build/mujoco_msgs -- -j16 -l16
[0.457s] DEBUG:colcon.colcon_core.event_handler.log_command:Invoking command in '/root/ros2_ws/build/mujoco_msgs': CMAKE_PREFIX_PATH=/opt/ros/humble /usr/bin/cmake --install /root/ros2_ws/build/mujoco_msgs
[0.500s] Level 1:colcon.colcon_core.environment:create_environment_scripts_only(mujoco_msgs)
[0.500s] DEBUG:colcon.colcon_core.event_handler.log_command:Invoked command in '/root/ros2_ws/build/mujoco_msgs' returned '0': CMAKE_PREFIX_PATH=/opt/ros/humble /usr/bin/cmake --install /root/ros2_ws/build/mujoco_msgs
[0.501s] Level 1:colcon.colcon_core.environment:checking '/root/ros2_ws/install/mujoco_msgs' for CMake module files
[0.502s] Level 1:colcon.colcon_core.environment:checking '/root/ros2_ws/install/mujoco_msgs' for CMake config files
[0.502s] Level 1:colcon.colcon_core.shell:create_environment_hook('mujoco_msgs', 'cmake_prefix_path')
[0.502s] INFO:colcon.colcon_core.shell:Creating environment hook '/root/ros2_ws/install/mujoco_msgs/share/mujoco_msgs/hook/cmake_prefix_path.ps1'
[0.503s] INFO:colcon.colcon_core.shell:Creating environment descriptor '/root/ros2_ws/install/mujoco_msgs/share/mujoco_msgs/hook/cmake_prefix_path.dsv'
[0.503s] INFO:colcon.colcon_core.shell:Creating environment hook '/root/ros2_ws/install/mujoco_msgs/share/mujoco_msgs/hook/cmake_prefix_path.sh'
[0.503s] Level 1:colcon.colcon_core.environment:checking '/root/ros2_ws/install/mujoco_msgs/lib'
[0.504s] Level 1:colcon.colcon_core.shell:create_environment_hook('mujoco_msgs', 'ld_library_path_lib')
[0.504s] INFO:colcon.colcon_core.shell:Creating environment hook '/root/ros2_ws/install/mujoco_msgs/share/mujoco_msgs/hook/ld_library_path_lib.ps1'
[0.504s] INFO:colcon.colcon_core.shell:Creating environment descriptor '/root/ros2_ws/install/mujoco_msgs/share/mujoco_msgs/hook/ld_library_path_lib.dsv'
[0.504s] INFO:colcon.colcon_core.shell:Creating environment hook '/root/ros2_ws/install/mujoco_msgs/share/mujoco_msgs/hook/ld_library_path_lib.sh'
[0.504s] Level 1:colcon.colcon_core.environment:checking '/root/ros2_ws/install/mujoco_msgs/bin'
[0.504s] Level 1:colcon.colcon_core.environment:checking '/root/ros2_ws/install/mujoco_msgs/lib/pkgconfig/mujoco_msgs.pc'
[0.505s] Level 1:colcon.colcon_core.environment:checking '/root/ros2_ws/install/mujoco_msgs/lib/python3.10/site-packages'
[0.505s] Level 1:colcon.colcon_core.environment:checking '/root/ros2_ws/install/mujoco_msgs/bin'
[0.506s] INFO:colcon.colcon_core.shell:Creating package script '/root/ros2_ws/install/mujoco_msgs/share/mujoco_msgs/package.ps1'
[0.506s] INFO:colcon.colcon_core.shell:Creating package descriptor '/root/ros2_ws/install/mujoco_msgs/share/mujoco_msgs/package.dsv'
[0.506s] INFO:colcon.colcon_core.shell:Creating package script '/root/ros2_ws/install/mujoco_msgs/share/mujoco_msgs/package.sh'
[0.507s] INFO:colcon.colcon_core.shell:Creating package script '/root/ros2_ws/install/mujoco_msgs/share/mujoco_msgs/package.bash'
[0.507s] INFO:colcon.colcon_core.shell:Creating package script '/root/ros2_ws/install/mujoco_msgs/share/mujoco_msgs/package.zsh'
[0.507s] Level 1:colcon.colcon_core.environment:create_file_with_runtime_dependencies(/root/ros2_ws/install/mujoco_msgs/share/colcon-core/packages/mujoco_msgs)
[0.508s] Level 1:colcon.colcon_core.environment:create_environment_scripts_only(mujoco_msgs)
[0.508s] Level 1:colcon.colcon_core.environment:checking '/root/ros2_ws/install/mujoco_msgs' for CMake module files
[0.508s] Level 1:colcon.colcon_core.environment:checking '/root/ros2_ws/install/mujoco_msgs' for CMake config files
[0.509s] Level 1:colcon.colcon_core.shell:create_environment_hook('mujoco_msgs', 'cmake_prefix_path')
[0.509s] INFO:colcon.colcon_core.shell:Creating environment hook '/root/ros2_ws/install/mujoco_msgs/share/mujoco_msgs/hook/cmake_prefix_path.ps1'
[0.509s] INFO:colcon.colcon_core.shell:Creating environment descriptor '/root/ros2_ws/install/mujoco_msgs/share/mujoco_msgs/hook/cmake_prefix_path.dsv'
[0.509s] INFO:colcon.colcon_core.shell:Creating environment hook '/root/ros2_ws/install/mujoco_msgs/share/mujoco_msgs/hook/cmake_prefix_path.sh'
[0.509s] Level 1:colcon.colcon_core.environment:checking '/root/ros2_ws/install/mujoco_msgs/lib'
[0.509s] Level 1:colcon.colcon_core.shell:create_environment_hook('mujoco_msgs', 'ld_library_path_lib')
[0.509s] INFO:colcon.colcon_core.shell:Creating environment hook '/root/ros2_ws/install/mujoco_msgs/share/mujoco_msgs/hook/ld_library_path_lib.ps1'
[0.510s] INFO:colcon.colcon_core.shell:Creating environment descriptor '/root/ros2_ws/install/mujoco_msgs/share/mujoco_msgs/hook/ld_library_path_lib.dsv'
[0.510s] INFO:colcon.colcon_core.shell:Creating environment hook '/root/ros2_ws/install/mujoco_msgs/share/mujoco_msgs/hook/ld_library_path_lib.sh'
[0.510s] Level 1:colcon.colcon_core.environment:checking '/root/ros2_ws/install/mujoco_msgs/bin'
[0.510s] Level 1:colcon.colcon_core.environment:checking '/root/ros2_ws/install/mujoco_msgs/lib/pkgconfig/mujoco_msgs.pc'
[0.510s] Level 1:colcon.colcon_core.environment:checking '/root/ros2_ws/install/mujoco_msgs/lib/python3.10/site-packages'
[0.510s] Level 1:colcon.colcon_core.environment:checking '/root/ros2_ws/install/mujoco_msgs/bin'
[0.510s] INFO:colcon.colcon_core.shell:Creating package script '/root/ros2_ws/install/mujoco_msgs/share/mujoco_msgs/package.ps1'
[0.511s] INFO:colcon.colcon_core.shell:Creating package descriptor '/root/ros2_ws/install/mujoco_msgs/share/mujoco_msgs/package.dsv'
[0.511s] INFO:colcon.colcon_core.shell:Creating package script '/root/ros2_ws/install/mujoco_msgs/share/mujoco_msgs/package.sh'
[0.511s] INFO:colcon.colcon_core.shell:Creating package script '/root/ros2_ws/install/mujoco_msgs/share/mujoco_msgs/package.bash'
[0.511s] INFO:colcon.colcon_core.shell:Creating package script '/root/ros2_ws/install/mujoco_msgs/share/mujoco_msgs/package.zsh'
[0.512s] Level 1:colcon.colcon_core.environment:create_file_with_runtime_dependencies(/root/ros2_ws/install/mujoco_msgs/share/colcon-core/packages/mujoco_msgs)
[0.512s] INFO:colcon.colcon_ros.task.ament_python.build:Building ROS package in '/root/ros2_ws/src/aerial_transportation_mujoco_python' with build type 'ament_python'
[0.512s] Level 1:colcon.colcon_core.shell:create_environment_hook('aerial_system_mujoco', 'ament_prefix_path')
[0.512s] INFO:colcon.colcon_core.shell:Creating environment hook '/root/ros2_ws/install/aerial_system_mujoco/share/aerial_system_mujoco/hook/ament_prefix_path.ps1'
[0.512s] INFO:colcon.colcon_core.shell:Creating environment descriptor '/root/ros2_ws/install/aerial_system_mujoco/share/aerial_system_mujoco/hook/ament_prefix_path.dsv'
[0.513s] INFO:colcon.colcon_core.shell:Creating environment hook '/root/ros2_ws/install/aerial_system_mujoco/share/aerial_system_mujoco/hook/ament_prefix_path.sh'
[0.513s] INFO:colcon.colcon_core.shell:Skip shell extension 'powershell' for command environment: Not usable outside of PowerShell
[0.513s] DEBUG:colcon.colcon_core.shell:Skip shell extension 'dsv' for command environment
[0.516s] Level 1:colcon.colcon_core.environment:create_environment_scripts_only(communication)
[0.516s] Level 1:colcon.colcon_core.environment:checking '/root/ros2_ws/install/communication' for CMake module files
[0.516s] DEBUG:colcon.colcon_core.event_handler.log_command:Invoked command in '/root/ros2_ws/build/communication' returned '0': CMAKE_PREFIX_PATH=/opt/ros/humble /usr/bin/cmake --install /root/ros2_ws/build/communication
[0.516s] Level 1:colcon.colcon_core.environment:checking '/root/ros2_ws/install/communication' for CMake config files
[0.517s] Level 1:colcon.colcon_core.shell:create_environment_hook('communication', 'cmake_prefix_path')
[0.517s] INFO:colcon.colcon_core.shell:Creating environment hook '/root/ros2_ws/install/communication/share/communication/hook/cmake_prefix_path.ps1'
[0.518s] INFO:colcon.colcon_core.shell:Creating environment descriptor '/root/ros2_ws/install/communication/share/communication/hook/cmake_prefix_path.dsv'
[0.518s] INFO:colcon.colcon_core.shell:Creating environment hook '/root/ros2_ws/install/communication/share/communication/hook/cmake_prefix_path.sh'
[0.518s] Level 1:colcon.colcon_core.environment:checking '/root/ros2_ws/install/communication/lib'
[0.518s] Level 1:colcon.colcon_core.shell:create_environment_hook('communication', 'ld_library_path_lib')
[0.518s] INFO:colcon.colcon_core.shell:Creating environment hook '/root/ros2_ws/install/communication/share/communication/hook/ld_library_path_lib.ps1'
[0.519s] INFO:colcon.colcon_core.shell:Creating environment descriptor '/root/ros2_ws/install/communication/share/communication/hook/ld_library_path_lib.dsv'
[0.519s] INFO:colcon.colcon_core.shell:Creating environment hook '/root/ros2_ws/install/communication/share/communication/hook/ld_library_path_lib.sh'
[0.519s] Level 1:colcon.colcon_core.environment:checking '/root/ros2_ws/install/communication/bin'
[0.519s] Level 1:colcon.colcon_core.environment:checking '/root/ros2_ws/install/communication/lib/pkgconfig/communication.pc'
[0.519s] Level 1:colcon.colcon_core.environment:checking '/root/ros2_ws/install/communication/lib/python3.10/site-packages'
[0.519s] Level 1:colcon.colcon_core.environment:checking '/root/ros2_ws/install/communication/bin'
[0.519s] INFO:colcon.colcon_core.shell:Creating package script '/root/ros2_ws/install/communication/share/communication/package.ps1'
[0.520s] INFO:colcon.colcon_core.shell:Creating package descriptor '/root/ros2_ws/install/communication/share/communication/package.dsv'
[0.520s] INFO:colcon.colcon_core.shell:Creating package script '/root/ros2_ws/install/communication/share/communication/package.sh'
[0.520s] INFO:colcon.colcon_core.shell:Creating package script '/root/ros2_ws/install/communication/share/communication/package.bash'
[0.520s] INFO:colcon.colcon_core.shell:Creating package script '/root/ros2_ws/install/communication/share/communication/package.zsh'
[0.520s] Level 1:colcon.colcon_core.environment:create_file_with_runtime_dependencies(/root/ros2_ws/install/communication/share/colcon-core/packages/communication)
[0.521s] Level 1:colcon.colcon_core.environment:create_environment_scripts_only(communication)
[0.521s] Level 1:colcon.colcon_core.environment:checking '/root/ros2_ws/install/communication' for CMake module files
[0.521s] Level 1:colcon.colcon_core.environment:checking '/root/ros2_ws/install/communication' for CMake config files
[0.522s] Level 1:colcon.colcon_core.shell:create_environment_hook('communication', 'cmake_prefix_path')
[0.522s] INFO:colcon.colcon_core.shell:Creating environment hook '/root/ros2_ws/install/communication/share/communication/hook/cmake_prefix_path.ps1'
[0.522s] INFO:colcon.colcon_core.shell:Creating environment descriptor '/root/ros2_ws/install/communication/share/communication/hook/cmake_prefix_path.dsv'
[0.522s] INFO:colcon.colcon_core.shell:Creating environment hook '/root/ros2_ws/install/communication/share/communication/hook/cmake_prefix_path.sh'
[0.523s] Level 1:colcon.colcon_core.environment:checking '/root/ros2_ws/install/communication/lib'
[0.523s] Level 1:colcon.colcon_core.shell:create_environment_hook('communication', 'ld_library_path_lib')
[0.523s] INFO:colcon.colcon_core.shell:Creating environment hook '/root/ros2_ws/install/communication/share/communication/hook/ld_library_path_lib.ps1'
[0.523s] INFO:colcon.colcon_core.shell:Creating environment descriptor '/root/ros2_ws/install/communication/share/communication/hook/ld_library_path_lib.dsv'
[0.523s] INFO:colcon.colcon_core.shell:Creating environment hook '/root/ros2_ws/install/communication/share/communication/hook/ld_library_path_lib.sh'
[0.523s] Level 1:colcon.colcon_core.environment:checking '/root/ros2_ws/install/communication/bin'
[0.524s] Level 1:colcon.colcon_core.environment:checking '/root/ros2_ws/install/communication/lib/pkgconfig/communication.pc'
[0.524s] Level 1:colcon.colcon_core.environment:checking '/root/ros2_ws/install/communication/lib/python3.10/site-packages'
[0.524s] Level 1:colcon.colcon_core.environment:checking '/root/ros2_ws/install/communication/bin'
[0.524s] INFO:colcon.colcon_core.shell:Creating package script '/root/ros2_ws/install/communication/share/communication/package.ps1'
[0.524s] INFO:colcon.colcon_core.shell:Creating package descriptor '/root/ros2_ws/install/communication/share/communication/package.dsv'
[0.525s] INFO:colcon.colcon_core.shell:Creating package script '/root/ros2_ws/install/communication/share/communication/package.sh'
[0.525s] INFO:colcon.colcon_core.shell:Creating package script '/root/ros2_ws/install/communication/share/communication/package.bash'
[0.525s] INFO:colcon.colcon_core.shell:Creating package script '/root/ros2_ws/install/communication/share/communication/package.zsh'
[0.525s] Level 1:colcon.colcon_core.environment:create_file_with_runtime_dependencies(/root/ros2_ws/install/communication/share/colcon-core/packages/communication)
[0.675s] INFO:colcon.colcon_core.task.python.build:Building Python package in '/root/ros2_ws/src/aerial_transportation_mujoco_python'
[0.675s] INFO:colcon.colcon_core.shell:Skip shell extension 'powershell' for command environment: Not usable outside of PowerShell
[0.675s] DEBUG:colcon.colcon_core.shell:Skip shell extension 'dsv' for command environment
[0.867s] DEBUG:colcon.colcon_core.event_handler.log_command:Invoking command in '/root/ros2_ws/build/aerial_system_mujoco': AMENT_PREFIX_PATH=/root/ros2_ws/install/mujoco_msgs:${AMENT_PREFIX_PATH} CMAKE_PREFIX_PATH=/root/ros2_ws/install/mujoco_msgs LD_LIBRARY_PATH=/root/ros2_ws/install/mujoco_msgs/lib:${LD_LIBRARY_PATH} PYTHONPATH=/root/ros2_ws/build/aerial_system_mujoco/prefix_override:/usr/lib/python3/dist-packages/colcon_core/task/python/colcon_distutils_commands:/root/ros2_ws/install/aerial_system_mujoco/lib/python3.10/site-packages:/root/ros2_ws/install/mujoco_msgs/local/lib/python3.10/dist-packages:${PYTHONPATH} /usr/bin/python3 -W ignore:setup.py install is deprecated -W ignore:easy_install command is deprecated setup.py develop --editable --build-directory /root/ros2_ws/build/aerial_system_mujoco/build --no-deps symlink_data
[1.105s] Level 1:colcon.colcon_core.shell:create_environment_hook('aerial_system_mujoco', 'pythonpath_develop')
[1.105s] DEBUG:colcon.colcon_core.event_handler.log_command:Invoked command in '/root/ros2_ws/build/aerial_system_mujoco' returned '0': AMENT_PREFIX_PATH=/root/ros2_ws/install/mujoco_msgs:${AMENT_PREFIX_PATH} CMAKE_PREFIX_PATH=/root/ros2_ws/install/mujoco_msgs LD_LIBRARY_PATH=/root/ros2_ws/install/mujoco_msgs/lib:${LD_LIBRARY_PATH} PYTHONPATH=/root/ros2_ws/build/aerial_system_mujoco/prefix_override:/usr/lib/python3/dist-packages/colcon_core/task/python/colcon_distutils_commands:/root/ros2_ws/install/aerial_system_mujoco/lib/python3.10/site-packages:/root/ros2_ws/install/mujoco_msgs/local/lib/python3.10/dist-packages:${PYTHONPATH} /usr/bin/python3 -W ignore:setup.py install is deprecated -W ignore:easy_install command is deprecated setup.py develop --editable --build-directory /root/ros2_ws/build/aerial_system_mujoco/build --no-deps symlink_data
[1.105s] INFO:colcon.colcon_core.shell:Creating environment hook '/root/ros2_ws/build/aerial_system_mujoco/share/aerial_system_mujoco/hook/pythonpath_develop.ps1'
[1.105s] INFO:colcon.colcon_core.shell:Creating environment descriptor '/root/ros2_ws/build/aerial_system_mujoco/share/aerial_system_mujoco/hook/pythonpath_develop.dsv'
[1.106s] INFO:colcon.colcon_core.shell:Creating environment hook '/root/ros2_ws/build/aerial_system_mujoco/share/aerial_system_mujoco/hook/pythonpath_develop.sh'
[1.106s] Level 1:colcon.colcon_core.environment:checking '/root/ros2_ws/install/aerial_system_mujoco' for CMake module files
[1.106s] Level 1:colcon.colcon_core.environment:checking '/root/ros2_ws/install/aerial_system_mujoco' for CMake config files
[1.106s] Level 1:colcon.colcon_core.environment:checking '/root/ros2_ws/install/aerial_system_mujoco/lib'
[1.106s] Level 1:colcon.colcon_core.environment:checking '/root/ros2_ws/install/aerial_system_mujoco/bin'
[1.106s] Level 1:colcon.colcon_core.environment:checking '/root/ros2_ws/install/aerial_system_mujoco/lib/pkgconfig/aerial_system_mujoco.pc'
[1.107s] Level 1:colcon.colcon_core.environment:checking '/root/ros2_ws/install/aerial_system_mujoco/lib/python3.10/site-packages'
[1.107s] Level 1:colcon.colcon_core.shell:create_environment_hook('aerial_system_mujoco', 'pythonpath')
[1.107s] INFO:colcon.colcon_core.shell:Creating environment hook '/root/ros2_ws/install/aerial_system_mujoco/share/aerial_system_mujoco/hook/pythonpath.ps1'
[1.107s] INFO:colcon.colcon_core.shell:Creating environment descriptor '/root/ros2_ws/install/aerial_system_mujoco/share/aerial_system_mujoco/hook/pythonpath.dsv'
[1.107s] INFO:colcon.colcon_core.shell:Creating environment hook '/root/ros2_ws/install/aerial_system_mujoco/share/aerial_system_mujoco/hook/pythonpath.sh'
[1.107s] Level 1:colcon.colcon_core.environment:checking '/root/ros2_ws/install/aerial_system_mujoco/bin'
[1.107s] Level 1:colcon.colcon_core.environment:create_environment_scripts_only(aerial_system_mujoco)
[1.108s] INFO:colcon.colcon_core.shell:Creating package script '/root/ros2_ws/install/aerial_system_mujoco/share/aerial_system_mujoco/package.ps1'
[1.108s] INFO:colcon.colcon_core.shell:Creating package descriptor '/root/ros2_ws/install/aerial_system_mujoco/share/aerial_system_mujoco/package.dsv'
[1.108s] INFO:colcon.colcon_core.shell:Creating package script '/root/ros2_ws/install/aerial_system_mujoco/share/aerial_system_mujoco/package.sh'
[1.108s] INFO:colcon.colcon_core.shell:Creating package script '/root/ros2_ws/install/aerial_system_mujoco/share/aerial_system_mujoco/package.bash'
[1.108s] INFO:colcon.colcon_core.shell:Creating package script '/root/ros2_ws/install/aerial_system_mujoco/share/aerial_system_mujoco/package.zsh'
[1.108s] Level 1:colcon.colcon_core.environment:create_file_with_runtime_dependencies(/root/ros2_ws/install/aerial_system_mujoco/share/colcon-core/packages/aerial_system_mujoco)
[1.109s] DEBUG:colcon.colcon_parallel_executor.executor.parallel:closing loop
[1.109s] DEBUG:colcon.colcon_parallel_executor.executor.parallel:loop closed
[1.109s] DEBUG:colcon.colcon_parallel_executor.executor.parallel:run_until_complete finished with '0'
[1.109s] DEBUG:colcon.colcon_core.event_reactor:joining thread
[1.112s] INFO:colcon.colcon_core.plugin_system:Skipping extension 'colcon_notification.desktop_notification.notify_send': Could not find 'notify-send'
[1.112s] INFO:colcon.colcon_core.plugin_system:Skipping extension 'colcon_notification.desktop_notification.terminal_notifier': Not used on non-Darwin systems
[1.112s] INFO:colcon.colcon_core.plugin_system:Skipping extension 'colcon_notification.desktop_notification.win32': Not used on non-Windows systems
[1.112s] INFO:colcon.colcon_notification.desktop_notification:Sending desktop notification using 'notify2'
[1.114s] DEBUG:colcon.colcon_notification.desktop_notification.notify2:Failed to initialize notify2: org.freedesktop.DBus.Error.Spawn.ExecFailed: /usr/bin/dbus-launch terminated abnormally without any error message
[1.114s] DEBUG:colcon.colcon_core.event_reactor:joined thread
[1.114s] INFO:colcon.colcon_core.shell:Creating prefix script '/root/ros2_ws/install/local_setup.ps1'
[1.115s] INFO:colcon.colcon_core.shell:Creating prefix util module '/root/ros2_ws/install/_local_setup_util_ps1.py'
[1.115s] INFO:colcon.colcon_core.shell:Creating prefix chain script '/root/ros2_ws/install/setup.ps1'
[1.116s] INFO:colcon.colcon_core.shell:Creating prefix script '/root/ros2_ws/install/local_setup.sh'
[1.116s] INFO:colcon.colcon_core.shell:Creating prefix util module '/root/ros2_ws/install/_local_setup_util_sh.py'
[1.117s] INFO:colcon.colcon_core.shell:Creating prefix chain script '/root/ros2_ws/install/setup.sh'
[1.117s] INFO:colcon.colcon_core.shell:Creating prefix script '/root/ros2_ws/install/local_setup.bash'
[1.117s] INFO:colcon.colcon_core.shell:Creating prefix chain script '/root/ros2_ws/install/setup.bash'
[1.118s] INFO:colcon.colcon_core.shell:Creating prefix script '/root/ros2_ws/install/local_setup.zsh'
[1.118s] INFO:colcon.colcon_core.shell:Creating prefix chain script '/root/ros2_ws/install/setup.zsh'
