[0.016s] Invoking command in '/root/ros2_ws/build/communication': CMAKE_PREFIX_PATH=/opt/ros/humble /usr/bin/cmake /root/ros2_ws/src/communication -DAMENT_CMAKE_SYMLINK_INSTALL=1 -DCMAKE_INSTALL_PREFIX=/root/ros2_ws/install/communication
[0.084s] -- The C compiler identification is GNU 11.4.0
[0.124s] -- The CXX compiler identification is GNU 11.4.0
[0.128s] -- Detecting C compiler ABI info
[0.174s] -- Detecting C compiler ABI info - done
[0.179s] -- Check for working C compiler: /usr/bin/cc - skipped
[0.179s] -- Detecting C compile features
[0.179s] -- Detecting C compile features - done
[0.182s] -- Detecting CXX compiler ABI info
[0.231s] -- Detecting CXX compiler ABI info - done
[0.236s] -- Check for working CXX compiler: /usr/bin/c++ - skipped
[0.236s] -- Detecting CXX compile features
[0.236s] -- Detecting CXX compile features - done
[0.240s] -- Found ament_cmake: 1.3.11 (/opt/ros/humble/share/ament_cmake/cmake)
[0.346s] -- Found Python3: /usr/bin/python3 (found version "3.10.12") found components: Interpreter 
[0.383s] -- Override CMake install command with custom implementation using symlinks instead of copying resources
[0.417s] -- Found std_msgs: 4.2.4 (/opt/ros/humble/share/std_msgs/cmake)
[0.453s] -- Found rosidl_generator_c: 3.1.6 (/opt/ros/humble/share/rosidl_generator_c/cmake)
[0.459s] -- Found rosidl_adapter: 3.1.6 (/opt/ros/humble/share/rosidl_adapter/cmake)
[0.467s] -- Found rosidl_generator_cpp: 3.1.6 (/opt/ros/humble/share/rosidl_generator_cpp/cmake)
[0.477s] -- Using all available rosidl_typesupport_c: rosidl_typesupport_fastrtps_c;rosidl_typesupport_introspection_c
[0.492s] -- Using all available rosidl_typesupport_cpp: rosidl_typesupport_fastrtps_cpp;rosidl_typesupport_introspection_cpp
[0.514s] -- Found geometry_msgs: 4.2.4 (/opt/ros/humble/share/geometry_msgs/cmake)
[0.524s] -- Found sensor_msgs: 4.2.4 (/opt/ros/humble/share/sensor_msgs/cmake)
[0.537s] -- Found rosidl_default_generators: 1.2.0 (/opt/ros/humble/share/rosidl_default_generators/cmake)
[0.746s] -- Found ament_cmake_ros: 0.10.0 (/opt/ros/humble/share/ament_cmake_ros/cmake)
[1.036s] -- Using all available rosidl_typesupport_c: rosidl_typesupport_fastrtps_c;rosidl_typesupport_introspection_c
[1.146s] -- Using all available rosidl_typesupport_cpp: rosidl_typesupport_fastrtps_cpp;rosidl_typesupport_introspection_cpp
[1.161s] -- Found PythonInterp: /usr/bin/python3 (found suitable version "3.10.12", minimum required is "3.6") 
[1.164s] -- Found python_cmake_module: 0.10.0 (/opt/ros/humble/share/python_cmake_module/cmake)
[1.209s] -- Found PythonLibs: /usr/lib/x86_64-linux-gnu/libpython3.10.so (found suitable version "3.10.12", minimum required is "3.5") 
[1.209s] -- Using PYTHON_EXECUTABLE: /usr/bin/python3
[1.209s] -- Using PYTHON_INCLUDE_DIRS: /usr/include/python3.10
[1.209s] -- Using PYTHON_LIBRARIES: /usr/lib/x86_64-linux-gnu/libpython3.10.so
[1.234s] -- Found PythonExtra: .so  
[1.284s] -- Configuring done
[1.308s] -- Generating done
[1.316s] -- Build files have been written to: /root/ros2_ws/build/communication
[1.323s] Invoked command in '/root/ros2_ws/build/communication' returned '0': CMAKE_PREFIX_PATH=/opt/ros/humble /usr/bin/cmake /root/ros2_ws/src/communication -DAMENT_CMAKE_SYMLINK_INSTALL=1 -DCMAKE_INSTALL_PREFIX=/root/ros2_ws/install/communication
[1.324s] Invoking command in '/root/ros2_ws/build/communication': CMAKE_PREFIX_PATH=/opt/ros/humble /usr/bin/cmake --build /root/ros2_ws/build/communication -- -j16 -l16
[1.353s] [  1%] [34m[1mGenerating C code for ROS interfaces[0m
[1.364s] [  1%] Built target ament_cmake_python_symlink_communication
[1.365s] [  3%] [34m[1mGenerating C++ code for ROS interfaces[0m
[1.513s] running egg_info
[1.514s] creating communication.egg-info
[1.514s] writing communication.egg-info/PKG-INFO
[1.514s] writing dependency_links to communication.egg-info/dependency_links.txt
[1.514s] writing top-level names to communication.egg-info/top_level.txt
[1.514s] writing manifest file 'communication.egg-info/SOURCES.txt'
[1.515s] reading manifest file 'communication.egg-info/SOURCES.txt'
[1.516s] writing manifest file 'communication.egg-info/SOURCES.txt'
[1.535s] [  3%] Built target ament_cmake_python_build_communication_egg
[1.700s] [  3%] Built target communication__cpp
[1.707s] [  4%] [34m[1mGenerating C++ type support dispatch for ROS interfaces[0m
[1.709s] [  6%] [34m[1mGenerating C++ introspection for ROS interfaces[0m
[1.709s] [  7%] [34m[1mGenerating C++ type support for eProsima Fast-RTPS[0m
[1.802s] [  9%] [32mBuilding C object CMakeFiles/communication__rosidl_generator_c.dir/rosidl_generator_c/communication/msg/detail/motion_commands__functions.c.o[0m
[1.802s] [ 11%] [32mBuilding C object CMakeFiles/communication__rosidl_generator_c.dir/rosidl_generator_c/communication/srv/detail/gait_switch__functions.c.o[0m
[1.802s] [ 12%] [32mBuilding C object CMakeFiles/communication__rosidl_generator_c.dir/rosidl_generator_c/communication/msg/detail/actuator_cmds__functions.c.o[0m
[1.803s] [ 14%] [32mBuilding C object CMakeFiles/communication__rosidl_generator_c.dir/rosidl_generator_c/communication/msg/detail/touch_sensor__functions.c.o[0m
[1.804s] [ 15%] [32mBuilding C object CMakeFiles/communication__rosidl_generator_c.dir/rosidl_generator_c/communication/srv/detail/simulation_reset__functions.c.o[0m
[1.851s] [ 17%] [32m[1mLinking C shared library libcommunication__rosidl_generator_c.so[0m
[1.877s] [ 17%] Built target communication__rosidl_generator_c
[1.886s] [ 19%] [34m[1mGenerating C type support for eProsima Fast-RTPS[0m
[1.886s] [ 20%] [34m[1mGenerating C type support dispatch for ROS interfaces[0m
[1.888s] [ 22%] [34m[1mGenerating C introspection for ROS interfaces[0m
[1.952s] [ 23%] [32mBuilding CXX object CMakeFiles/communication__rosidl_typesupport_cpp.dir/rosidl_typesupport_cpp/communication/srv/simulation_reset__type_support.cpp.o[0m
[1.953s] [ 25%] [32mBuilding CXX object CMakeFiles/communication__rosidl_typesupport_cpp.dir/rosidl_typesupport_cpp/communication/msg/actuator_cmds__type_support.cpp.o[0m
[1.953s] [ 26%] [32mBuilding CXX object CMakeFiles/communication__rosidl_typesupport_cpp.dir/rosidl_typesupport_cpp/communication/msg/motion_commands__type_support.cpp.o[0m
[1.953s] [ 28%] [32mBuilding CXX object CMakeFiles/communication__rosidl_typesupport_cpp.dir/rosidl_typesupport_cpp/communication/msg/touch_sensor__type_support.cpp.o[0m
[1.953s] [ 30%] [32mBuilding CXX object CMakeFiles/communication__rosidl_typesupport_cpp.dir/rosidl_typesupport_cpp/communication/srv/gait_switch__type_support.cpp.o[0m
[2.022s] [ 31%] [32mBuilding CXX object CMakeFiles/communication__rosidl_typesupport_introspection_cpp.dir/rosidl_typesupport_introspection_cpp/communication/msg/detail/actuator_cmds__type_support.cpp.o[0m
[2.022s] [ 33%] [32mBuilding CXX object CMakeFiles/communication__rosidl_typesupport_introspection_cpp.dir/rosidl_typesupport_introspection_cpp/communication/msg/detail/touch_sensor__type_support.cpp.o[0m
[2.022s] [ 34%] [32mBuilding CXX object CMakeFiles/communication__rosidl_typesupport_introspection_cpp.dir/rosidl_typesupport_introspection_cpp/communication/msg/detail/motion_commands__type_support.cpp.o[0m
[2.022s] [ 36%] [32mBuilding CXX object CMakeFiles/communication__rosidl_typesupport_introspection_cpp.dir/rosidl_typesupport_introspection_cpp/communication/srv/detail/simulation_reset__type_support.cpp.o[0m
[2.028s] [ 38%] [32mBuilding CXX object CMakeFiles/communication__rosidl_typesupport_introspection_cpp.dir/rosidl_typesupport_introspection_cpp/communication/srv/detail/gait_switch__type_support.cpp.o[0m
[2.070s] [ 39%] [32mBuilding CXX object CMakeFiles/communication__rosidl_typesupport_fastrtps_cpp.dir/rosidl_typesupport_fastrtps_cpp/communication/msg/detail/dds_fastrtps/motion_commands__type_support.cpp.o[0m
[2.074s] [ 41%] [32mBuilding CXX object CMakeFiles/communication__rosidl_typesupport_fastrtps_cpp.dir/rosidl_typesupport_fastrtps_cpp/communication/msg/detail/dds_fastrtps/actuator_cmds__type_support.cpp.o[0m
[2.082s] [ 42%] [32mBuilding CXX object CMakeFiles/communication__rosidl_typesupport_fastrtps_cpp.dir/rosidl_typesupport_fastrtps_cpp/communication/msg/detail/dds_fastrtps/touch_sensor__type_support.cpp.o[0m
[2.215s] [ 44%] [32mBuilding CXX object CMakeFiles/communication__rosidl_typesupport_fastrtps_cpp.dir/rosidl_typesupport_fastrtps_cpp/communication/srv/detail/dds_fastrtps/simulation_reset__type_support.cpp.o[0m
[2.229s] [ 46%] [32mBuilding CXX object CMakeFiles/communication__rosidl_typesupport_fastrtps_cpp.dir/rosidl_typesupport_fastrtps_cpp/communication/srv/detail/dds_fastrtps/gait_switch__type_support.cpp.o[0m
[2.325s] [ 47%] [32mBuilding CXX object CMakeFiles/communication__rosidl_typesupport_c.dir/rosidl_typesupport_c/communication/msg/actuator_cmds__type_support.cpp.o[0m
[2.345s] [ 49%] [32m[1mLinking CXX shared library libcommunication__rosidl_typesupport_cpp.so[0m
[2.358s] [ 50%] [32mBuilding CXX object CMakeFiles/communication__rosidl_typesupport_c.dir/rosidl_typesupport_c/communication/msg/motion_commands__type_support.cpp.o[0m
[2.382s] [ 52%] [32mBuilding CXX object CMakeFiles/communication__rosidl_typesupport_c.dir/rosidl_typesupport_c/communication/msg/touch_sensor__type_support.cpp.o[0m
[2.382s] [ 53%] [32mBuilding CXX object CMakeFiles/communication__rosidl_typesupport_c.dir/rosidl_typesupport_c/communication/srv/simulation_reset__type_support.cpp.o[0m
[2.406s] [ 55%] [32mBuilding CXX object CMakeFiles/communication__rosidl_typesupport_fastrtps_c.dir/rosidl_typesupport_fastrtps_c/communication/msg/detail/actuator_cmds__type_support_c.cpp.o[0m
[2.410s] [ 57%] [32mBuilding CXX object CMakeFiles/communication__rosidl_typesupport_fastrtps_c.dir/rosidl_typesupport_fastrtps_c/communication/msg/detail/motion_commands__type_support_c.cpp.o[0m
[2.413s] [ 58%] [32mBuilding CXX object CMakeFiles/communication__rosidl_typesupport_c.dir/rosidl_typesupport_c/communication/srv/gait_switch__type_support.cpp.o[0m
[2.416s] [ 58%] Built target communication__rosidl_typesupport_cpp
[2.429s] [ 60%] [32mBuilding CXX object CMakeFiles/communication__rosidl_typesupport_fastrtps_c.dir/rosidl_typesupport_fastrtps_c/communication/msg/detail/touch_sensor__type_support_c.cpp.o[0m
[2.429s] [ 61%] [32mBuilding CXX object CMakeFiles/communication__rosidl_typesupport_fastrtps_c.dir/rosidl_typesupport_fastrtps_c/communication/srv/detail/simulation_reset__type_support_c.cpp.o[0m
[2.429s] [ 63%] [32mBuilding CXX object CMakeFiles/communication__rosidl_typesupport_fastrtps_c.dir/rosidl_typesupport_fastrtps_c/communication/srv/detail/gait_switch__type_support_c.cpp.o[0m
[2.464s] [ 65%] [32m[1mLinking CXX shared library libcommunication__rosidl_typesupport_c.so[0m
[2.464s] [ 66%] [32mBuilding C object CMakeFiles/communication__rosidl_typesupport_introspection_c.dir/rosidl_typesupport_introspection_c/communication/msg/detail/actuator_cmds__type_support.c.o[0m
[2.488s] [ 68%] [32mBuilding C object CMakeFiles/communication__rosidl_typesupport_introspection_c.dir/rosidl_typesupport_introspection_c/communication/msg/detail/motion_commands__type_support.c.o[0m
[2.491s] [ 69%] [32mBuilding C object CMakeFiles/communication__rosidl_typesupport_introspection_c.dir/rosidl_typesupport_introspection_c/communication/msg/detail/touch_sensor__type_support.c.o[0m
[2.499s] [ 71%] [32mBuilding C object CMakeFiles/communication__rosidl_typesupport_introspection_c.dir/rosidl_typesupport_introspection_c/communication/srv/detail/simulation_reset__type_support.c.o[0m
[2.519s] [ 71%] Built target communication__rosidl_typesupport_c
[2.526s] [ 73%] [32mBuilding C object CMakeFiles/communication__rosidl_typesupport_introspection_c.dir/rosidl_typesupport_introspection_c/communication/srv/detail/gait_switch__type_support.c.o[0m
[2.555s] [ 74%] [32m[1mLinking CXX shared library libcommunication__rosidl_typesupport_introspection_cpp.so[0m
[2.559s] [ 76%] [32m[1mLinking C shared library libcommunication__rosidl_typesupport_introspection_c.so[0m
[2.596s] [ 76%] Built target communication__rosidl_typesupport_introspection_c
[2.629s] [ 76%] Built target communication__rosidl_typesupport_introspection_cpp
[2.706s] [ 77%] [32m[1mLinking CXX shared library libcommunication__rosidl_typesupport_fastrtps_cpp.so[0m
[2.764s] [ 77%] Built target communication__rosidl_typesupport_fastrtps_cpp
[2.767s] [ 79%] [32m[1mLinking CXX shared library libcommunication__rosidl_typesupport_fastrtps_c.so[0m
[2.813s] [ 79%] Built target communication__rosidl_typesupport_fastrtps_c
[2.828s] [ 79%] Built target communication
[2.845s] [ 80%] [34m[1mGenerating Python code for ROS interfaces[0m
[3.261s] [ 80%] Built target communication__py
[3.277s] [ 82%] [32mBuilding C object CMakeFiles/communication__rosidl_generator_py.dir/rosidl_generator_py/communication/msg/_motion_commands_s.c.o[0m
[3.278s] [ 84%] [32mBuilding C object CMakeFiles/communication__rosidl_generator_py.dir/rosidl_generator_py/communication/msg/_actuator_cmds_s.c.o[0m
[3.278s] [ 85%] [32mBuilding C object CMakeFiles/communication__rosidl_generator_py.dir/rosidl_generator_py/communication/srv/_simulation_reset_s.c.o[0m
[3.280s] [ 87%] [32mBuilding C object CMakeFiles/communication__rosidl_generator_py.dir/rosidl_generator_py/communication/msg/_touch_sensor_s.c.o[0m
[3.281s] [ 88%] [32mBuilding C object CMakeFiles/communication__rosidl_generator_py.dir/rosidl_generator_py/communication/srv/_gait_switch_s.c.o[0m
[3.373s] [ 90%] [32m[1mLinking C shared library rosidl_generator_py/communication/libcommunication__rosidl_generator_py.so[0m
[3.406s] [ 90%] Built target communication__rosidl_generator_py
[3.420s] [ 93%] [32mBuilding C object CMakeFiles/communication__rosidl_typesupport_fastrtps_c__pyext.dir/rosidl_generator_py/communication/_communication_s.ep.rosidl_typesupport_fastrtps_c.c.o[0m
[3.420s] [ 93%] [32mBuilding C object CMakeFiles/communication__rosidl_typesupport_c__pyext.dir/rosidl_generator_py/communication/_communication_s.ep.rosidl_typesupport_c.c.o[0m
[3.421s] [ 95%] [32mBuilding C object CMakeFiles/communication__rosidl_typesupport_introspection_c__pyext.dir/rosidl_generator_py/communication/_communication_s.ep.rosidl_typesupport_introspection_c.c.o[0m
[3.517s] [ 96%] [32m[1mLinking C shared library rosidl_generator_py/communication/communication_s__rosidl_typesupport_fastrtps_c.cpython-310-x86_64-linux-gnu.so[0m
[3.521s] [ 98%] [32m[1mLinking C shared library rosidl_generator_py/communication/communication_s__rosidl_typesupport_introspection_c.cpython-310-x86_64-linux-gnu.so[0m
[3.529s] [100%] [32m[1mLinking C shared library rosidl_generator_py/communication/communication_s__rosidl_typesupport_c.cpython-310-x86_64-linux-gnu.so[0m
[3.545s] [100%] Built target communication__rosidl_typesupport_fastrtps_c__pyext
[3.553s] [100%] Built target communication__rosidl_typesupport_introspection_c__pyext
[3.557s] [100%] Built target communication__rosidl_typesupport_c__pyext
[3.565s] Invoked command in '/root/ros2_ws/build/communication' returned '0': CMAKE_PREFIX_PATH=/opt/ros/humble /usr/bin/cmake --build /root/ros2_ws/build/communication -- -j16 -l16
[3.565s] Invoking command in '/root/ros2_ws/build/communication': CMAKE_PREFIX_PATH=/opt/ros/humble /usr/bin/cmake --install /root/ros2_ws/build/communication
[3.570s] -- Install configuration: ""
[3.571s] -- Execute custom install script
[3.571s] -- Symlinking: /root/ros2_ws/install/communication/share/ament_index/resource_index/rosidl_interfaces/communication
[3.578s] -- Symlinking: /root/ros2_ws/install/communication/include/communication/communication/msg/actuator_cmds.h
[3.585s] -- Symlinking: /root/ros2_ws/install/communication/include/communication/communication/msg/detail/actuator_cmds__functions.h
[3.608s] -- Symlinking: /root/ros2_ws/install/communication/include/communication/communication/msg/detail/actuator_cmds__struct.h
[3.632s] -- Symlinking: /root/ros2_ws/install/communication/include/communication/communication/msg/detail/actuator_cmds__type_support.h
[3.642s] -- Symlinking: /root/ros2_ws/install/communication/include/communication/communication/msg/detail/motion_commands__functions.h
[3.650s] -- Symlinking: /root/ros2_ws/install/communication/include/communication/communication/msg/detail/motion_commands__struct.h
[3.657s] -- Symlinking: /root/ros2_ws/install/communication/include/communication/communication/msg/detail/motion_commands__type_support.h
[3.664s] -- Symlinking: /root/ros2_ws/install/communication/include/communication/communication/msg/detail/touch_sensor__functions.h
[3.672s] -- Symlinking: /root/ros2_ws/install/communication/include/communication/communication/msg/detail/touch_sensor__struct.h
[3.681s] -- Symlinking: /root/ros2_ws/install/communication/include/communication/communication/msg/detail/touch_sensor__type_support.h
[3.689s] -- Symlinking: /root/ros2_ws/install/communication/include/communication/communication/msg/motion_commands.h
[3.696s] -- Symlinking: /root/ros2_ws/install/communication/include/communication/communication/msg/rosidl_generator_c__visibility_control.h
[3.703s] -- Symlinking: /root/ros2_ws/install/communication/include/communication/communication/msg/touch_sensor.h
[3.714s] -- Symlinking: /root/ros2_ws/install/communication/include/communication/communication/srv/detail/gait_switch__functions.h
[3.724s] -- Symlinking: /root/ros2_ws/install/communication/include/communication/communication/srv/detail/gait_switch__struct.h
[3.731s] -- Symlinking: /root/ros2_ws/install/communication/include/communication/communication/srv/detail/gait_switch__type_support.h
[3.739s] -- Symlinking: /root/ros2_ws/install/communication/include/communication/communication/srv/detail/simulation_reset__functions.h
[3.748s] -- Symlinking: /root/ros2_ws/install/communication/include/communication/communication/srv/detail/simulation_reset__struct.h
[3.756s] -- Symlinking: /root/ros2_ws/install/communication/include/communication/communication/srv/detail/simulation_reset__type_support.h
[3.762s] -- Symlinking: /root/ros2_ws/install/communication/include/communication/communication/srv/gait_switch.h
[3.769s] -- Symlinking: /root/ros2_ws/install/communication/include/communication/communication/srv/simulation_reset.h
[3.775s] -- Symlinking: /root/ros2_ws/install/communication/share/communication/environment/library_path.sh
[3.786s] -- Symlinking: /root/ros2_ws/install/communication/share/communication/environment/library_path.dsv
[3.798s] -- Symlinking: /root/ros2_ws/install/communication/include/communication/communication/msg/detail/actuator_cmds__rosidl_typesupport_fastrtps_c.h
[3.807s] -- Symlinking: /root/ros2_ws/install/communication/include/communication/communication/msg/detail/motion_commands__rosidl_typesupport_fastrtps_c.h
[3.815s] -- Symlinking: /root/ros2_ws/install/communication/include/communication/communication/msg/detail/touch_sensor__rosidl_typesupport_fastrtps_c.h
[3.821s] -- Symlinking: /root/ros2_ws/install/communication/include/communication/communication/msg/rosidl_typesupport_fastrtps_c__visibility_control.h
[3.828s] -- Symlinking: /root/ros2_ws/install/communication/include/communication/communication/srv/detail/gait_switch__rosidl_typesupport_fastrtps_c.h
[3.834s] -- Symlinking: /root/ros2_ws/install/communication/include/communication/communication/srv/detail/simulation_reset__rosidl_typesupport_fastrtps_c.h
[3.841s] -- Symlinking: /root/ros2_ws/install/communication/include/communication/communication/msg/actuator_cmds.hpp
[3.850s] -- Symlinking: /root/ros2_ws/install/communication/include/communication/communication/msg/detail/actuator_cmds__builder.hpp
[3.856s] -- Symlinking: /root/ros2_ws/install/communication/include/communication/communication/msg/detail/actuator_cmds__struct.hpp
[3.863s] -- Symlinking: /root/ros2_ws/install/communication/include/communication/communication/msg/detail/actuator_cmds__traits.hpp
[3.869s] -- Symlinking: /root/ros2_ws/install/communication/include/communication/communication/msg/detail/actuator_cmds__type_support.hpp
[3.874s] -- Symlinking: /root/ros2_ws/install/communication/include/communication/communication/msg/detail/motion_commands__builder.hpp
[3.882s] -- Symlinking: /root/ros2_ws/install/communication/include/communication/communication/msg/detail/motion_commands__struct.hpp
[3.890s] -- Symlinking: /root/ros2_ws/install/communication/include/communication/communication/msg/detail/motion_commands__traits.hpp
[3.895s] -- Symlinking: /root/ros2_ws/install/communication/include/communication/communication/msg/detail/motion_commands__type_support.hpp
[3.905s] -- Symlinking: /root/ros2_ws/install/communication/include/communication/communication/msg/detail/touch_sensor__builder.hpp
[3.921s] -- Symlinking: /root/ros2_ws/install/communication/include/communication/communication/msg/detail/touch_sensor__struct.hpp
[3.928s] -- Symlinking: /root/ros2_ws/install/communication/include/communication/communication/msg/detail/touch_sensor__traits.hpp
[3.935s] -- Symlinking: /root/ros2_ws/install/communication/include/communication/communication/msg/detail/touch_sensor__type_support.hpp
[3.941s] -- Symlinking: /root/ros2_ws/install/communication/include/communication/communication/msg/motion_commands.hpp
[3.948s] -- Symlinking: /root/ros2_ws/install/communication/include/communication/communication/msg/rosidl_generator_cpp__visibility_control.hpp
[3.955s] -- Symlinking: /root/ros2_ws/install/communication/include/communication/communication/msg/touch_sensor.hpp
[3.963s] -- Symlinking: /root/ros2_ws/install/communication/include/communication/communication/srv/detail/gait_switch__builder.hpp
[3.971s] -- Symlinking: /root/ros2_ws/install/communication/include/communication/communication/srv/detail/gait_switch__struct.hpp
[3.979s] -- Symlinking: /root/ros2_ws/install/communication/include/communication/communication/srv/detail/gait_switch__traits.hpp
[3.994s] -- Symlinking: /root/ros2_ws/install/communication/include/communication/communication/srv/detail/gait_switch__type_support.hpp
[4.007s] -- Symlinking: /root/ros2_ws/install/communication/include/communication/communication/srv/detail/simulation_reset__builder.hpp
[4.016s] -- Symlinking: /root/ros2_ws/install/communication/include/communication/communication/srv/detail/simulation_reset__struct.hpp
[4.023s] -- Symlinking: /root/ros2_ws/install/communication/include/communication/communication/srv/detail/simulation_reset__traits.hpp
[4.031s] -- Symlinking: /root/ros2_ws/install/communication/include/communication/communication/srv/detail/simulation_reset__type_support.hpp
[4.037s] -- Symlinking: /root/ros2_ws/install/communication/include/communication/communication/srv/gait_switch.hpp
[4.044s] -- Symlinking: /root/ros2_ws/install/communication/include/communication/communication/srv/simulation_reset.hpp
[4.050s] -- Symlinking: /root/ros2_ws/install/communication/include/communication/communication/msg/detail/actuator_cmds__rosidl_typesupport_fastrtps_cpp.hpp
[4.056s] -- Symlinking: /root/ros2_ws/install/communication/include/communication/communication/msg/detail/motion_commands__rosidl_typesupport_fastrtps_cpp.hpp
[4.063s] -- Symlinking: /root/ros2_ws/install/communication/include/communication/communication/msg/detail/touch_sensor__rosidl_typesupport_fastrtps_cpp.hpp
[4.069s] -- Symlinking: /root/ros2_ws/install/communication/include/communication/communication/msg/rosidl_typesupport_fastrtps_cpp__visibility_control.h
[4.075s] -- Symlinking: /root/ros2_ws/install/communication/include/communication/communication/srv/detail/gait_switch__rosidl_typesupport_fastrtps_cpp.hpp
[4.081s] -- Symlinking: /root/ros2_ws/install/communication/include/communication/communication/srv/detail/simulation_reset__rosidl_typesupport_fastrtps_cpp.hpp
[4.088s] -- Symlinking: /root/ros2_ws/install/communication/include/communication/communication/msg/detail/actuator_cmds__rosidl_typesupport_introspection_c.h
[4.104s] -- Symlinking: /root/ros2_ws/install/communication/include/communication/communication/msg/detail/motion_commands__rosidl_typesupport_introspection_c.h
[4.117s] -- Symlinking: /root/ros2_ws/install/communication/include/communication/communication/msg/detail/touch_sensor__rosidl_typesupport_introspection_c.h
[4.132s] -- Symlinking: /root/ros2_ws/install/communication/include/communication/communication/msg/rosidl_typesupport_introspection_c__visibility_control.h
[4.141s] -- Symlinking: /root/ros2_ws/install/communication/include/communication/communication/srv/detail/gait_switch__rosidl_typesupport_introspection_c.h
[4.151s] -- Symlinking: /root/ros2_ws/install/communication/include/communication/communication/srv/detail/simulation_reset__rosidl_typesupport_introspection_c.h
[4.165s] -- Symlinking: /root/ros2_ws/install/communication/include/communication/communication/msg/detail/actuator_cmds__rosidl_typesupport_introspection_cpp.hpp
[4.172s] -- Symlinking: /root/ros2_ws/install/communication/include/communication/communication/msg/detail/motion_commands__rosidl_typesupport_introspection_cpp.hpp
[4.179s] -- Symlinking: /root/ros2_ws/install/communication/include/communication/communication/msg/detail/touch_sensor__rosidl_typesupport_introspection_cpp.hpp
[4.188s] -- Symlinking: /root/ros2_ws/install/communication/include/communication/communication/srv/detail/gait_switch__rosidl_typesupport_introspection_cpp.hpp
[4.199s] -- Symlinking: /root/ros2_ws/install/communication/include/communication/communication/srv/detail/simulation_reset__rosidl_typesupport_introspection_cpp.hpp
[4.209s] -- Symlinking: /root/ros2_ws/install/communication/share/communication/environment/pythonpath.sh
[4.218s] -- Symlinking: /root/ros2_ws/install/communication/share/communication/environment/pythonpath.dsv
[4.227s] -- Symlinking: /root/ros2_ws/install/communication/local/lib/python3.10/dist-packages/communication-0.0.0-py3.10.egg-info/PKG-INFO
[4.235s] -- Symlinking: /root/ros2_ws/install/communication/local/lib/python3.10/dist-packages/communication-0.0.0-py3.10.egg-info/SOURCES.txt
[4.242s] -- Symlinking: /root/ros2_ws/install/communication/local/lib/python3.10/dist-packages/communication-0.0.0-py3.10.egg-info/dependency_links.txt
[4.250s] -- Symlinking: /root/ros2_ws/install/communication/local/lib/python3.10/dist-packages/communication-0.0.0-py3.10.egg-info/top_level.txt
[4.263s] -- Symlinking: /root/ros2_ws/install/communication/local/lib/python3.10/dist-packages/communication/__init__.py
[4.272s] -- Symlinking: /root/ros2_ws/install/communication/local/lib/python3.10/dist-packages/communication/_communication_s.ep.rosidl_typesupport_c.c
[4.279s] -- Symlinking: /root/ros2_ws/install/communication/local/lib/python3.10/dist-packages/communication/_communication_s.ep.rosidl_typesupport_fastrtps_c.c
[4.286s] -- Symlinking: /root/ros2_ws/install/communication/local/lib/python3.10/dist-packages/communication/_communication_s.ep.rosidl_typesupport_introspection_c.c
[4.293s] -- Symlinking: /root/ros2_ws/install/communication/local/lib/python3.10/dist-packages/communication/communication_s__rosidl_typesupport_c.cpython-310-x86_64-linux-gnu.so
[4.300s] -- Symlinking: /root/ros2_ws/install/communication/local/lib/python3.10/dist-packages/communication/communication_s__rosidl_typesupport_fastrtps_c.cpython-310-x86_64-linux-gnu.so
[4.311s] -- Symlinking: /root/ros2_ws/install/communication/local/lib/python3.10/dist-packages/communication/communication_s__rosidl_typesupport_introspection_c.cpython-310-x86_64-linux-gnu.so
[4.320s] -- Symlinking: /root/ros2_ws/install/communication/local/lib/python3.10/dist-packages/communication/libcommunication__rosidl_generator_py.so
[4.328s] -- Symlinking: /root/ros2_ws/install/communication/local/lib/python3.10/dist-packages/communication/msg/__init__.py
[4.337s] -- Symlinking: /root/ros2_ws/install/communication/local/lib/python3.10/dist-packages/communication/msg/_actuator_cmds.py
[4.346s] -- Symlinking: /root/ros2_ws/install/communication/local/lib/python3.10/dist-packages/communication/msg/_actuator_cmds_s.c
[4.353s] -- Symlinking: /root/ros2_ws/install/communication/local/lib/python3.10/dist-packages/communication/msg/_motion_commands.py
[4.360s] -- Symlinking: /root/ros2_ws/install/communication/local/lib/python3.10/dist-packages/communication/msg/_motion_commands_s.c
[4.368s] -- Symlinking: /root/ros2_ws/install/communication/local/lib/python3.10/dist-packages/communication/msg/_touch_sensor.py
[4.375s] -- Symlinking: /root/ros2_ws/install/communication/local/lib/python3.10/dist-packages/communication/msg/_touch_sensor_s.c
[4.382s] -- Symlinking: /root/ros2_ws/install/communication/local/lib/python3.10/dist-packages/communication/srv/__init__.py
[4.391s] -- Symlinking: /root/ros2_ws/install/communication/local/lib/python3.10/dist-packages/communication/srv/_gait_switch.py
[4.402s] -- Symlinking: /root/ros2_ws/install/communication/local/lib/python3.10/dist-packages/communication/srv/_gait_switch_s.c
[4.408s] -- Symlinking: /root/ros2_ws/install/communication/local/lib/python3.10/dist-packages/communication/srv/_simulation_reset.py
[4.413s] -- Symlinking: /root/ros2_ws/install/communication/local/lib/python3.10/dist-packages/communication/srv/_simulation_reset_s.c
[4.421s] -- Up-to-date symlink: /root/ros2_ws/install/communication/local/lib/python3.10/dist-packages/communication/communication_s__rosidl_typesupport_fastrtps_c.cpython-310-x86_64-linux-gnu.so
[4.421s] -- Up-to-date symlink: /root/ros2_ws/install/communication/local/lib/python3.10/dist-packages/communication/communication_s__rosidl_typesupport_introspection_c.cpython-310-x86_64-linux-gnu.so
[4.421s] -- Up-to-date symlink: /root/ros2_ws/install/communication/local/lib/python3.10/dist-packages/communication/communication_s__rosidl_typesupport_c.cpython-310-x86_64-linux-gnu.so
[4.421s] -- Symlinking: /root/ros2_ws/install/communication/share/communication/msg/ActuatorCmds.idl
[4.433s] -- Symlinking: /root/ros2_ws/install/communication/share/communication/msg/MotionCommands.idl
[4.449s] -- Symlinking: /root/ros2_ws/install/communication/share/communication/msg/TouchSensor.idl
[4.458s] -- Symlinking: /root/ros2_ws/install/communication/share/communication/srv/SimulationReset.idl
[4.464s] -- Symlinking: /root/ros2_ws/install/communication/share/communication/srv/GaitSwitch.idl
[4.473s] -- Symlinking: /root/ros2_ws/install/communication/share/communication/msg/ActuatorCmds.msg
[4.479s] -- Symlinking: /root/ros2_ws/install/communication/share/communication/msg/MotionCommands.msg
[4.486s] -- Symlinking: /root/ros2_ws/install/communication/share/communication/msg/TouchSensor.msg
[4.492s] -- Symlinking: /root/ros2_ws/install/communication/share/communication/srv/SimulationReset.srv
[4.498s] -- Symlinking: /root/ros2_ws/install/communication/share/communication/srv/SimulationReset_Request.msg
[4.505s] -- Symlinking: /root/ros2_ws/install/communication/share/communication/srv/SimulationReset_Response.msg
[4.510s] -- Symlinking: /root/ros2_ws/install/communication/share/communication/srv/GaitSwitch.srv
[4.516s] -- Symlinking: /root/ros2_ws/install/communication/share/communication/srv/GaitSwitch_Request.msg
[4.523s] -- Symlinking: /root/ros2_ws/install/communication/share/communication/srv/GaitSwitch_Response.msg
[4.529s] -- Symlinking: /root/ros2_ws/install/communication/share/ament_index/resource_index/package_run_dependencies/communication
[4.535s] -- Symlinking: /root/ros2_ws/install/communication/share/ament_index/resource_index/parent_prefix_path/communication
[4.541s] -- Symlinking: /root/ros2_ws/install/communication/share/communication/environment/ament_prefix_path.sh
[4.547s] -- Symlinking: /root/ros2_ws/install/communication/share/communication/environment/ament_prefix_path.dsv
[4.554s] -- Symlinking: /root/ros2_ws/install/communication/share/communication/environment/path.sh
[4.560s] -- Symlinking: /root/ros2_ws/install/communication/share/communication/environment/path.dsv
[4.566s] -- Symlinking: /root/ros2_ws/install/communication/share/communication/local_setup.bash
[4.573s] -- Symlinking: /root/ros2_ws/install/communication/share/communication/local_setup.sh
[4.579s] -- Symlinking: /root/ros2_ws/install/communication/share/communication/local_setup.zsh
[4.584s] -- Symlinking: /root/ros2_ws/install/communication/share/communication/local_setup.dsv
[4.591s] -- Symlinking: /root/ros2_ws/install/communication/share/communication/package.dsv
[4.604s] -- Symlinking: /root/ros2_ws/install/communication/share/ament_index/resource_index/packages/communication
[4.615s] -- Symlinking: /root/ros2_ws/install/communication/share/communication/cmake/rosidl_cmake-extras.cmake
[4.623s] -- Symlinking: /root/ros2_ws/install/communication/share/communication/cmake/ament_cmake_export_dependencies-extras.cmake
[4.629s] -- Symlinking: /root/ros2_ws/install/communication/share/communication/cmake/ament_cmake_export_include_directories-extras.cmake
[4.634s] -- Symlinking: /root/ros2_ws/install/communication/share/communication/cmake/ament_cmake_export_libraries-extras.cmake
[4.641s] -- Symlinking: /root/ros2_ws/install/communication/share/communication/cmake/ament_cmake_export_targets-extras.cmake
[4.648s] -- Symlinking: /root/ros2_ws/install/communication/share/communication/cmake/rosidl_cmake_export_typesupport_targets-extras.cmake
[4.657s] -- Symlinking: /root/ros2_ws/install/communication/share/communication/cmake/rosidl_cmake_export_typesupport_libraries-extras.cmake
[4.664s] -- Symlinking: /root/ros2_ws/install/communication/share/communication/cmake/communicationConfig.cmake
[4.670s] -- Symlinking: /root/ros2_ws/install/communication/share/communication/cmake/communicationConfig-version.cmake
[4.675s] -- Symlinking: /root/ros2_ws/install/communication/share/communication/package.xml
[4.684s] -- Installing: /root/ros2_ws/install/communication/lib/libcommunication__rosidl_generator_c.so
[4.684s] -- Set runtime path of "/root/ros2_ws/install/communication/lib/libcommunication__rosidl_generator_c.so" to ""
[4.684s] -- Installing: /root/ros2_ws/install/communication/lib/libcommunication__rosidl_typesupport_fastrtps_c.so
[4.684s] -- Set runtime path of "/root/ros2_ws/install/communication/lib/libcommunication__rosidl_typesupport_fastrtps_c.so" to ""
[4.684s] -- Installing: /root/ros2_ws/install/communication/lib/libcommunication__rosidl_typesupport_fastrtps_cpp.so
[4.684s] -- Set runtime path of "/root/ros2_ws/install/communication/lib/libcommunication__rosidl_typesupport_fastrtps_cpp.so" to ""
[4.685s] -- Installing: /root/ros2_ws/install/communication/lib/libcommunication__rosidl_typesupport_introspection_c.so
[4.685s] -- Set runtime path of "/root/ros2_ws/install/communication/lib/libcommunication__rosidl_typesupport_introspection_c.so" to ""
[4.685s] -- Installing: /root/ros2_ws/install/communication/lib/libcommunication__rosidl_typesupport_c.so
[4.685s] -- Set runtime path of "/root/ros2_ws/install/communication/lib/libcommunication__rosidl_typesupport_c.so" to ""
[4.685s] -- Installing: /root/ros2_ws/install/communication/lib/libcommunication__rosidl_typesupport_introspection_cpp.so
[4.685s] -- Set runtime path of "/root/ros2_ws/install/communication/lib/libcommunication__rosidl_typesupport_introspection_cpp.so" to ""
[4.685s] -- Installing: /root/ros2_ws/install/communication/lib/libcommunication__rosidl_typesupport_cpp.so
[4.686s] -- Set runtime path of "/root/ros2_ws/install/communication/lib/libcommunication__rosidl_typesupport_cpp.so" to ""
[4.726s] Listing '/root/ros2_ws/install/communication/local/lib/python3.10/dist-packages/communication'...
[4.726s] Compiling '/root/ros2_ws/install/communication/local/lib/python3.10/dist-packages/communication/__init__.py'...
[4.726s] Listing '/root/ros2_ws/install/communication/local/lib/python3.10/dist-packages/communication/msg'...
[4.726s] Compiling '/root/ros2_ws/install/communication/local/lib/python3.10/dist-packages/communication/msg/__init__.py'...
[4.726s] Compiling '/root/ros2_ws/install/communication/local/lib/python3.10/dist-packages/communication/msg/_actuator_cmds.py'...
[4.726s] Compiling '/root/ros2_ws/install/communication/local/lib/python3.10/dist-packages/communication/msg/_motion_commands.py'...
[4.726s] Compiling '/root/ros2_ws/install/communication/local/lib/python3.10/dist-packages/communication/msg/_touch_sensor.py'...
[4.726s] Listing '/root/ros2_ws/install/communication/local/lib/python3.10/dist-packages/communication/srv'...
[4.726s] Compiling '/root/ros2_ws/install/communication/local/lib/python3.10/dist-packages/communication/srv/__init__.py'...
[4.726s] Compiling '/root/ros2_ws/install/communication/local/lib/python3.10/dist-packages/communication/srv/_gait_switch.py'...
[4.726s] Compiling '/root/ros2_ws/install/communication/local/lib/python3.10/dist-packages/communication/srv/_simulation_reset.py'...
[4.728s] -- Installing: /root/ros2_ws/install/communication/lib/libcommunication__rosidl_generator_py.so
[4.729s] -- Set runtime path of "/root/ros2_ws/install/communication/lib/libcommunication__rosidl_generator_py.so" to ""
[4.729s] -- Installing: /root/ros2_ws/install/communication/share/communication/cmake/export_communication__rosidl_generator_cExport.cmake
[4.729s] -- Installing: /root/ros2_ws/install/communication/share/communication/cmake/export_communication__rosidl_generator_cExport-noconfig.cmake
[4.729s] -- Installing: /root/ros2_ws/install/communication/share/communication/cmake/export_communication__rosidl_typesupport_fastrtps_cExport.cmake
[4.729s] -- Installing: /root/ros2_ws/install/communication/share/communication/cmake/export_communication__rosidl_typesupport_fastrtps_cExport-noconfig.cmake
[4.729s] -- Installing: /root/ros2_ws/install/communication/share/communication/cmake/export_communication__rosidl_generator_cppExport.cmake
[4.729s] -- Installing: /root/ros2_ws/install/communication/share/communication/cmake/export_communication__rosidl_typesupport_fastrtps_cppExport.cmake
[4.729s] -- Installing: /root/ros2_ws/install/communication/share/communication/cmake/export_communication__rosidl_typesupport_fastrtps_cppExport-noconfig.cmake
[4.729s] -- Installing: /root/ros2_ws/install/communication/share/communication/cmake/communication__rosidl_typesupport_introspection_cExport.cmake
[4.730s] -- Installing: /root/ros2_ws/install/communication/share/communication/cmake/communication__rosidl_typesupport_introspection_cExport-noconfig.cmake
[4.730s] -- Installing: /root/ros2_ws/install/communication/share/communication/cmake/communication__rosidl_typesupport_cExport.cmake
[4.730s] -- Installing: /root/ros2_ws/install/communication/share/communication/cmake/communication__rosidl_typesupport_cExport-noconfig.cmake
[4.730s] -- Installing: /root/ros2_ws/install/communication/share/communication/cmake/communication__rosidl_typesupport_introspection_cppExport.cmake
[4.730s] -- Installing: /root/ros2_ws/install/communication/share/communication/cmake/communication__rosidl_typesupport_introspection_cppExport-noconfig.cmake
[4.730s] -- Installing: /root/ros2_ws/install/communication/share/communication/cmake/communication__rosidl_typesupport_cppExport.cmake
[4.730s] -- Installing: /root/ros2_ws/install/communication/share/communication/cmake/communication__rosidl_typesupport_cppExport-noconfig.cmake
[4.730s] -- Installing: /root/ros2_ws/install/communication/share/communication/cmake/export_communication__rosidl_generator_pyExport.cmake
[4.730s] -- Installing: /root/ros2_ws/install/communication/share/communication/cmake/export_communication__rosidl_generator_pyExport-noconfig.cmake
[4.732s] Invoked command in '/root/ros2_ws/build/communication' returned '0': CMAKE_PREFIX_PATH=/opt/ros/humble /usr/bin/cmake --install /root/ros2_ws/build/communication
